Archive member included to satisfy reference by file (symbol)

C:/ST/STM32CubeIDE_1.19.0/STM32CubeIDE/plugins/com.st.stm32cube.ide.mcu.externaltools.gnu-tools-for-stm32.13.3.rel1.win32_1.0.0.202411081344/tools/bin/../lib/gcc/arm-none-eabi/13.3.1/../../../../arm-none-eabi/lib/thumb/v7e-m+fp/hard\libc_nano.a(libc_a-exit.o)
                              C:/ST/STM32CubeIDE_1.19.0/STM32CubeIDE/plugins/com.st.stm32cube.ide.mcu.externaltools.gnu-tools-for-stm32.13.3.rel1.win32_1.0.0.202411081344/tools/bin/../lib/gcc/arm-none-eabi/13.3.1/../../../../arm-none-eabi/lib/thumb/v7e-m+fp/hard/crt0.o (exit)
C:/ST/STM32CubeIDE_1.19.0/STM32CubeIDE/plugins/com.st.stm32cube.ide.mcu.externaltools.gnu-tools-for-stm32.13.3.rel1.win32_1.0.0.202411081344/tools/bin/../lib/gcc/arm-none-eabi/13.3.1/../../../../arm-none-eabi/lib/thumb/v7e-m+fp/hard\libc_nano.a(libc_a-findfp.o)
                              C:/ST/STM32CubeIDE_1.19.0/STM32CubeIDE/plugins/com.st.stm32cube.ide.mcu.externaltools.gnu-tools-for-stm32.13.3.rel1.win32_1.0.0.202411081344/tools/bin/../lib/gcc/arm-none-eabi/13.3.1/../../../../arm-none-eabi/lib/thumb/v7e-m+fp/hard\libc_nano.a(libc_a-exit.o) (__stdio_exit_handler)
C:/ST/STM32CubeIDE_1.19.0/STM32CubeIDE/plugins/com.st.stm32cube.ide.mcu.externaltools.gnu-tools-for-stm32.13.3.rel1.win32_1.0.0.202411081344/tools/bin/../lib/gcc/arm-none-eabi/13.3.1/../../../../arm-none-eabi/lib/thumb/v7e-m+fp/hard\libc_nano.a(libc_a-fwalk.o)
                              C:/ST/STM32CubeIDE_1.19.0/STM32CubeIDE/plugins/com.st.stm32cube.ide.mcu.externaltools.gnu-tools-for-stm32.13.3.rel1.win32_1.0.0.202411081344/tools/bin/../lib/gcc/arm-none-eabi/13.3.1/../../../../arm-none-eabi/lib/thumb/v7e-m+fp/hard\libc_nano.a(libc_a-findfp.o) (_fwalk_sglue)
C:/ST/STM32CubeIDE_1.19.0/STM32CubeIDE/plugins/com.st.stm32cube.ide.mcu.externaltools.gnu-tools-for-stm32.13.3.rel1.win32_1.0.0.202411081344/tools/bin/../lib/gcc/arm-none-eabi/13.3.1/../../../../arm-none-eabi/lib/thumb/v7e-m+fp/hard\libc_nano.a(libc_a-stdio.o)
                              C:/ST/STM32CubeIDE_1.19.0/STM32CubeIDE/plugins/com.st.stm32cube.ide.mcu.externaltools.gnu-tools-for-stm32.13.3.rel1.win32_1.0.0.202411081344/tools/bin/../lib/gcc/arm-none-eabi/13.3.1/../../../../arm-none-eabi/lib/thumb/v7e-m+fp/hard\libc_nano.a(libc_a-findfp.o) (__sread)
C:/ST/STM32CubeIDE_1.19.0/STM32CubeIDE/plugins/com.st.stm32cube.ide.mcu.externaltools.gnu-tools-for-stm32.13.3.rel1.win32_1.0.0.202411081344/tools/bin/../lib/gcc/arm-none-eabi/13.3.1/../../../../arm-none-eabi/lib/thumb/v7e-m+fp/hard\libc_nano.a(libc_a-memset.o)
                              C:/ST/STM32CubeIDE_1.19.0/STM32CubeIDE/plugins/com.st.stm32cube.ide.mcu.externaltools.gnu-tools-for-stm32.13.3.rel1.win32_1.0.0.202411081344/tools/bin/../lib/gcc/arm-none-eabi/13.3.1/../../../../arm-none-eabi/lib/thumb/v7e-m+fp/hard/crt0.o (memset)
C:/ST/STM32CubeIDE_1.19.0/STM32CubeIDE/plugins/com.st.stm32cube.ide.mcu.externaltools.gnu-tools-for-stm32.13.3.rel1.win32_1.0.0.202411081344/tools/bin/../lib/gcc/arm-none-eabi/13.3.1/../../../../arm-none-eabi/lib/thumb/v7e-m+fp/hard\libc_nano.a(libc_a-closer.o)
                              C:/ST/STM32CubeIDE_1.19.0/STM32CubeIDE/plugins/com.st.stm32cube.ide.mcu.externaltools.gnu-tools-for-stm32.13.3.rel1.win32_1.0.0.202411081344/tools/bin/../lib/gcc/arm-none-eabi/13.3.1/../../../../arm-none-eabi/lib/thumb/v7e-m+fp/hard\libc_nano.a(libc_a-stdio.o) (_close_r)
C:/ST/STM32CubeIDE_1.19.0/STM32CubeIDE/plugins/com.st.stm32cube.ide.mcu.externaltools.gnu-tools-for-stm32.13.3.rel1.win32_1.0.0.202411081344/tools/bin/../lib/gcc/arm-none-eabi/13.3.1/../../../../arm-none-eabi/lib/thumb/v7e-m+fp/hard\libc_nano.a(libc_a-reent.o)
                              C:/ST/STM32CubeIDE_1.19.0/STM32CubeIDE/plugins/com.st.stm32cube.ide.mcu.externaltools.gnu-tools-for-stm32.13.3.rel1.win32_1.0.0.202411081344/tools/bin/../lib/gcc/arm-none-eabi/13.3.1/../../../../arm-none-eabi/lib/thumb/v7e-m+fp/hard\libc_nano.a(libc_a-closer.o) (errno)
C:/ST/STM32CubeIDE_1.19.0/STM32CubeIDE/plugins/com.st.stm32cube.ide.mcu.externaltools.gnu-tools-for-stm32.13.3.rel1.win32_1.0.0.202411081344/tools/bin/../lib/gcc/arm-none-eabi/13.3.1/../../../../arm-none-eabi/lib/thumb/v7e-m+fp/hard\libc_nano.a(libc_a-impure.o)
                              C:/ST/STM32CubeIDE_1.19.0/STM32CubeIDE/plugins/com.st.stm32cube.ide.mcu.externaltools.gnu-tools-for-stm32.13.3.rel1.win32_1.0.0.202411081344/tools/bin/../lib/gcc/arm-none-eabi/13.3.1/../../../../arm-none-eabi/lib/thumb/v7e-m+fp/hard\libc_nano.a(libc_a-reent.o) (_impure_ptr)
C:/ST/STM32CubeIDE_1.19.0/STM32CubeIDE/plugins/com.st.stm32cube.ide.mcu.externaltools.gnu-tools-for-stm32.13.3.rel1.win32_1.0.0.202411081344/tools/bin/../lib/gcc/arm-none-eabi/13.3.1/../../../../arm-none-eabi/lib/thumb/v7e-m+fp/hard\libc_nano.a(libc_a-lseekr.o)
[...]
Memory Configuration

Name             Origin             Length             Attributes
RAM              0x20000000         0x00020000         xrw
FLASH            0x08000000         0x00080000         xr
*default*        0x00000000         0xffffffff

Linker script and memory map

LOAD C:/ST/STM32CubeIDE_1.19.0/STM32CubeIDE/plugins/com.st.stm32cube.ide.mcu.externaltools.gnu-tools-for-stm32.13.3.rel1.win32_1.0.0.202411081344/tools/bin/../lib/gcc/arm-none-eabi/13.3.1/thumb/v7e-m+fp/hard/crti.o
LOAD C:/ST/STM32CubeIDE_1.19.0/STM32CubeIDE/plugins/com.st.stm32cube.ide.mcu.externaltools.gnu-tools-for-stm32.13.3.rel1.win32_1.0.0.202411081344/tools/bin/../lib/gcc/arm-none-eabi/13.3.1/thumb/v7e-m+fp/hard/crtbegin.o
LOAD C:/ST/STM32CubeIDE_1.19.0/STM32CubeIDE/plugins/com.st.stm32cube.ide.mcu.externaltools.gnu-tools-for-stm32.13.3.rel1.win32_1.0.0.202411081344/tools/bin/../lib/gcc/arm-none-eabi/13.3.1/../../../../arm-none-eabi/lib/thumb/v7e-m+fp/hard/crt0.o
LOAD ./Core/CustomDriverSet/SrcDriver/EMA_FILTER.o
LOAD ./Core/CustomDriverSet/SrcDriver/SMA_FILTER.o
LOAD ./Core/CustomDriverSet/SrcDriver/TwoDimSoundLoc.o
LOAD ./Core/Src/main.o
LOAD ./Core/Src/stm32g4xx_hal_msp.o
LOAD ./Core/Src/stm32g4xx_it.o
LOAD ./Core/Src/syscalls.o
LOAD ./Core/Src/sysmem.o
LOAD ./Core/Src/system_stm32g4xx.o
LOAD ./Core/Startup/startup_stm32g474retx.o
LOAD ./Drivers/BSP/STM32G4xx_Nucleo/stm32g4xx_nucleo.o
LOAD ./Drivers/STM32G4xx_HAL_Driver/Src/stm32g4xx_hal.o
LOAD ./Drivers/STM32G4xx_HAL_Driver/Src/stm32g4xx_hal_cortex.o
LOAD ./Drivers/STM32G4xx_HAL_Driver/Src/stm32g4xx_hal_dma.o
LOAD ./Drivers/STM32G4xx_HAL_Driver/Src/stm32g4xx_hal_dma_ex.o
LOAD ./Drivers/STM32G4xx_HAL_Driver/Src/stm32g4xx_hal_exti.o
LOAD ./Drivers/STM32G4xx_HAL_Driver/Src/stm32g4xx_hal_flash.o
LOAD ./Drivers/STM32G4xx_HAL_Driver/Src/stm32g4xx_hal_flash_ex.o
LOAD ./Drivers/STM32G4xx_HAL_Driver/Src/stm32g4xx_hal_flash_ramfunc.o
LOAD ./Drivers/STM32G4xx_HAL_Driver/Src/stm32g4xx_hal_gpio.o
LOAD ./Drivers/STM32G4xx_HAL_Driver/Src/stm32g4xx_hal_pwr.o
LOAD ./Drivers/STM32G4xx_HAL_Driver/Src/stm32g4xx_hal_pwr_ex.o
LOAD ./Drivers/STM32G4xx_HAL_Driver/Src/stm32g4xx_hal_rcc.o
LOAD ./Drivers/STM32G4xx_HAL_Driver/Src/stm32g4xx_hal_rcc_ex.o
LOAD ./Drivers/STM32G4xx_HAL_Driver/Src/stm32g4xx_hal_uart.o
LOAD ./Drivers/STM32G4xx_HAL_Driver/Src/stm32g4xx_hal_uart_ex.o
LOAD ./Drivers/STM32G4xx_HAL_Driver/Src/stm32g4xx_hal_usart.o
LOAD ./Drivers/STM32G4xx_HAL_Driver/Src/stm32g4xx_hal_usart_ex.o
LOAD ./Drivers/STM32G4xx_HAL_Driver/Src/stm32g4xx_ll_adc.o
LOAD ./Drivers/STM32G4xx_HAL_Driver/Src/stm32g4xx_ll_dma.o
LOAD ./Drivers/STM32G4xx_HAL_Driver/Src/stm32g4xx_ll_exti.o
LOAD ./Drivers/STM32G4xx_HAL_Driver/Src/stm32g4xx_ll_gpio.o
LOAD ./Drivers/STM32G4xx_HAL_Driver/Src/stm32g4xx_ll_pwr.o
LOAD ./Drivers/STM32G4xx_HAL_Driver/Src/stm32g4xx_ll_rcc.o
LOAD ./Drivers/STM32G4xx_HAL_Driver/Src/stm32g4xx_ll_tim.o
LOAD ./Drivers/STM32G4xx_HAL_Driver/Src/stm32g4xx_ll_usart.o
LOAD ./Drivers/STM32G4xx_HAL_Driver/Src/stm32g4xx_ll_utils.o
START GROUP
LOAD C:/ST/STM32CubeIDE_1.19.0/STM32CubeIDE/plugins/com.st.stm32cube.ide.mcu.externaltools.gnu-tools-for-stm32.13.3.rel1.win32_1.0.0.202411081344/tools/bin/../lib/gcc/arm-none-eabi/13.3.1/../../../../arm-none-eabi/lib/thumb/v7e-m+fp/hard\libc_nano.a
LOAD C:/ST/STM32CubeIDE_1.19.0/STM32CubeIDE/plugins/com.st.stm32cube.ide.mcu.externaltools.gnu-tools-for-stm32.13.3.rel1.win32_1.0.0.202411081344/tools/bin/../lib/gcc/arm-none-eabi/13.3.1/../../../../arm-none-eabi/lib/thumb/v7e-m+fp/hard\libm.a
END GROUP
START GROUP
LOAD C:/ST/STM32CubeIDE_1.19.0/STM32CubeIDE/plugins/com.st.stm32cube.ide.mcu.externaltools.gnu-tools-for-stm32.13.3.rel1.win32_1.0.0.202411081344/tools/bin/../lib/gcc/arm-none-eabi/13.3.1/thumb/v7e-m+fp/hard\libgcc.a
LOAD C:/ST/STM32CubeIDE_1.19.0/STM32CubeIDE/plugins/com.st.stm32cube.ide.mcu.externaltools.gnu-tools-for-stm32.13.3.rel1.win32_1.0.0.202411081344/tools/bin/../lib/gcc/arm-none-eabi/13.3.1/../../../../arm-none-eabi/lib/thumb/v7e-m+fp/hard\libc_nano.a
END GROUP
START GROUP
LOAD C:/ST/STM32CubeIDE_1.19.0/STM32CubeIDE/plugins/com.st.stm32cube.ide.mcu.externaltools.gnu-tools-for-stm32.13.3.rel1.win32_1.0.0.202411081344/tools/bin/../lib/gcc/arm-none-eabi/13.3.1/thumb/v7e-m+fp/hard\libgcc.a
LOAD C:/ST/STM32CubeIDE_1.19.0/STM32CubeIDE/plugins/com.st.stm32cube.ide.mcu.externaltools.gnu-tools-for-stm32.13.3.rel1.win32_1.0.0.202411081344/tools/bin/../lib/gcc/arm-none-eabi/13.3.1/../../../../arm-none-eabi/lib/thumb/v7e-m+fp/hard\libc_nano.a
LOAD C:/ST/STM32CubeIDE_1.19.0/STM32CubeIDE/plugins/com.st.stm32cube.ide.mcu.externaltools.gnu-tools-for-stm32.13.3.rel1.win32_1.0.0.202411081344/tools/bin/../lib/gcc/arm-none-eabi/13.3.1/../../../../arm-none-eabi/lib/thumb/v7e-m+fp/hard\libnosys.a
END GROUP
START GROUP
LOAD C:/ST/STM32CubeIDE_1.19.0/STM32CubeIDE/plugins/com.st.stm32cube.ide.mcu.externaltools.gnu-tools-for-stm32.13.3.rel1.win32_1.0.0.202411081344/tools/bin/../lib/gcc/arm-none-eabi/13.3.1/thumb/v7e-m+fp/hard\libgcc.a
LOAD C:/ST/STM32CubeIDE_1.19.0/STM32CubeIDE/plugins/com.st.stm32cube.ide.mcu.externaltools.gnu-tools-for-stm32.13.3.rel1.win32_1.0.0.202411081344/tools/bin/../lib/gcc/arm-none-eabi/13.3.1/../../../../arm-none-eabi/lib/thumb/v7e-m+fp/hard\libc_nano.a
LOAD C:/ST/STM32CubeIDE_1.19.0/STM32CubeIDE/plugins/com.st.stm32cube.ide.mcu.externaltools.gnu-tools-for-stm32.13.3.rel1.win32_1.0.0.202411081344/tools/bin/../lib/gcc/arm-none-eabi/13.3.1/../../../../arm-none-eabi/lib/thumb/v7e-m+fp/hard\libnosys.a
END GROUP
LOAD C:/ST/STM32CubeIDE_1.19.0/STM32CubeIDE/plugins/com.st.stm32cube.ide.mcu.externaltools.gnu-tools-for-stm32.13.3.rel1.win32_1.0.0.202411081344/tools/bin/../lib/gcc/arm-none-eabi/13.3.1/thumb/v7e-m+fp/hard/crtend.o
LOAD C:/ST/STM32CubeIDE_1.19.0/STM32CubeIDE/plugins/com.st.stm32cube.ide.mcu.externaltools.gnu-tools-for-stm32.13.3.rel1.win32_1.0.0.202411081344/tools/bin/../lib/gcc/arm-none-eabi/13.3.1/thumb/v7e-m+fp/hard/crtn.o
                0x20020000                        _estack = (ORIGIN (RAM) + LENGTH (RAM))
                0x00000200                        _Min_Heap_Size = 0x200
                0x00000400                        _Min_Stack_Size = 0x400

.isr_vector     0x08000000      0x1d8
                0x08000000                        . = ALIGN (0x4)
 *(.isr_vector)
 .isr_vector    0x08000000      0x1d8 ./Core/Startup/startup_stm32g474retx.o
                0x08000000                g_pfnVectors
                0x080001d8                        . = ALIGN (0x4)

.text           0x080001d8     0x45b8
                0x080001d8                        . = ALIGN (0x4)
 *(.text)
 .text          0x080001d8       0x40 C:/ST/STM32CubeIDE_1.19.0/STM32CubeIDE/plugins/com.st.stm32cube.ide.mcu.externaltools.gnu-tools-for-stm32.13.3.rel1.win32_1.0.0.202411081344/tools/bin/../lib/gcc/arm-none-eabi/13.3.1/thumb/v7e-m+fp/hard/crtbegin.o
 .text          0x08000218       0x30 C:/ST/STM32CubeIDE_1.19.0/STM32CubeIDE/plugins/com.st.stm32cube.ide.mcu.externaltools.gnu-tools-for-stm32.13.3.rel1.win32_1.0.0.202411081344/tools/bin/../lib/gcc/arm-none-eabi/13.3.1/thumb/v7e-m+fp/hard\libgcc.a(_aeabi_uldivmod.o)
                0x08000218                __aeabi_uldivmod
 .text          0x08000248      0x2f8 C:/ST/STM32CubeIDE_1.19.0/STM32CubeIDE/plugins/com.st.stm32cube.ide.mcu.externaltools.gnu-tools-for-stm32.13.3.rel1.win32_1.0.0.202411081344/tools/bin/../lib/gcc/arm-none-eabi/13.3.1/thumb/v7e-m+fp/hard\libgcc.a(_udivmoddi4.o)
                0x08000248                __udivmoddi4
 .text          0x08000540        0x4 C:/ST/STM32CubeIDE_1.19.0/STM32CubeIDE/plugins/com.st.stm32cube.ide.mcu.externaltools.gnu-tools-for-stm32.13.3.rel1.win32_1.0.0.202411081344/tools/bin/../lib/gcc/arm-none-eabi/13.3.1/thumb/v7e-m+fp/hard\libgcc.a(_dvmd_tls.o)
                0x08000540                __aeabi_idiv0
                0x08000540                __aeabi_ldiv0
 *(.text*)
 .text.LOC_Process
                0x08000544      0x200 ./Core/CustomDriverSet/SrcDriver/TwoDimSoundLoc.o
                0x08000544                LOC_Process
 .text.__NVIC_GetPriorityGrouping
                0x08000744       0x1c ./Core/Src/main.o
 .text.__NVIC_EnableIRQ
                0x08000760       0x3c ./Core/Src/main.o
 .text.__NVIC_SetPriority
                0x0800079c       0x54 ./Core/Src/main.o
 .text.NVIC_EncodePriority
                0x080007f0       0x66 ./Core/Src/main.o
 *fill*         0x08000856        0x2 
 .text.LL_ADC_DMA_GetRegAddr
                0x08000858       0x4c ./Core/Src/main.o
 .text.LL_ADC_SetGainCompensation
                0x080008a4       0x4a ./Core/Src/main.o
 .text.LL_ADC_REG_SetTriggerEdge
                0x080008ee       0x26 ./Core/Src/main.o
 .text.LL_ADC_REG_SetSequencerRanks
                0x08000914       0x58 ./Core/Src/main.o
 .text.LL_ADC_SetChannelSamplingTime
                0x0800096c       0x56 ./Core/Src/main.o
 *fill*         0x080009c2        0x2 
 .text.LL_ADC_SetChannelSingleDiff
                0x080009c4       0x48 ./Core/Src/main.o
 .text.LL_ADC_SetOverSamplingScope
                0x08000a0c       0x2a ./Core/Src/main.o
 .text.LL_ADC_DisableDeepPowerDown
                0x08000a36       0x24 ./Core/Src/main.o
 .text.LL_ADC_EnableInternalRegulator
                0x08000a5a       0x28 ./Core/Src/main.o
 .text.LL_ADC_Enable
                0x08000a82       0x28 ./Core/Src/main.o
 .text.LL_ADC_StartCalibration
                0x08000aaa       0x32 ./Core/Src/main.o
 .text.LL_ADC_IsCalibrationOnGoing
                0x08000adc       0x28 ./Core/Src/main.o
 .text.LL_ADC_REG_StartConversion
                0x08000b04       0x28 ./Core/Src/main.o
 .text.LL_ADC_IsActiveFlag_ADRDY
                0x08000b2c       0x26 ./Core/Src/main.o
 *fill*         0x08000b52        0x2 
 .text.LL_DMA_EnableChannel
                0x08000b54       0x44 ./Core/Src/main.o
 .text.LL_DMA_SetDataTransferDirection
                0x08000b98       0x50 ./Core/Src/main.o
 .text.LL_DMA_SetMode
                0x08000be8       0x4c ./Core/Src/main.o
 .text.LL_DMA_SetPeriphIncMode
                0x08000c34       0x4c ./Core/Src/main.o
 .text.LL_DMA_SetMemoryIncMode
                0x08000c80       0x4c ./Core/Src/main.o
 .text.LL_DMA_SetPeriphSize
                0x08000ccc       0x4c ./Core/Src/main.o
 .text.LL_DMA_SetMemorySize
                0x08000d18       0x4c ./Core/Src/main.o
 .text.LL_DMA_SetChannelPriorityLevel
                0x08000d64       0x4c ./Core/Src/main.o
 .text.LL_DMA_SetDataLength
                0x08000db0       0x4c ./Core/Src/main.o
 .text.LL_DMA_SetMemoryAddress
                0x08000dfc       0x34 ./Core/Src/main.o
 .text.LL_DMA_SetPeriphAddress
                0x08000e30       0x34 ./Core/Src/main.o
 .text.LL_DMA_SetPeriphRequest
                0x08000e64       0x54 ./Core/Src/main.o
 .text.LL_DMA_EnableIT_TC
                0x08000eb8       0x44 ./Core/Src/main.o
 .text.LL_DMA_EnableIT_HT
                0x08000efc       0x44 ./Core/Src/main.o
 .text.LL_RCC_HSI_Enable
                0x08000f40       0x20 ./Core/Src/main.o
 .text.LL_RCC_HSI_IsReady
                0x08000f60       0x28 ./Core/Src/main.o
 .text.LL_RCC_HSI_SetCalibTrimming
                0x08000f88       0x2c ./Core/Src/main.o
 .text.LL_RCC_SetSysClkSource
                0x08000fb4       0x28 ./Core/Src/main.o
 .text.LL_RCC_GetSysClkSource
                0x08000fdc       0x1c ./Core/Src/main.o
 .text.LL_RCC_SetAHBPrescaler
                0x08000ff8       0x28 ./Core/Src/main.o
 .text.LL_RCC_SetAPB1Prescaler
                0x08001020       0x28 ./Core/Src/main.o
 .text.LL_RCC_SetAPB2Prescaler
                0x08001048       0x28 ./Core/Src/main.o
 .text.LL_RCC_SetUARTClockSource
                0x08001070       0x34 ./Core/Src/main.o
 .text.LL_RCC_SetADCClockSource
                0x080010a4       0x48 ./Core/Src/main.o
 .text.LL_RCC_PLL_Enable
                0x080010ec       0x20 ./Core/Src/main.o
 .text.LL_RCC_PLL_IsReady
                0x0800110c       0x28 ./Core/Src/main.o
 .text.LL_RCC_PLL_ConfigDomain_SYS
                0x08001134       0x40 ./Core/Src/main.o
 .text.LL_RCC_PLL_EnableDomain_SYS
                0x08001174       0x20 ./Core/Src/main.o
 .text.LL_AHB1_GRP1_EnableClock
                0x08001194       0x30 ./Core/Src/main.o
 .text.LL_AHB2_GRP1_EnableClock
                0x080011c4       0x30 ./Core/Src/main.o
 .text.LL_APB1_GRP1_EnableClock
                0x080011f4       0x30 ./Core/Src/main.o
 .text.LL_APB2_GRP1_EnableClock
                0x08001224       0x30 ./Core/Src/main.o
 .text.LL_FLASH_SetLatency
                0x08001254       0x28 ./Core/Src/main.o
 .text.LL_FLASH_GetLatency
                0x0800127c       0x1c ./Core/Src/main.o
 .text.LL_PWR_EnableRange1BoostMode
                0x08001298       0x24 ./Core/Src/main.o
 .text.LL_TIM_EnableCounter
                0x080012bc       0x20 ./Core/Src/main.o
 .text.LL_TIM_DisableARRPreload
                0x080012dc       0x20 ./Core/Src/main.o
 .text.LL_TIM_SetClockSource
                0x080012fc       0x2a ./Core/Src/main.o
 .text.LL_TIM_SetTriggerOutput
                0x08001326       0x2a ./Core/Src/main.o
 .text.LL_TIM_SetTriggerOutput2
                0x08001350       0x26 ./Core/Src/main.o
 .text.LL_TIM_DisableMasterSlaveMode
                0x08001376       0x20 ./Core/Src/main.o
 .text.LL_USART_Enable
                0x08001396       0x20 ./Core/Src/main.o
 .text.LL_USART_DisableFIFO
                0x080013b6       0x20 ./Core/Src/main.o
 .text.LL_USART_SetTXFIFOThreshold
                0x080013d6       0x4e ./Core/Src/main.o
 .text.LL_USART_SetRXFIFOThreshold
                0x08001424       0x4e ./Core/Src/main.o
 .text.LL_USART_ConfigAsyncMode
                0x08001472       0x2c ./Core/Src/main.o
 .text.LL_USART_IsActiveFlag_TC
                0x0800149e       0x26 ./Core/Src/main.o
 .text.LL_USART_IsActiveFlag_TXE_TXFNF
                0x080014c4       0x26 ./Core/Src/main.o
 .text.LL_USART_IsActiveFlag_TEACK
                0x080014ea       0x28 ./Core/Src/main.o
 .text.LL_USART_IsActiveFlag_REACK
                0x08001512       0x28 ./Core/Src/main.o
 .text.LL_USART_TransmitData8
                0x0800153a       0x1e ./Core/Src/main.o
 .text.UART_SendByte
                0x08001558       0x30 ./Core/Src/main.o
 .text.UART_SendFrame
                0x08001588       0xa4 ./Core/Src/main.o
 .text.UART_SendAnglePacket
                0x0800162c       0x6c ./Core/Src/main.o
 .text.main     0x08001698      0x1c0 ./Core/Src/main.o
                0x08001698                main
 .text.SystemClock_Config
                0x08001858       0xb0 ./Core/Src/main.o
                0x08001858                SystemClock_Config
 .text.MX_ADC1_Init
                0x08001908      0x2b4 ./Core/Src/main.o
 .text.MX_TIM8_Init
                0x08001bbc       0x6c ./Core/Src/main.o
 .text.MX_UART4_Init
                0x08001c28      0x100 ./Core/Src/main.o
 .text.MX_DMA_Init
                0x08001d28       0x34 ./Core/Src/main.o
 .text.MX_GPIO_Init
                0x08001d5c       0x20 ./Core/Src/main.o
 .text.Error_Handler
                0x08001d7c        0xc ./Core/Src/main.o
                0x08001d7c                Error_Handler
 .text.HAL_MspInit
                0x08001d88       0x48 ./Core/Src/stm32g4xx_hal_msp.o
                0x08001d88                HAL_MspInit
 .text.LL_DMA_IsActiveFlag_TC1
                0x08001dd0       0x26 ./Core/Src/stm32g4xx_it.o
 .text.LL_DMA_IsActiveFlag_HT1
                0x08001df6       0x26 ./Core/Src/stm32g4xx_it.o
 .text.LL_DMA_ClearFlag_TC1
                0x08001e1c       0x1a ./Core/Src/stm32g4xx_it.o
 .text.LL_DMA_ClearFlag_HT1
                0x08001e36       0x1a ./Core/Src/stm32g4xx_it.o
 .text.LL_EXTI_IsActiveFlag_0_31
                0x08001e50       0x2c ./Core/Src/stm32g4xx_it.o
 .text.LL_EXTI_ClearFlag_0_31
                0x08001e7c       0x20 ./Core/Src/stm32g4xx_it.o
 .text.NMI_Handler
                0x08001e9c        0x8 ./Core/Src/stm32g4xx_it.o
                0x08001e9c                NMI_Handler
 .text.HardFault_Handler
                0x08001ea4        0x8 ./Core/Src/stm32g4xx_it.o
                0x08001ea4                HardFault_Handler
 .text.MemManage_Handler
                0x08001eac        0x8 ./Core/Src/stm32g4xx_it.o
                0x08001eac                MemManage_Handler
 .text.BusFault_Handler
                0x08001eb4        0x8 ./Core/Src/stm32g4xx_it.o
                0x08001eb4                BusFault_Handler
 .text.UsageFault_Handler
                0x08001ebc        0x8 ./Core/Src/stm32g4xx_it.o
                0x08001ebc                UsageFault_Handler
 .text.SVC_Handler
                0x08001ec4        0xe ./Core/Src/stm32g4xx_it.o
                0x08001ec4                SVC_Handler
 .text.DebugMon_Handler
                0x08001ed2        0xe ./Core/Src/stm32g4xx_it.o
                0x08001ed2                DebugMon_Handler
 .text.PendSV_Handler
                0x08001ee0        0xe ./Core/Src/stm32g4xx_it.o
                0x08001ee0                PendSV_Handler
 .text.SysTick_Handler
                0x08001eee        0xc ./Core/Src/stm32g4xx_it.o
                0x08001eee                SysTick_Handler
 *fill*         0x08001efa        0x2 
 .text.DMA1_Channel1_IRQHandler
                0x08001efc       0x44 ./Core/Src/stm32g4xx_it.o
                0x08001efc                DMA1_Channel1_IRQHandler
 .text.ADC1_2_IRQHandler
                0x08001f40        0xe ./Core/Src/stm32g4xx_it.o
                0x08001f40                ADC1_2_IRQHandler
 .text.EXTI15_10_IRQHandler
                0x08001f4e       0x1e ./Core/Src/stm32g4xx_it.o
                0x08001f4e                EXTI15_10_IRQHandler
 .text.SystemInit
                0x08001f6c       0x24 ./Core/Src/system_stm32g4xx.o
                0x08001f6c                SystemInit
 .text.Reset_Handler
                0x08001f90       0x50 ./Core/Startup/startup_stm32g474retx.o
                0x08001f90                Reset_Handler
 .text.Default_Handler
                0x08001fe0        0x2 ./Core/Startup/startup_stm32g474retx.o
                0x08001fe0                RTC_Alarm_IRQHandler
                0x08001fe0                EXTI2_IRQHandler
                0x08001fe0                TIM8_TRG_COM_IRQHandler
                0x08001fe0                TIM8_CC_IRQHandler
                0x08001fe0                HRTIM1_Master_IRQHandler
                0x08001fe0                SPI4_IRQHandler
                0x08001fe0                FDCAN3_IT0_IRQHandler
                0x08001fe0                TIM1_CC_IRQHandler
                0x08001fe0                HRTIM1_FLT_IRQHandler
                0x08001fe0                HRTIM1_TIMF_IRQHandler
                0x08001fe0                USB_HP_IRQHandler
                0x08001fe0                CORDIC_IRQHandler
                0x08001fe0                HRTIM1_TIMD_IRQHandler
                0x08001fe0                DMA2_Channel8_IRQHandler
                0x08001fe0                EXTI3_IRQHandler
                0x08001fe0                I2C3_ER_IRQHandler
                0x08001fe0                EXTI0_IRQHandler
                0x08001fe0                I2C2_EV_IRQHandler
                0x08001fe0                FPU_IRQHandler
                0x08001fe0                FDCAN1_IT1_IRQHandler
                0x08001fe0                TIM1_UP_TIM16_IRQHandler
                0x08001fe0                HRTIM1_TIME_IRQHandler
                0x08001fe0                SPI1_IRQHandler
                0x08001fe0                TIM6_DAC_IRQHandler
                0x08001fe0                HRTIM1_TIMC_IRQHandler
                0x08001fe0                TIM8_UP_IRQHandler
                0x08001fe0                DMA2_Channel2_IRQHandler
                0x08001fe0                DMA1_Channel4_IRQHandler
                0x08001fe0                TIM20_TRG_COM_IRQHandler
                0x08001fe0                USART3_IRQHandler
                0x08001fe0                DMA1_Channel7_IRQHandler
                0x08001fe0                UART5_IRQHandler
                0x08001fe0                ADC3_IRQHandler
                0x08001fe0                TIM4_IRQHandler
                0x08001fe0                DMA2_Channel1_IRQHandler
                0x08001fe0                QUADSPI_IRQHandler
                0x08001fe0                I2C1_EV_IRQHandler
                0x08001fe0                DMA1_Channel6_IRQHandler
                0x08001fe0                UART4_IRQHandler
                0x08001fe0                DMA2_Channel4_IRQHandler
                0x08001fe0                TIM3_IRQHandler
                0x08001fe0                RCC_IRQHandler
                0x08001fe0                TIM20_UP_IRQHandler
                0x08001fe0                Default_Handler
                0x08001fe0                DMA2_Channel7_IRQHandler
                0x08001fe0                RTC_TAMP_LSECSS_IRQHandler
                0x08001fe0                FMAC_IRQHandler
                0x08001fe0                DMA1_Channel8_IRQHandler
                0x08001fe0                HRTIM1_TIMA_IRQHandler
                0x08001fe0                TIM7_DAC_IRQHandler
                0x08001fe0                FDCAN3_IT1_IRQHandler
                0x08001fe0                TIM5_IRQHandler
                0x08001fe0                UCPD1_IRQHandler
                0x08001fe0                I2C3_EV_IRQHandler
                0x08001fe0                EXTI9_5_IRQHandler
                0x08001fe0                RTC_WKUP_IRQHandler
                0x08001fe0                PVD_PVM_IRQHandler
                0x08001fe0                SPI2_IRQHandler
                0x08001fe0                ADC5_IRQHandler
                0x08001fe0                DMA2_Channel5_IRQHandler
                0x08001fe0                CRS_IRQHandler
                0x08001fe0                DMA1_Channel5_IRQHandler
                0x08001fe0                USB_LP_IRQHandler
                0x08001fe0                EXTI4_IRQHandler
                0x08001fe0                RNG_IRQHandler
                0x08001fe0                HRTIM1_TIMB_IRQHandler
                0x08001fe0                TIM1_TRG_COM_TIM17_IRQHandler
                0x08001fe0                FDCAN2_IT1_IRQHandler
                0x08001fe0                DMA1_Channel3_IRQHandler
                0x08001fe0                ADC4_IRQHandler
                0x08001fe0                WWDG_IRQHandler
                0x08001fe0                I2C4_EV_IRQHandler
                0x08001fe0                FDCAN2_IT0_IRQHandler
                0x08001fe0                LPUART1_IRQHandler
                0x08001fe0                DMA2_Channel6_IRQHandler
                0x08001fe0                FDCAN1_IT0_IRQHandler
                0x08001fe0                TIM2_IRQHandler
                0x08001fe0                COMP7_IRQHandler
                0x08001fe0                COMP1_2_3_IRQHandler
                0x08001fe0                EXTI1_IRQHandler
                0x08001fe0                USART2_IRQHandler
                0x08001fe0                COMP4_5_6_IRQHandler
                0x08001fe0                TIM20_BRK_IRQHandler
                0x08001fe0                I2C2_ER_IRQHandler
                0x08001fe0                DMA1_Channel2_IRQHandler
                0x08001fe0                TIM8_BRK_IRQHandler
                0x08001fe0                FLASH_IRQHandler
                0x08001fe0                TIM20_CC_IRQHandler
                0x08001fe0                USART1_IRQHandler
                0x08001fe0                SPI3_IRQHandler
                0x08001fe0                I2C1_ER_IRQHandler
                0x08001fe0                FMC_IRQHandler
                0x08001fe0                LPTIM1_IRQHandler
                0x08001fe0                DMAMUX_OVR_IRQHandler
                0x08001fe0                I2C4_ER_IRQHandler
                0x08001fe0                USBWakeUp_IRQHandler
                0x08001fe0                SAI1_IRQHandler
                0x08001fe0                DMA2_Channel3_IRQHandler
                0x08001fe0                TIM1_BRK_TIM15_IRQHandler
 *fill*         0x08001fe2        0x2 
 .text.BSP_LED_Init
                0x08001fe4       0x6c ./Drivers/BSP/STM32G4xx_Nucleo/stm32g4xx_nucleo.o
                0x08001fe4                BSP_LED_Init
 .text.BSP_LED_Toggle
                0x08002050       0x2c ./Drivers/BSP/STM32G4xx_Nucleo/stm32g4xx_nucleo.o
                0x08002050                BSP_LED_Toggle
 .text.BSP_PB_Init
                0x0800207c       0xdc ./Drivers/BSP/STM32G4xx_Nucleo/stm32g4xx_nucleo.o
                0x0800207c                BSP_PB_Init
 .text.BSP_PB_Callback
                0x08002158       0x16 ./Drivers/BSP/STM32G4xx_Nucleo/stm32g4xx_nucleo.o
                0x08002158                BSP_PB_Callback
 *fill*         0x0800216e        0x2 
 .text.BSP_COM_Init
                0x08002170       0x60 ./Drivers/BSP/STM32G4xx_Nucleo/stm32g4xx_nucleo.o
                0x08002170                BSP_COM_Init
 .text.MX_LPUART1_Init
                0x080021d0       0x64 ./Drivers/BSP/STM32G4xx_Nucleo/stm32g4xx_nucleo.o
                0x080021d0                MX_LPUART1_Init
 .text.BUTTON_USER_EXTI_Callback
                0x08002234        0xe ./Drivers/BSP/STM32G4xx_Nucleo/stm32g4xx_nucleo.o
 *fill*         0x08002242        0x2 
 .text.COM1_MspInit
                0x08002244       0x98 ./Drivers/BSP/STM32G4xx_Nucleo/stm32g4xx_nucleo.o
 .text.HAL_Init
                0x080022dc       0x30 ./Drivers/STM32G4xx_HAL_Driver/Src/stm32g4xx_hal.o
                0x080022dc                HAL_Init
 .text.HAL_InitTick
                0x0800230c       0x74 ./Drivers/STM32G4xx_HAL_Driver/Src/stm32g4xx_hal.o
                0x0800230c                HAL_InitTick
 .text.HAL_IncTick
                0x08002380       0x24 ./Drivers/STM32G4xx_HAL_Driver/Src/stm32g4xx_hal.o
                0x08002380                HAL_IncTick
 .text.HAL_GetTick
                0x080023a4       0x18 ./Drivers/STM32G4xx_HAL_Driver/Src/stm32g4xx_hal.o
                0x080023a4                HAL_GetTick
 .text.__NVIC_SetPriorityGrouping
                0x080023bc       0x48 ./Drivers/STM32G4xx_HAL_Driver/Src/stm32g4xx_hal_cortex.o
 .text.__NVIC_GetPriorityGrouping
                0x08002404       0x1c ./Drivers/STM32G4xx_HAL_Driver/Src/stm32g4xx_hal_cortex.o
 .text.__NVIC_EnableIRQ
                0x08002420       0x3c ./Drivers/STM32G4xx_HAL_Driver/Src/stm32g4xx_hal_cortex.o
 .text.__NVIC_SetPriority
                0x0800245c       0x54 ./Drivers/STM32G4xx_HAL_Driver/Src/stm32g4xx_hal_cortex.o
 .text.NVIC_EncodePriority
                0x080024b0       0x66 ./Drivers/STM32G4xx_HAL_Driver/Src/stm32g4xx_hal_cortex.o
 *fill*         0x08002516        0x2 
 .text.SysTick_Config
                0x08002518       0x44 ./Drivers/STM32G4xx_HAL_Driver/Src/stm32g4xx_hal_cortex.o
 .text.HAL_NVIC_SetPriorityGrouping
                0x0800255c       0x16 ./Drivers/STM32G4xx_HAL_Driver/Src/stm32g4xx_hal_cortex.o
                0x0800255c                HAL_NVIC_SetPriorityGrouping
 .text.HAL_NVIC_SetPriority
                0x08002572       0x34 ./Drivers/STM32G4xx_HAL_Driver/Src/stm32g4xx_hal_cortex.o
                0x08002572                HAL_NVIC_SetPriority
 .text.HAL_NVIC_EnableIRQ
                0x080025a6       0x1c ./Drivers/STM32G4xx_HAL_Driver/Src/stm32g4xx_hal_cortex.o
                0x080025a6                HAL_NVIC_EnableIRQ
 .text.HAL_SYSTICK_Config
                0x080025c2       0x18 ./Drivers/STM32G4xx_HAL_Driver/Src/stm32g4xx_hal_cortex.o
                0x080025c2                HAL_SYSTICK_Config
 .text.HAL_EXTI_RegisterCallback
                0x080025da       0x3a ./Drivers/STM32G4xx_HAL_Driver/Src/stm32g4xx_hal_exti.o
                0x080025da                HAL_EXTI_RegisterCallback
 .text.HAL_EXTI_GetHandle
                0x08002614       0x28 ./Drivers/STM32G4xx_HAL_Driver/Src/stm32g4xx_hal_exti.o
                0x08002614                HAL_EXTI_GetHandle
 .text.HAL_GPIO_Init
                0x0800263c      0x318 ./Drivers/STM32G4xx_HAL_Driver/Src/stm32g4xx_hal_gpio.o
                0x0800263c                HAL_GPIO_Init
 .text.HAL_GPIO_WritePin
                0x08002954       0x30 ./Drivers/STM32G4xx_HAL_Driver/Src/stm32g4xx_hal_gpio.o
                0x08002954                HAL_GPIO_WritePin
 .text.HAL_GPIO_TogglePin
                0x08002984       0x34 ./Drivers/STM32G4xx_HAL_Driver/Src/stm32g4xx_hal_gpio.o
                0x08002984                HAL_GPIO_TogglePin
 .text.HAL_PWREx_DisableUCPDDeadBattery
                0x080029b8       0x20 ./Drivers/STM32G4xx_HAL_Driver/Src/stm32g4xx_hal_pwr_ex.o
                0x080029b8                HAL_PWREx_DisableUCPDDeadBattery
 .text.HAL_RCC_GetSysClockFreq
                0x080029d8       0xc4 ./Drivers/STM32G4xx_HAL_Driver/Src/stm32g4xx_hal_rcc.o
                0x080029d8                HAL_RCC_GetSysClockFreq
 .text.HAL_RCC_GetHCLKFreq
                0x08002a9c       0x18 ./Drivers/STM32G4xx_HAL_Driver/Src/stm32g4xx_hal_rcc.o
                0x08002a9c                HAL_RCC_GetHCLKFreq
 .text.HAL_RCC_GetPCLK1Freq
                0x08002ab4       0x2c ./Drivers/STM32G4xx_HAL_Driver/Src/stm32g4xx_hal_rcc.o
                0x08002ab4                HAL_RCC_GetPCLK1Freq
 .text.HAL_RCC_GetPCLK2Freq
                0x08002ae0       0x2c ./Drivers/STM32G4xx_HAL_Driver/Src/stm32g4xx_hal_rcc.o
                0x08002ae0                HAL_RCC_GetPCLK2Freq
 .text.HAL_UART_Init
                0x08002b0c       0xa0 ./Drivers/STM32G4xx_HAL_Driver/Src/stm32g4xx_hal_uart.o
                0x08002b0c                HAL_UART_Init
 .text.HAL_UART_MspInit
                0x08002bac       0x14 ./Drivers/STM32G4xx_HAL_Driver/Src/stm32g4xx_hal_uart.o
                0x08002bac                HAL_UART_MspInit
 .text.UART_SetConfig
                0x08002bc0      0x5f8 ./Drivers/STM32G4xx_HAL_Driver/Src/stm32g4xx_hal_uart.o
                0x08002bc0                UART_SetConfig
 .text.UART_AdvFeatureConfig
                0x080031b8      0x144 ./Drivers/STM32G4xx_HAL_Driver/Src/stm32g4xx_hal_uart.o
                0x080031b8                UART_AdvFeatureConfig
 .text.UART_CheckIdleState
                0x080032fc      0x154 ./Drivers/STM32G4xx_HAL_Driver/Src/stm32g4xx_hal_uart.o
                0x080032fc                UART_CheckIdleState
 .text.UART_WaitOnFlagUntilTimeout
                0x08003450       0xda ./Drivers/STM32G4xx_HAL_Driver/Src/stm32g4xx_hal_uart.o
                0x08003450                UART_WaitOnFlagUntilTimeout
 .text.UART_EndRxTransfer
                0x0800352a       0xcc ./Drivers/STM32G4xx_HAL_Driver/Src/stm32g4xx_hal_uart.o
 .text.LL_ADC_REG_SetSequencerLength
                0x080035f6       0x26 ./Drivers/STM32G4xx_HAL_Driver/Src/stm32g4xx_ll_adc.o
 .text.LL_ADC_IsEnabled
                0x0800361c       0x26 ./Drivers/STM32G4xx_HAL_Driver/Src/stm32g4xx_ll_adc.o
 *fill*         0x08003642        0x2 
 .text.LL_ADC_CommonInit
                0x08003644       0xc8 ./Drivers/STM32G4xx_HAL_Driver/Src/stm32g4xx_ll_adc.o
                0x08003644                LL_ADC_CommonInit
 .text.LL_ADC_Init
                0x0800370c       0x4c ./Drivers/STM32G4xx_HAL_Driver/Src/stm32g4xx_ll_adc.o
                0x0800370c                LL_ADC_Init
 .text.LL_ADC_REG_Init
                0x08003758       0x94 ./Drivers/STM32G4xx_HAL_Driver/Src/stm32g4xx_ll_adc.o
                0x08003758                LL_ADC_REG_Init
 .text.LL_GPIO_SetPinMode
                0x080037ec       0x7a ./Drivers/STM32G4xx_HAL_Driver/Src/stm32g4xx_ll_gpio.o
 .text.LL_GPIO_SetPinOutputType
                0x08003866       0x30 ./Drivers/STM32G4xx_HAL_Driver/Src/stm32g4xx_ll_gpio.o
 .text.LL_GPIO_SetPinSpeed
                0x08003896       0x7a ./Drivers/STM32G4xx_HAL_Driver/Src/stm32g4xx_ll_gpio.o
 .text.LL_GPIO_SetPinPull
                0x08003910       0x7a ./Drivers/STM32G4xx_HAL_Driver/Src/stm32g4xx_ll_gpio.o
 .text.LL_GPIO_SetAFPin_0_7
                0x0800398a       0x7a ./Drivers/STM32G4xx_HAL_Driver/Src/stm32g4xx_ll_gpio.o
 .text.LL_GPIO_SetAFPin_8_15
                0x08003a04       0x7e ./Drivers/STM32G4xx_HAL_Driver/Src/stm32g4xx_ll_gpio.o
 .text.LL_GPIO_Init
                0x08003a82       0xdc ./Drivers/STM32G4xx_HAL_Driver/Src/stm32g4xx_ll_gpio.o
                0x08003a82                LL_GPIO_Init
 *fill*         0x08003b5e        0x2 
 .text.LL_RCC_HSI_IsReady
                0x08003b60       0x28 ./Drivers/STM32G4xx_HAL_Driver/Src/stm32g4xx_ll_rcc.o
 .text.LL_RCC_LSE_IsReady
                0x08003b88       0x28 ./Drivers/STM32G4xx_HAL_Driver/Src/stm32g4xx_ll_rcc.o
 .text.LL_RCC_GetSysClkSource
                0x08003bb0       0x1c ./Drivers/STM32G4xx_HAL_Driver/Src/stm32g4xx_ll_rcc.o
 .text.LL_RCC_GetAHBPrescaler
                0x08003bcc       0x1c ./Drivers/STM32G4xx_HAL_Driver/Src/stm32g4xx_ll_rcc.o
 .text.LL_RCC_GetAPB1Prescaler
                0x08003be8       0x1c ./Drivers/STM32G4xx_HAL_Driver/Src/stm32g4xx_ll_rcc.o
 .text.LL_RCC_GetAPB2Prescaler
                0x08003c04       0x1c ./Drivers/STM32G4xx_HAL_Driver/Src/stm32g4xx_ll_rcc.o
 .text.LL_RCC_GetUSARTClockSource
                0x08003c20       0x28 ./Drivers/STM32G4xx_HAL_Driver/Src/stm32g4xx_ll_rcc.o
 .text.LL_RCC_GetUARTClockSource
                0x08003c48       0x28 ./Drivers/STM32G4xx_HAL_Driver/Src/stm32g4xx_ll_rcc.o
 .text.LL_RCC_PLL_GetMainSource
                0x08003c70       0x1c ./Drivers/STM32G4xx_HAL_Driver/Src/stm32g4xx_ll_rcc.o
 .text.LL_RCC_PLL_GetN
                0x08003c8c       0x1c ./Drivers/STM32G4xx_HAL_Driver/Src/stm32g4xx_ll_rcc.o
 .text.LL_RCC_PLL_GetR
                0x08003ca8       0x1c ./Drivers/STM32G4xx_HAL_Driver/Src/stm32g4xx_ll_rcc.o
 .text.LL_RCC_PLL_GetDivider
                0x08003cc4       0x1c ./Drivers/STM32G4xx_HAL_Driver/Src/stm32g4xx_ll_rcc.o
 .text.LL_RCC_GetUSARTClockFreq
                0x08003ce0      0x188 ./Drivers/STM32G4xx_HAL_Driver/Src/stm32g4xx_ll_rcc.o
                0x08003ce0                LL_RCC_GetUSARTClockFreq
 .text.LL_RCC_GetUARTClockFreq
                0x08003e68      0x10c ./Drivers/STM32G4xx_HAL_Driver/Src/stm32g4xx_ll_rcc.o
                0x08003e68                LL_RCC_GetUARTClockFreq
 .text.RCC_GetSystemClockFreq
                0x08003f74       0x4c ./Drivers/STM32G4xx_HAL_Driver/Src/stm32g4xx_ll_rcc.o
 .text.RCC_GetHCLKClockFreq
                0x08003fc0       0x30 ./Drivers/STM32G4xx_HAL_Driver/Src/stm32g4xx_ll_rcc.o
 .text.RCC_GetPCLK1ClockFreq
                0x08003ff0       0x2c ./Drivers/STM32G4xx_HAL_Driver/Src/stm32g4xx_ll_rcc.o
 .text.RCC_GetPCLK2ClockFreq
                0x0800401c       0x2c ./Drivers/STM32G4xx_HAL_Driver/Src/stm32g4xx_ll_rcc.o
 .text.RCC_PLL_GetFreqDomain_SYS
                0x08004048       0x68 ./Drivers/STM32G4xx_HAL_Driver/Src/stm32g4xx_ll_rcc.o
 .text.LL_TIM_SetPrescaler
                0x080040b0       0x1c ./Drivers/STM32G4xx_HAL_Driver/Src/stm32g4xx_ll_tim.o
 .text.LL_TIM_SetAutoReload
                0x080040cc       0x1c ./Drivers/STM32G4xx_HAL_Driver/Src/stm32g4xx_ll_tim.o
 .text.LL_TIM_SetRepetitionCounter
                0x080040e8       0x1c ./Drivers/STM32G4xx_HAL_Driver/Src/stm32g4xx_ll_tim.o
 .text.LL_TIM_GenerateEvent_UPDATE
                0x08004104       0x20 ./Drivers/STM32G4xx_HAL_Driver/Src/stm32g4xx_ll_tim.o
 .text.LL_TIM_Init
                0x08004124      0x144 ./Drivers/STM32G4xx_HAL_Driver/Src/stm32g4xx_ll_tim.o
                0x08004124                LL_TIM_Init
 .text.LL_USART_IsEnabled
                0x08004268       0x26 ./Drivers/STM32G4xx_HAL_Driver/Src/stm32g4xx_ll_usart.o
 .text.LL_USART_SetPrescaler
                0x0800428e       0x28 ./Drivers/STM32G4xx_HAL_Driver/Src/stm32g4xx_ll_usart.o
 .text.LL_USART_SetStopBitsLength
                0x080042b6       0x26 ./Drivers/STM32G4xx_HAL_Driver/Src/stm32g4xx_ll_usart.o
 .text.LL_USART_SetHWFlowCtrl
                0x080042dc       0x26 ./Drivers/STM32G4xx_HAL_Driver/Src/stm32g4xx_ll_usart.o
 *fill*         0x08004302        0x2 
 .text.LL_USART_SetBaudRate
                0x08004304       0xa0 ./Drivers/STM32G4xx_HAL_Driver/Src/stm32g4xx_ll_usart.o
 .text.LL_USART_Init
                0x080043a4      0x10c ./Drivers/STM32G4xx_HAL_Driver/Src/stm32g4xx_ll_usart.o
                0x080043a4                LL_USART_Init
 .text.LL_SetSystemCoreClock
                0x080044b0       0x20 ./Drivers/STM32G4xx_HAL_Driver/Src/stm32g4xx_ll_utils.o
                0x080044b0                LL_SetSystemCoreClock
 .text.memset   0x080044d0       0x10 C:/ST/STM32CubeIDE_1.19.0/STM32CubeIDE/plugins/com.st.stm32cube.ide.mcu.externaltools.gnu-tools-for-stm32.13.3.rel1.win32_1.0.0.202411081344/tools/bin/../lib/gcc/arm-none-eabi/13.3.1/../../../../arm-none-eabi/lib/thumb/v7e-m+fp/hard\libc_nano.a(libc_a-memset.o)
                0x080044d0                memset
 .text.__errno  0x080044e0        0xc C:/ST/STM32CubeIDE_1.19.0/STM32CubeIDE/plugins/com.st.stm32cube.ide.mcu.externaltools.gnu-tools-for-stm32.13.3.rel1.win32_1.0.0.202411081344/tools/bin/../lib/gcc/arm-none-eabi/13.3.1/../../../../arm-none-eabi/lib/thumb/v7e-m+fp/hard\libc_nano.a(libc_a-errno.o)
                0x080044e0                __errno
 .text.__libc_init_array
                0x080044ec       0x48 C:/ST/STM32CubeIDE_1.19.0/STM32CubeIDE/plugins/com.st.stm32cube.ide.mcu.externaltools.gnu-tools-for-stm32.13.3.rel1.win32_1.0.0.202411081344/tools/bin/../lib/gcc/arm-none-eabi/13.3.1/../../../../arm-none-eabi/lib/thumb/v7e-m+fp/hard\libc_nano.a(libc_a-init.o)
                0x080044ec                __libc_init_array
 .text.asinf    0x08004534       0x58 C:/ST/STM32CubeIDE_1.19.0/STM32CubeIDE/plugins/com.st.stm32cube.ide.mcu.externaltools.gnu-tools-for-stm32.13.3.rel1.win32_1.0.0.202411081344/tools/bin/../lib/gcc/arm-none-eabi/13.3.1/../../../../arm-none-eabi/lib/thumb/v7e-m+fp/hard\libm.a(libm_a-wf_asin.o)
                0x08004534                asinf
 .text.fabsf    0x0800458c        0xe C:/ST/STM32CubeIDE_1.19.0/STM32CubeIDE/plugins/com.st.stm32cube.ide.mcu.externaltools.gnu-tools-for-stm32.13.3.rel1.win32_1.0.0.202411081344/tools/bin/../lib/gcc/arm-none-eabi/13.3.1/../../../../arm-none-eabi/lib/thumb/v7e-m+fp/hard\libm.a(libm_a-sf_fabs.o)
                0x0800458c                fabsf
 *fill*         0x0800459a        0x2 
 .text.nanf     0x0800459c        0xc C:/ST/STM32CubeIDE_1.19.0/STM32CubeIDE/plugins/com.st.stm32cube.ide.mcu.externaltools.gnu-tools-for-stm32.13.3.rel1.win32_1.0.0.202411081344/tools/bin/../lib/gcc/arm-none-eabi/13.3.1/../../../../arm-none-eabi/lib/thumb/v7e-m+fp/hard\libm.a(libm_a-sf_nan.o)
                0x0800459c                nanf
 .text.__ieee754_asinf
                0x080045a8      0x1c8 C:/ST/STM32CubeIDE_1.19.0/STM32CubeIDE/plugins/com.st.stm32cube.ide.mcu.externaltools.gnu-tools-for-stm32.13.3.rel1.win32_1.0.0.202411081344/tools/bin/../lib/gcc/arm-none-eabi/13.3.1/../../../../arm-none-eabi/lib/thumb/v7e-m+fp/hard\libm.a(libm_a-ef_asin.o)
                0x080045a8                __ieee754_asinf
 .text.__ieee754_sqrtf
                0x08004770        0x6 C:/ST/STM32CubeIDE_1.19.0/STM32CubeIDE/plugins/com.st.stm32cube.ide.mcu.externaltools.gnu-tools-for-stm32.13.3.rel1.win32_1.0.0.202411081344/tools/bin/../lib/gcc/arm-none-eabi/13.3.1/../../../../arm-none-eabi/lib/thumb/v7e-m+fp/hard\libm.a(libm_a-ef_sqrt.o)
                0x08004770                __ieee754_sqrtf
 *(.glue_7)
 .glue_7        0x08004776        0x0 linker stubs
 *(.glue_7t)
 .glue_7t       0x08004776        0x0 linker stubs
 *(.eh_frame)
 *fill*         0x08004776        0x2 
 .eh_frame      0x08004778        0x0 C:/ST/STM32CubeIDE_1.19.0/STM32CubeIDE/plugins/com.st.stm32cube.ide.mcu.externaltools.gnu-tools-for-stm32.13.3.rel1.win32_1.0.0.202411081344/tools/bin/../lib/gcc/arm-none-eabi/13.3.1/thumb/v7e-m+fp/hard/crtbegin.o
 *(.init)
 .init          0x08004778        0x4 C:/ST/STM32CubeIDE_1.19.0/STM32CubeIDE/plugins/com.st.stm32cube.ide.mcu.externaltools.gnu-tools-for-stm32.13.3.rel1.win32_1.0.0.202411081344/tools/bin/../lib/gcc/arm-none-eabi/13.3.1/thumb/v7e-m+fp/hard/crti.o
                0x08004778                _init
 .init          0x0800477c        0x8 C:/ST/STM32CubeIDE_1.19.0/STM32CubeIDE/plugins/com.st.stm32cube.ide.mcu.externaltools.gnu-tools-for-stm32.13.3.rel1.win32_1.0.0.202411081344/tools/bin/../lib/gcc/arm-none-eabi/13.3.1/thumb/v7e-m+fp/hard/crtn.o
 *(.fini)
 .fini          0x08004784        0x4 C:/ST/STM32CubeIDE_1.19.0/STM32CubeIDE/plugins/com.st.stm32cube.ide.mcu.externaltools.gnu-tools-for-stm32.13.3.rel1.win32_1.0.0.202411081344/tools/bin/../lib/gcc/arm-none-eabi/13.3.1/thumb/v7e-m+fp/hard/crti.o
                0x08004784                _fini
 .fini          0x08004788        0x8 C:/ST/STM32CubeIDE_1.19.0/STM32CubeIDE/plugins/com.st.stm32cube.ide.mcu.externaltools.gnu-tools-for-stm32.13.3.rel1.win32_1.0.0.202411081344/tools/bin/../lib/gcc/arm-none-eabi/13.3.1/thumb/v7e-m+fp/hard/crtn.o
                0x08004790                        . = ALIGN (0x4)
                0x08004790                        _etext = .

.vfp11_veneer   0x08004790        0x0
 .vfp11_veneer  0x08004790        0x0 linker stubs

.v4_bx          0x08004790        0x0
 .v4_bx         0x08004790        0x0 linker stubs

.iplt           0x08004790        0x0
 .iplt          0x08004790        0x0 C:/ST/STM32CubeIDE_1.19.0/STM32CubeIDE/plugins/com.st.stm32cube.ide.mcu.externaltools.gnu-tools-for-stm32.13.3.rel1.win32_1.0.0.202411081344/tools/bin/../lib/gcc/arm-none-eabi/13.3.1/thumb/v7e-m+fp/hard/crtbegin.o

.rodata         0x08004790       0x80
                0x08004790                        . = ALIGN (0x4)
 *(.rodata)
 *(.rodata*)
 .rodata.CHANNEL_OFFSET_TAB
                0x08004790        0x8 ./Core/Src/main.o
 .rodata.AHBPrescTable
                0x08004798       0x10 ./Core/Src/system_stm32g4xx.o
                0x08004798                AHBPrescTable
 .rodata.APBPrescTable
                0x080047a8        0x8 ./Core/Src/system_stm32g4xx.o
                0x080047a8                APBPrescTable
 .rodata.BUTTON_EXTI_LINE.2
                0x080047b0        0x4 ./Drivers/BSP/STM32G4xx_Nucleo/stm32g4xx_nucleo.o
 .rodata.UARTPrescTable
                0x080047b4       0x18 ./Drivers/STM32G4xx_HAL_Driver/Src/stm32g4xx_hal_uart.o
                0x080047b4                UARTPrescTable
 .rodata.USART_PRESCALER_TAB
                0x080047cc       0x40 ./Drivers/STM32G4xx_HAL_Driver/Src/stm32g4xx_ll_usart.o
 .rodata.asinf.str1.1
                0x0800480c        0x1 C:/ST/STM32CubeIDE_1.19.0/STM32CubeIDE/plugins/com.st.stm32cube.ide.mcu.externaltools.gnu-tools-for-stm32.13.3.rel1.win32_1.0.0.202411081344/tools/bin/../lib/gcc/arm-none-eabi/13.3.1/../../../../arm-none-eabi/lib/thumb/v7e-m+fp/hard\libm.a(libm_a-wf_asin.o)
                0x08004810                        . = ALIGN (0x4)
 *fill*         0x0800480d        0x3 

.ARM.extab      0x08004810        0x0
                0x08004810                        . = ALIGN (0x4)
 *(.ARM.extab* .gnu.linkonce.armextab.*)
                0x08004810                        . = ALIGN (0x4)

.ARM            0x08004810        0x8
                0x08004810                        . = ALIGN (0x4)
                0x08004810                        __exidx_start = .
 *(.ARM.exidx*)
 .ARM.exidx     0x08004810        0x8 C:/ST/STM32CubeIDE_1.19.0/STM32CubeIDE/plugins/com.st.stm32cube.ide.mcu.externaltools.gnu-tools-for-stm32.13.3.rel1.win32_1.0.0.202411081344/tools/bin/../lib/gcc/arm-none-eabi/13.3.1/thumb/v7e-m+fp/hard\libgcc.a(_udivmoddi4.o)
                0x08004818                        __exidx_end = .
                0x08004818                        . = ALIGN (0x4)

.preinit_array  0x08004818        0x0
                0x08004818                        . = ALIGN (0x4)
                0x08004818                        PROVIDE (__preinit_array_start = .)
 *(.preinit_array*)
                0x08004818                        PROVIDE (__preinit_array_end = .)
                0x08004818                        . = ALIGN (0x4)

.init_array     0x08004818        0x4
                0x08004818                        . = ALIGN (0x4)
                0x08004818                        PROVIDE (__init_array_start = .)
 *(SORT_BY_NAME(.init_array.*))
 *(.init_array*)
 .init_array    0x08004818        0x4 C:/ST/STM32CubeIDE_1.19.0/STM32CubeIDE/plugins/com.st.stm32cube.ide.mcu.externaltools.gnu-tools-for-stm32.13.3.rel1.win32_1.0.0.202411081344/tools/bin/../lib/gcc/arm-none-eabi/13.3.1/thumb/v7e-m+fp/hard/crtbegin.o
                0x0800481c                        PROVIDE (__init_array_end = .)
                0x0800481c                        . = ALIGN (0x4)

.fini_array     0x0800481c        0x4
                0x0800481c                        . = ALIGN (0x4)
                [!provide]                        PROVIDE (__fini_array_start = .)
 *(SORT_BY_NAME(.fini_array.*))
 *(.fini_array*)
 .fini_array    0x0800481c        0x4 C:/ST/STM32CubeIDE_1.19.0/STM32CubeIDE/plugins/com.st.stm32cube.ide.mcu.externaltools.gnu-tools-for-stm32.13.3.rel1.win32_1.0.0.202411081344/tools/bin/../lib/gcc/arm-none-eabi/13.3.1/thumb/v7e-m+fp/hard/crtbegin.o
                [!provide]                        PROVIDE (__fini_array_end = .)
                0x08004820                        . = ALIGN (0x4)
                0x08004820                        _sidata = LOADADDR (.data)

.rel.dyn        0x08004820        0x0
 .rel.iplt      0x08004820        0x0 C:/ST/STM32CubeIDE_1.19.0/STM32CubeIDE/plugins/com.st.stm32cube.ide.mcu.externaltools.gnu-tools-for-stm32.13.3.rel1.win32_1.0.0.202411081344/tools/bin/../lib/gcc/arm-none-eabi/13.3.1/thumb/v7e-m+fp/hard/crtbegin.o

.data           0x20000000       0x70 load address 0x08004820
                0x20000000                        . = ALIGN (0x4)
                0x20000000                        _sdata = .
 *(.data)
 *(.data*)
 .data.SystemCoreClock
                0x20000000        0x4 ./Core/Src/system_stm32g4xx.o
                0x20000000                SystemCoreClock
 .data.LED_PORT
                0x20000004        0x4 ./Drivers/BSP/STM32G4xx_Nucleo/stm32g4xx_nucleo.o
 .data.BUTTON_PORT
                0x20000008        0x4 ./Drivers/BSP/STM32G4xx_Nucleo/stm32g4xx_nucleo.o
 .data.COM_USART
                0x2000000c        0x4 ./Drivers/BSP/STM32G4xx_Nucleo/stm32g4xx_nucleo.o
 .data.ButtonCallback.1
                0x20000010        0x4 ./Drivers/BSP/STM32G4xx_Nucleo/stm32g4xx_nucleo.o
 .data.BSP_BUTTON_PRIO.0
                0x20000014        0x4 ./Drivers/BSP/STM32G4xx_Nucleo/stm32g4xx_nucleo.o
 .data.uwTickPrio
                0x20000018        0x4 ./Drivers/STM32G4xx_HAL_Driver/Src/stm32g4xx_hal.o
                0x20000018                uwTickPrio
 .data.uwTickFreq
                0x2000001c        0x4 ./Drivers/STM32G4xx_HAL_Driver/Src/stm32g4xx_hal.o
                0x2000001c                uwTickFreq
 .data._impure_ptr
                0x20000020        0x4 C:/ST/STM32CubeIDE_1.19.0/STM32CubeIDE/plugins/com.st.stm32cube.ide.mcu.externaltools.gnu-tools-for-stm32.13.3.rel1.win32_1.0.0.202411081344/tools/bin/../lib/gcc/arm-none-eabi/13.3.1/../../../../arm-none-eabi/lib/thumb/v7e-m+fp/hard\libc_nano.a(libc_a-impure.o)
                0x20000020                _impure_ptr
 .data._impure_data
                0x20000024       0x4c C:/ST/STM32CubeIDE_1.19.0/STM32CubeIDE/plugins/com.st.stm32cube.ide.mcu.externaltools.gnu-tools-for-stm32.13.3.rel1.win32_1.0.0.202411081344/tools/bin/../lib/gcc/arm-none-eabi/13.3.1/../../../../arm-none-eabi/lib/thumb/v7e-m+fp/hard\libc_nano.a(libc_a-impure.o)
                0x20000024                _impure_data
 *(.RamFunc)
 *(.RamFunc*)
                0x20000070                        . = ALIGN (0x4)
                0x20000070                        _edata = .

.igot.plt       0x20000070        0x0 load address 0x08004890
 .igot.plt      0x20000070        0x0 C:/ST/STM32CubeIDE_1.19.0/STM32CubeIDE/plugins/com.st.stm32cube.ide.mcu.externaltools.gnu-tools-for-stm32.13.3.rel1.win32_1.0.0.202411081344/tools/bin/../lib/gcc/arm-none-eabi/13.3.1/thumb/v7e-m+fp/hard/crtbegin.o
                0x20000070                        . = ALIGN (0x4)

.bss            0x20000070     0x2210 load address 0x08004890
                0x20000070                        _sbss = .
                0x20000070                        __bss_start__ = _sbss
 *(.bss)
 .bss           0x20000070       0x1c C:/ST/STM32CubeIDE_1.19.0/STM32CubeIDE/plugins/com.st.stm32cube.ide.mcu.externaltools.gnu-tools-for-stm32.13.3.rel1.win32_1.0.0.202411081344/tools/bin/../lib/gcc/arm-none-eabi/13.3.1/thumb/v7e-m+fp/hard/crtbegin.o
 *(.bss*)
 .bss.state.1   0x2000008c        0x1 ./Core/CustomDriverSet/SrcDriver/TwoDimSoundLoc.o
 .bss.silence_frames.0
                0x2000008d        0x1 ./Core/CustomDriverSet/SrcDriver/TwoDimSoundLoc.o
 *fill*         0x2000008e        0x2 
 .bss.BspCOMInit
                0x20000090       0x10 ./Core/Src/main.o
                0x20000090                BspCOMInit
 .bss.adc_buffer
                0x200000a0     0x2000 ./Core/Src/main.o
                0x200000a0                adc_buffer
 .bss.process_ping
                0x200020a0        0x1 ./Core/Src/main.o
                0x200020a0                process_ping
 .bss.process_pong
                0x200020a1        0x1 ./Core/Src/main.o
                0x200020a1                process_pong
 .bss.frame_id  0x200020a2        0x2 ./Core/Src/main.o
 .bss.frame_skip_cnt
                0x200020a4        0x1 ./Core/Src/main.o
 *fill*         0x200020a5        0x3 
 .bss.hpb_exti  0x200020a8        0x8 ./Drivers/BSP/STM32G4xx_Nucleo/stm32g4xx_nucleo.o
                0x200020a8                hpb_exti
 .bss.hcom_uart
                0x200020b0       0x94 ./Drivers/BSP/STM32G4xx_Nucleo/stm32g4xx_nucleo.o
                0x200020b0                hcom_uart
 .bss.uwTick    0x20002144        0x4 ./Drivers/STM32G4xx_HAL_Driver/Src/stm32g4xx_hal.o
                0x20002144                uwTick
 .bss.__sf      0x20002148      0x138 C:/ST/STM32CubeIDE_1.19.0/STM32CubeIDE/plugins/com.st.stm32cube.ide.mcu.externaltools.gnu-tools-for-stm32.13.3.rel1.win32_1.0.0.202411081344/tools/bin/../lib/gcc/arm-none-eabi/13.3.1/../../../../arm-none-eabi/lib/thumb/v7e-m+fp/hard\libc_nano.a(libc_a-findfp.o)
                0x20002148                __sf
 *(COMMON)
                0x20002280                        . = ALIGN (0x4)
                0x20002280                        _ebss = .
                0x20002280                        __bss_end__ = _ebss

._user_heap_stack
                0x20002280      0x600 load address 0x08004890
                0x20002280                        . = ALIGN (0x8)
                [!provide]                        PROVIDE (end = .)
                0x20002280                        PROVIDE (_end = .)
                0x20002480                        . = (. + _Min_Heap_Size)
 *fill*         0x20002280      0x200 
                0x20002880                        . = (. + _Min_Stack_Size)
 *fill*         0x20002480      0x400 
                0x20002880                        . = ALIGN (0x8)

/DISCARD/
 libc.a(*)
 libm.a(*)
 libgcc.a(*)

.ARM.attributes
                0x00000000       0x30
 *(.ARM.attributes)
 .ARM.attributes
                0x00000000       0x22 C:/ST/STM32CubeIDE_1.19.0/STM32CubeIDE/plugins/com.st.stm32cube.ide.mcu.externaltools.gnu-tools-for-stm32.13.3.rel1.win32_1.0.0.202411081344/tools/bin/../lib/gcc/arm-none-eabi/13.3.1/thumb/v7e-m+fp/hard/crti.o
 .ARM.attributes
                0x00000022       0x34 C:/ST/STM32CubeIDE_1.19.0/STM32CubeIDE/plugins/com.st.stm32cube.ide.mcu.externaltools.gnu-tools-for-stm32.13.3.rel1.win32_1.0.0.202411081344/tools/bin/../lib/gcc/arm-none-eabi/13.3.1/thumb/v7e-m+fp/hard/crtbegin.o
 .ARM.attributes
                0x00000056       0x34 ./Core/CustomDriverSet/SrcDriver/TwoDimSoundLoc.o
 .ARM.attributes
                0x0000008a       0x34 ./Core/Src/main.o
 .ARM.attributes
                0x000000be       0x34 ./Core/Src/stm32g4xx_hal_msp.o
 .ARM.attributes
                0x000000f2       0x34 ./Core/Src/stm32g4xx_it.o
 .ARM.attributes
                0x00000126       0x34 ./Core/Src/system_stm32g4xx.o
 .ARM.attributes
                0x0000015a       0x21 ./Core/Startup/startup_stm32g474retx.o
 .ARM.attributes
                0x0000017b       0x34 ./Drivers/BSP/STM32G4xx_Nucleo/stm32g4xx_nucleo.o
 .ARM.attributes
                0x000001af       0x34 ./Drivers/STM32G4xx_HAL_Driver/Src/stm32g4xx_hal.o
 .ARM.attributes
                0x000001e3       0x34 ./Drivers/STM32G4xx_HAL_Driver/Src/stm32g4xx_hal_cortex.o
 .ARM.attributes
                0x00000217       0x34 ./Drivers/STM32G4xx_HAL_Driver/Src/stm32g4xx_hal_exti.o
 .ARM.attributes
                0x0000024b       0x34 ./Drivers/STM32G4xx_HAL_Driver/Src/stm32g4xx_hal_gpio.o
 .ARM.attributes
                0x0000027f       0x34 ./Drivers/STM32G4xx_HAL_Driver/Src/stm32g4xx_hal_pwr_ex.o
 .ARM.attributes
                0x000002b3       0x34 ./Drivers/STM32G4xx_HAL_Driver/Src/stm32g4xx_hal_rcc.o
 .ARM.attributes
                0x000002e7       0x34 ./Drivers/STM32G4xx_HAL_Driver/Src/stm32g4xx_hal_uart.o
 .ARM.attributes
                0x0000031b       0x34 ./Drivers/STM32G4xx_HAL_Driver/Src/stm32g4xx_ll_adc.o
 .ARM.attributes
                0x0000034f       0x34 ./Drivers/STM32G4xx_HAL_Driver/Src/stm32g4xx_ll_gpio.o
 .ARM.attributes
                0x00000383       0x34 ./Drivers/STM32G4xx_HAL_Driver/Src/stm32g4xx_ll_rcc.o
 .ARM.attributes
                0x000003b7       0x34 ./Drivers/STM32G4xx_HAL_Driver/Src/stm32g4xx_ll_tim.o
 .ARM.attributes
                0x000003eb       0x34 ./Drivers/STM32G4xx_HAL_Driver/Src/stm32g4xx_ll_usart.o
 .ARM.attributes
                0x0000041f       0x34 ./Drivers/STM32G4xx_HAL_Driver/Src/stm32g4xx_ll_utils.o
 .ARM.attributes
                0x00000453       0x34 C:/ST/STM32CubeIDE_1.19.0/STM32CubeIDE/plugins/com.st.stm32cube.ide.mcu.externaltools.gnu-tools-for-stm32.13.3.rel1.win32_1.0.0.202411081344/tools/bin/../lib/gcc/arm-none-eabi/13.3.1/../../../../arm-none-eabi/lib/thumb/v7e-m+fp/hard\libc_nano.a(libc_a-findfp.o)
 .ARM.attributes
                0x00000487       0x34 C:/ST/STM32CubeIDE_1.19.0/STM32CubeIDE/plugins/com.st.stm32cube.ide.mcu.externaltools.gnu-tools-for-stm32.13.3.rel1.win32_1.0.0.202411081344/tools/bin/../lib/gcc/arm-none-eabi/13.3.1/../../../../arm-none-eabi/lib/thumb/v7e-m+fp/hard\libc_nano.a(libc_a-memset.o)
 .ARM.attributes
                0x000004bb       0x34 C:/ST/STM32CubeIDE_1.19.0/STM32CubeIDE/plugins/com.st.stm32cube.ide.mcu.externaltools.gnu-tools-for-stm32.13.3.rel1.win32_1.0.0.202411081344/tools/bin/../lib/gcc/arm-none-eabi/13.3.1/../../../../arm-none-eabi/lib/thumb/v7e-m+fp/hard\libc_nano.a(libc_a-impure.o)
 .ARM.attributes
                0x000004ef       0x34 C:/ST/STM32CubeIDE_1.19.0/STM32CubeIDE/plugins/com.st.stm32cube.ide.mcu.externaltools.gnu-tools-for-stm32.13.3.rel1.win32_1.0.0.202411081344/tools/bin/../lib/gcc/arm-none-eabi/13.3.1/../../../../arm-none-eabi/lib/thumb/v7e-m+fp/hard\libc_nano.a(libc_a-errno.o)
 .ARM.attributes
                0x00000523       0x34 C:/ST/STM32CubeIDE_1.19.0/STM32CubeIDE/plugins/com.st.stm32cube.ide.mcu.externaltools.gnu-tools-for-stm32.13.3.rel1.win32_1.0.0.202411081344/tools/bin/../lib/gcc/arm-none-eabi/13.3.1/../../../../arm-none-eabi/lib/thumb/v7e-m+fp/hard\libc_nano.a(libc_a-init.o)
 .ARM.attributes
                0x00000557       0x34 C:/ST/STM32CubeIDE_1.19.0/STM32CubeIDE/plugins/com.st.stm32cube.ide.mcu.externaltools.gnu-tools-for-stm32.13.3.rel1.win32_1.0.0.202411081344/tools/bin/../lib/gcc/arm-none-eabi/13.3.1/../../../../arm-none-eabi/lib/thumb/v7e-m+fp/hard\libm.a(libm_a-wf_asin.o)
 .ARM.attributes
                0x0000058b       0x34 C:/ST/STM32CubeIDE_1.19.0/STM32CubeIDE/plugins/com.st.stm32cube.ide.mcu.externaltools.gnu-tools-for-stm32.13.3.rel1.win32_1.0.0.202411081344/tools/bin/../lib/gcc/arm-none-eabi/13.3.1/../../../../arm-none-eabi/lib/thumb/v7e-m+fp/hard\libm.a(libm_a-sf_fabs.o)
 .ARM.attributes
                0x000005bf       0x34 C:/ST/STM32CubeIDE_1.19.0/STM32CubeIDE/plugins/com.st.stm32cube.ide.mcu.externaltools.gnu-tools-for-stm32.13.3.rel1.win32_1.0.0.202411081344/tools/bin/../lib/gcc/arm-none-eabi/13.3.1/../../../../arm-none-eabi/lib/thumb/v7e-m+fp/hard\libm.a(libm_a-sf_nan.o)
 .ARM.attributes
                0x000005f3       0x34 C:/ST/STM32CubeIDE_1.19.0/STM32CubeIDE/plugins/com.st.stm32cube.ide.mcu.externaltools.gnu-tools-for-stm32.13.3.rel1.win32_1.0.0.202411081344/tools/bin/../lib/gcc/arm-none-eabi/13.3.1/../../../../arm-none-eabi/lib/thumb/v7e-m+fp/hard\libm.a(libm_a-ef_asin.o)
 .ARM.attributes
                0x00000627       0x34 C:/ST/STM32CubeIDE_1.19.0/STM32CubeIDE/plugins/com.st.stm32cube.ide.mcu.externaltools.gnu-tools-for-stm32.13.3.rel1.win32_1.0.0.202411081344/tools/bin/../lib/gcc/arm-none-eabi/13.3.1/../../../../arm-none-eabi/lib/thumb/v7e-m+fp/hard\libm.a(libm_a-ef_sqrt.o)
 .ARM.attributes
                0x0000065b       0x22 C:/ST/STM32CubeIDE_1.19.0/STM32CubeIDE/plugins/com.st.stm32cube.ide.mcu.externaltools.gnu-tools-for-stm32.13.3.rel1.win32_1.0.0.202411081344/tools/bin/../lib/gcc/arm-none-eabi/13.3.1/thumb/v7e-m+fp/hard\libgcc.a(_aeabi_uldivmod.o)
 .ARM.attributes
                0x0000067d       0x34 C:/ST/STM32CubeIDE_1.19.0/STM32CubeIDE/plugins/com.st.stm32cube.ide.mcu.externaltools.gnu-tools-for-stm32.13.3.rel1.win32_1.0.0.202411081344/tools/bin/../lib/gcc/arm-none-eabi/13.3.1/thumb/v7e-m+fp/hard\libgcc.a(_udivmoddi4.o)
 .ARM.attributes
                0x000006b1       0x22 C:/ST/STM32CubeIDE_1.19.0/STM32CubeIDE/plugins/com.st.stm32cube.ide.mcu.externaltools.gnu-tools-for-stm32.13.3.rel1.win32_1.0.0.202411081344/tools/bin/../lib/gcc/arm-none-eabi/13.3.1/thumb/v7e-m+fp/hard\libgcc.a(_dvmd_tls.o)
 .ARM.attributes
                0x000006d3       0x22 C:/ST/STM32CubeIDE_1.19.0/STM32CubeIDE/plugins/com.st.stm32cube.ide.mcu.externaltools.gnu-tools-for-stm32.13.3.rel1.win32_1.0.0.202411081344/tools/bin/../lib/gcc/arm-none-eabi/13.3.1/thumb/v7e-m+fp/hard/crtn.o
OUTPUT(Sound Localization.elf elf32-littlearm)
LOAD linker stubs
LOAD C:/ST/STM32CubeIDE_1.19.0/STM32CubeIDE/plugins/com.st.stm32cube.ide.mcu.externaltools.gnu-tools-for-stm32.13.3.rel1.win32_1.0.0.202411081344/tools/bin/../lib/gcc/arm-none-eabi/13.3.1/../../../../arm-none-eabi/lib/thumb/v7e-m+fp/hard\libc.a
LOAD C:/ST/STM32CubeIDE_1.19.0/STM32CubeIDE/plugins/com.st.stm32cube.ide.mcu.externaltools.gnu-tools-for-stm32.13.3.rel1.win32_1.0.0.202411081344/tools/bin/../lib/gcc/arm-none-eabi/13.3.1/../../../../arm-none-eabi/lib/thumb/v7e-m+fp/hard\libm.a
LOAD C:/ST/STM32CubeIDE_1.19.0/STM32CubeIDE/plugins/com.st.stm32cube.ide.mcu.externaltools.gnu-tools-for-stm32.13.3.rel1.win32_1.0.0.202411081344/tools/bin/../lib/gcc/arm-none-eabi/13.3.1/thumb/v7e-m+fp/hard\libgcc.a

.debug_info     0x00000000    0x11d43
 .debug_info    0x00000000      0x21e ./Core/CustomDriverSet/SrcDriver/TwoDimSoundLoc.o
 .debug_info    0x0000021e     0x2b4c ./Core/Src/main.o
 .debug_info    0x00002d6a      0x3c4 ./Core/Src/stm32g4xx_hal_msp.o
 .debug_info    0x0000312e      0x459 ./Core/Src/stm32g4xx_it.o
 .debug_info    0x00003587      0x58e ./Core/Src/system_stm32g4xx.o
 .debug_info    0x00003b15       0x30 ./Core/Startup/startup_stm32g474retx.o
 .debug_info    0x00003b45     0x1762 ./Drivers/BSP/STM32G4xx_Nucleo/stm32g4xx_nucleo.o
 .debug_info    0x000052a7      0xb95 ./Drivers/STM32G4xx_HAL_Driver/Src/stm32g4xx_hal.o
 .debug_info    0x00005e3c      0xdf9 ./Drivers/STM32G4xx_HAL_Driver/Src/stm32g4xx_hal_cortex.o
 .debug_info    0x00006c35      0x65f ./Drivers/STM32G4xx_HAL_Driver/Src/stm32g4xx_hal_exti.o
 .debug_info    0x00007294      0x772 ./Drivers/STM32G4xx_HAL_Driver/Src/stm32g4xx_hal_gpio.o
 .debug_info    0x00007a06      0x944 ./Drivers/STM32G4xx_HAL_Driver/Src/stm32g4xx_hal_pwr_ex.o
 .debug_info    0x0000834a      0xbf9 ./Drivers/STM32G4xx_HAL_Driver/Src/stm32g4xx_hal_rcc.o
 .debug_info    0x00008f43     0x4854 ./Drivers/STM32G4xx_HAL_Driver/Src/stm32g4xx_hal_uart.o
 .debug_info    0x0000d797      0xb14 ./Drivers/STM32G4xx_HAL_Driver/Src/stm32g4xx_ll_adc.o
 .debug_info    0x0000e2ab      0x965 ./Drivers/STM32G4xx_HAL_Driver/Src/stm32g4xx_ll_gpio.o
 .debug_info    0x0000ec10      0xb6e ./Drivers/STM32G4xx_HAL_Driver/Src/stm32g4xx_ll_rcc.o
 .debug_info    0x0000f77e     0x11d8 ./Drivers/STM32G4xx_HAL_Driver/Src/stm32g4xx_ll_tim.o
 .debug_info    0x00010956      0x7c3 ./Drivers/STM32G4xx_HAL_Driver/Src/stm32g4xx_ll_usart.o
 .debug_info    0x00011119      0xc2a ./Drivers/STM32G4xx_HAL_Driver/Src/stm32g4xx_ll_utils.o

.debug_abbrev   0x00000000     0x2946
 .debug_abbrev  0x00000000       0xd8 ./Core/CustomDriverSet/SrcDriver/TwoDimSoundLoc.o
 .debug_abbrev  0x000000d8      0x409 ./Core/Src/main.o
 .debug_abbrev  0x000004e1       0xf0 ./Core/Src/stm32g4xx_hal_msp.o
 .debug_abbrev  0x000005d1      0x1a0 ./Core/Src/stm32g4xx_it.o
 .debug_abbrev  0x00000771      0x11a ./Core/Src/system_stm32g4xx.o
 .debug_abbrev  0x0000088b       0x24 ./Core/Startup/startup_stm32g474retx.o
 .debug_abbrev  0x000008af      0x2fb ./Drivers/BSP/STM32G4xx_Nucleo/stm32g4xx_nucleo.o
 .debug_abbrev  0x00000baa      0x271 ./Drivers/STM32G4xx_HAL_Driver/Src/stm32g4xx_hal.o
 .debug_abbrev  0x00000e1b      0x31c ./Drivers/STM32G4xx_HAL_Driver/Src/stm32g4xx_hal_cortex.o
 .debug_abbrev  0x00001137      0x1b1 ./Drivers/STM32G4xx_HAL_Driver/Src/stm32g4xx_hal_exti.o
 .debug_abbrev  0x000012e8      0x1d2 ./Drivers/STM32G4xx_HAL_Driver/Src/stm32g4xx_hal_gpio.o
 .debug_abbrev  0x000014ba      0x22c ./Drivers/STM32G4xx_HAL_Driver/Src/stm32g4xx_hal_pwr_ex.o
 .debug_abbrev  0x000016e6      0x2c9 ./Drivers/STM32G4xx_HAL_Driver/Src/stm32g4xx_hal_rcc.o
 .debug_abbrev  0x000019af      0x304 ./Drivers/STM32G4xx_HAL_Driver/Src/stm32g4xx_hal_uart.o
 .debug_abbrev  0x00001cb3      0x1a9 ./Drivers/STM32G4xx_HAL_Driver/Src/stm32g4xx_ll_adc.o
 .debug_abbrev  0x00001e5c      0x23c ./Drivers/STM32G4xx_HAL_Driver/Src/stm32g4xx_ll_gpio.o
 .debug_abbrev  0x00002098      0x234 ./Drivers/STM32G4xx_HAL_Driver/Src/stm32g4xx_ll_rcc.o
 .debug_abbrev  0x000022cc      0x23e ./Drivers/STM32G4xx_HAL_Driver/Src/stm32g4xx_ll_tim.o
 .debug_abbrev  0x0000250a      0x1de ./Drivers/STM32G4xx_HAL_Driver/Src/stm32g4xx_ll_usart.o
 .debug_abbrev  0x000026e8      0x25e ./Drivers/STM32G4xx_HAL_Driver/Src/stm32g4xx_ll_utils.o

.debug_aranges  0x00000000     0x11b8
 .debug_aranges
                0x00000000       0x20 ./Core/CustomDriverSet/SrcDriver/TwoDimSoundLoc.o
 .debug_aranges
                0x00000020      0x298 ./Core/Src/main.o
 .debug_aranges
                0x000002b8       0x20 ./Core/Src/stm32g4xx_hal_msp.o
 .debug_aranges
                0x000002d8       0xa8 ./Core/Src/stm32g4xx_it.o
 .debug_aranges
                0x00000380       0x28 ./Core/Src/system_stm32g4xx.o
 .debug_aranges
                0x000003a8       0x28 ./Core/Startup/startup_stm32g474retx.o
 .debug_aranges
                0x000003d0       0xc8 ./Drivers/BSP/STM32G4xx_Nucleo/stm32g4xx_nucleo.o
 .debug_aranges
                0x00000498      0x148 ./Drivers/STM32G4xx_HAL_Driver/Src/stm32g4xx_hal.o
 .debug_aranges
                0x000005e0      0x128 ./Drivers/STM32G4xx_HAL_Driver/Src/stm32g4xx_hal_cortex.o
 .debug_aranges
                0x00000708       0x60 ./Drivers/STM32G4xx_HAL_Driver/Src/stm32g4xx_hal_exti.o
 .debug_aranges
                0x00000768       0x58 ./Drivers/STM32G4xx_HAL_Driver/Src/stm32g4xx_hal_gpio.o
 .debug_aranges
                0x000007c0      0x140 ./Drivers/STM32G4xx_HAL_Driver/Src/stm32g4xx_hal_pwr_ex.o
 .debug_aranges
                0x00000900       0x98 ./Drivers/STM32G4xx_HAL_Driver/Src/stm32g4xx_hal_rcc.o
 .debug_aranges
                0x00000998      0x248 ./Drivers/STM32G4xx_HAL_Driver/Src/stm32g4xx_hal_uart.o
 .debug_aranges
                0x00000be0       0xd0 ./Drivers/STM32G4xx_HAL_Driver/Src/stm32g4xx_ll_adc.o
 .debug_aranges
                0x00000cb0       0x70 ./Drivers/STM32G4xx_HAL_Driver/Src/stm32g4xx_ll_gpio.o
 .debug_aranges
                0x00000d20      0x1c8 ./Drivers/STM32G4xx_HAL_Driver/Src/stm32g4xx_ll_rcc.o
 .debug_aranges
                0x00000ee8      0x148 ./Drivers/STM32G4xx_HAL_Driver/Src/stm32g4xx_ll_tim.o
 .debug_aranges
                0x00001030       0x88 ./Drivers/STM32G4xx_HAL_Driver/Src/stm32g4xx_ll_usart.o
 .debug_aranges
                0x000010b8      0x100 ./Drivers/STM32G4xx_HAL_Driver/Src/stm32g4xx_ll_utils.o

.debug_rnglists
                0x00000000      0xd6a
 .debug_rnglists
                0x00000000       0x14 ./Core/CustomDriverSet/SrcDriver/TwoDimSoundLoc.o
 .debug_rnglists
                0x00000014      0x1f2 ./Core/Src/main.o
 .debug_rnglists
                0x00000206       0x13 ./Core/Src/stm32g4xx_hal_msp.o
 .debug_rnglists
                0x00000219       0x79 ./Core/Src/stm32g4xx_it.o
 .debug_rnglists
                0x00000292       0x1a ./Core/Src/system_stm32g4xx.o
 .debug_rnglists
                0x000002ac       0x19 ./Core/Startup/startup_stm32g474retx.o
 .debug_rnglists
                0x000002c5       0x93 ./Drivers/BSP/STM32G4xx_Nucleo/stm32g4xx_nucleo.o
 .debug_rnglists
                0x00000358       0xf1 ./Drivers/STM32G4xx_HAL_Driver/Src/stm32g4xx_hal.o
 .debug_rnglists
                0x00000449       0xda ./Drivers/STM32G4xx_HAL_Driver/Src/stm32g4xx_hal_cortex.o
 .debug_rnglists
                0x00000523       0x46 ./Drivers/STM32G4xx_HAL_Driver/Src/stm32g4xx_hal_exti.o
 .debug_rnglists
                0x00000569       0x3f ./Drivers/STM32G4xx_HAL_Driver/Src/stm32g4xx_hal_gpio.o
 .debug_rnglists
                0x000005a8       0xf1 ./Drivers/STM32G4xx_HAL_Driver/Src/stm32g4xx_hal_pwr_ex.o
 .debug_rnglists
                0x00000699       0x74 ./Drivers/STM32G4xx_HAL_Driver/Src/stm32g4xx_hal_rcc.o
 .debug_rnglists
                0x0000070d      0x1f7 ./Drivers/STM32G4xx_HAL_Driver/Src/stm32g4xx_hal_uart.o
 .debug_rnglists
                0x00000904       0x9a ./Drivers/STM32G4xx_HAL_Driver/Src/stm32g4xx_ll_adc.o
 .debug_rnglists
                0x0000099e       0x51 ./Drivers/STM32G4xx_HAL_Driver/Src/stm32g4xx_ll_gpio.o
 .debug_rnglists
                0x000009ef      0x15a ./Drivers/STM32G4xx_HAL_Driver/Src/stm32g4xx_ll_rcc.o
 .debug_rnglists
                0x00000b49       0xfe ./Drivers/STM32G4xx_HAL_Driver/Src/stm32g4xx_ll_tim.o
 .debug_rnglists
                0x00000c47       0x64 ./Drivers/STM32G4xx_HAL_Driver/Src/stm32g4xx_ll_usart.o
 .debug_rnglists
                0x00000cab       0xbf ./Drivers/STM32G4xx_HAL_Driver/Src/stm32g4xx_ll_utils.o

.debug_macro    0x00000000    0x2c0f2
 .debug_macro   0x00000000      0x274 ./Core/CustomDriverSet/SrcDriver/TwoDimSoundLoc.o
 .debug_macro   0x00000274      0x155 ./Core/CustomDriverSet/SrcDriver/TwoDimSoundLoc.o
 .debug_macro   0x000003c9       0x2e ./Core/CustomDriverSet/SrcDriver/TwoDimSoundLoc.o
 .debug_macro   0x000003f7       0x28 ./Core/CustomDriverSet/SrcDriver/TwoDimSoundLoc.o
 .debug_macro   0x0000041f       0x1c ./Core/CustomDriverSet/SrcDriver/TwoDimSoundLoc.o
 .debug_macro   0x0000043b       0x22 ./Core/CustomDriverSet/SrcDriver/TwoDimSoundLoc.o
 .debug_macro   0x0000045d       0xfb ./Core/CustomDriverSet/SrcDriver/TwoDimSoundLoc.o
 .debug_macro   0x00000558     0x1011 ./Core/CustomDriverSet/SrcDriver/TwoDimSoundLoc.o
 .debug_macro   0x00001569      0x11f ./Core/CustomDriverSet/SrcDriver/TwoDimSoundLoc.o
 .debug_macro   0x00001688    0x18b8c ./Core/CustomDriverSet/SrcDriver/TwoDimSoundLoc.o
 .debug_macro   0x0001a214       0x6d ./Core/CustomDriverSet/SrcDriver/TwoDimSoundLoc.o
 .debug_macro   0x0001a281     0x3558 ./Core/CustomDriverSet/SrcDriver/TwoDimSoundLoc.o
 .debug_macro   0x0001d7d9      0x190 ./Core/CustomDriverSet/SrcDriver/TwoDimSoundLoc.o
 .debug_macro   0x0001d969       0x5c ./Core/CustomDriverSet/SrcDriver/TwoDimSoundLoc.o
 .debug_macro   0x0001d9c5     0x171f ./Core/CustomDriverSet/SrcDriver/TwoDimSoundLoc.o
 .debug_macro   0x0001f0e4      0x600 ./Core/CustomDriverSet/SrcDriver/TwoDimSoundLoc.o
 .debug_macro   0x0001f6e4      0x1b6 ./Core/CustomDriverSet/SrcDriver/TwoDimSoundLoc.o
 .debug_macro   0x0001f89a      0x34a ./Core/CustomDriverSet/SrcDriver/TwoDimSoundLoc.o
 .debug_macro   0x0001fbe4      0x53c ./Core/CustomDriverSet/SrcDriver/TwoDimSoundLoc.o
 .debug_macro   0x00020120      0x18b ./Core/CustomDriverSet/SrcDriver/TwoDimSoundLoc.o
 .debug_macro   0x000202ab       0x43 ./Core/CustomDriverSet/SrcDriver/TwoDimSoundLoc.o
 .debug_macro   0x000202ee      0x23d ./Core/CustomDriverSet/SrcDriver/TwoDimSoundLoc.o
 .debug_macro   0x0002052b      0x211 ./Core/CustomDriverSet/SrcDriver/TwoDimSoundLoc.o
 .debug_macro   0x0002073c      0x45c ./Core/CustomDriverSet/SrcDriver/TwoDimSoundLoc.o
 .debug_macro   0x00020b98      0x11c ./Core/CustomDriverSet/SrcDriver/TwoDimSoundLoc.o
 .debug_macro   0x00020cb4      0x122 ./Core/CustomDriverSet/SrcDriver/TwoDimSoundLoc.o
 .debug_macro   0x00020dd6      0x3d1 ./Core/CustomDriverSet/SrcDriver/TwoDimSoundLoc.o
 .debug_macro   0x000211a7      0x693 ./Core/CustomDriverSet/SrcDriver/TwoDimSoundLoc.o
 .debug_macro   0x0002183a       0xa6 ./Core/CustomDriverSet/SrcDriver/TwoDimSoundLoc.o
 .debug_macro   0x000218e0      0x358 ./Core/CustomDriverSet/SrcDriver/TwoDimSoundLoc.o
 .debug_macro   0x00021c38       0x61 ./Core/CustomDriverSet/SrcDriver/TwoDimSoundLoc.o
 .debug_macro   0x00021c99       0x2a ./Core/CustomDriverSet/SrcDriver/TwoDimSoundLoc.o
 .debug_macro   0x00021cc3       0x43 ./Core/CustomDriverSet/SrcDriver/TwoDimSoundLoc.o
 .debug_macro   0x00021d06       0x34 ./Core/CustomDriverSet/SrcDriver/TwoDimSoundLoc.o
 .debug_macro   0x00021d3a      0x370 ./Core/CustomDriverSet/SrcDriver/TwoDimSoundLoc.o
 .debug_macro   0x000220aa       0x16 ./Core/CustomDriverSet/SrcDriver/TwoDimSoundLoc.o
 .debug_macro   0x000220c0       0x4a ./Core/CustomDriverSet/SrcDriver/TwoDimSoundLoc.o
 .debug_macro   0x0002210a       0x34 ./Core/CustomDriverSet/SrcDriver/TwoDimSoundLoc.o
 .debug_macro   0x0002213e       0x10 ./Core/CustomDriverSet/SrcDriver/TwoDimSoundLoc.o
 .debug_macro   0x0002214e       0x58 ./Core/CustomDriverSet/SrcDriver/TwoDimSoundLoc.o
 .debug_macro   0x000221a6       0x8e ./Core/CustomDriverSet/SrcDriver/TwoDimSoundLoc.o
 .debug_macro   0x00022234       0x1c ./Core/CustomDriverSet/SrcDriver/TwoDimSoundLoc.o
 .debug_macro   0x00022250      0x185 ./Core/CustomDriverSet/SrcDriver/TwoDimSoundLoc.o
 .debug_macro   0x000223d5      0x19b ./Core/CustomDriverSet/SrcDriver/TwoDimSoundLoc.o
 .debug_macro   0x00022570       0x64 ./Core/CustomDriverSet/SrcDriver/TwoDimSoundLoc.o
 .debug_macro   0x000225d4      0x39e ./Core/Src/main.o
 .debug_macro   0x00022972       0x52 ./Core/Src/main.o
 .debug_macro   0x000229c4       0x22 ./Core/Src/main.o
 .debug_macro   0x000229e6      0x100 ./Core/Src/main.o
 .debug_macro   0x00022ae6       0x16 ./Core/Src/main.o
 .debug_macro   0x00022afc       0x3c ./Core/Src/main.o
 .debug_macro   0x00022b38       0x10 ./Core/Src/main.o
 .debug_macro   0x00022b48       0x16 ./Core/Src/main.o
 .debug_macro   0x00022b5e       0x16 ./Core/Src/main.o
 .debug_macro   0x00022b74      0x146 ./Core/Src/main.o
 .debug_macro   0x00022cba     0x1111 ./Core/Src/main.o
 .debug_macro   0x00023dcb      0x63e ./Core/Src/main.o
 .debug_macro   0x00024409      0x2cc ./Core/Src/main.o
 .debug_macro   0x000246d5      0x652 ./Core/Src/main.o
 .debug_macro   0x00024d27      0x1d0 ./Core/Src/main.o
 .debug_macro   0x00024ef7       0xd0 ./Core/Src/main.o
 .debug_macro   0x00024fc7      0x34f ./Core/Src/main.o
 .debug_macro   0x00025316      0x178 ./Core/Src/main.o
 .debug_macro   0x0002548e      0x1a6 ./Core/Src/main.o
 .debug_macro   0x00025634       0xa0 ./Core/Src/main.o
 .debug_macro   0x000256d4      0x231 ./Core/Src/main.o
 .debug_macro   0x00025905      0xfc9 ./Core/Src/main.o
 .debug_macro   0x000268ce      0x40f ./Core/Src/main.o
 .debug_macro   0x00026cdd      0x169 ./Core/Src/main.o
 .debug_macro   0x00026e46       0x58 ./Core/Src/main.o
 .debug_macro   0x00026e9e      0x346 ./Core/Src/stm32g4xx_hal_msp.o
 .debug_macro   0x000271e4      0x350 ./Core/Src/stm32g4xx_it.o
 .debug_macro   0x00027534      0x1ba ./Core/Src/system_stm32g4xx.o
 .debug_macro   0x000276ee      0x1e7 ./Drivers/BSP/STM32G4xx_Nucleo/stm32g4xx_nucleo.o
 .debug_macro   0x000278d5       0x1c ./Drivers/BSP/STM32G4xx_Nucleo/stm32g4xx_nucleo.o
 .debug_macro   0x000278f1      0x208 ./Drivers/STM32G4xx_HAL_Driver/Src/stm32g4xx_hal.o
 .debug_macro   0x00027af9      0x1ba ./Drivers/STM32G4xx_HAL_Driver/Src/stm32g4xx_hal_cortex.o
 .debug_macro   0x00027cb3      0x1c6 ./Drivers/STM32G4xx_HAL_Driver/Src/stm32g4xx_hal_exti.o
 .debug_macro   0x00027e79      0x1c1 ./Drivers/STM32G4xx_HAL_Driver/Src/stm32g4xx_hal_gpio.o
 .debug_macro   0x0002803a      0x1e4 ./Drivers/STM32G4xx_HAL_Driver/Src/stm32g4xx_hal_pwr_ex.o
 .debug_macro   0x0002821e      0x1fc ./Drivers/STM32G4xx_HAL_Driver/Src/stm32g4xx_hal_rcc.o
 .debug_macro   0x0002841a      0x1e5 ./Drivers/STM32G4xx_HAL_Driver/Src/stm32g4xx_hal_uart.o
 .debug_macro   0x000285ff      0x26a ./Drivers/STM32G4xx_HAL_Driver/Src/stm32g4xx_ll_adc.o
 .debug_macro   0x00028869     0x110b ./Drivers/STM32G4xx_HAL_Driver/Src/stm32g4xx_ll_adc.o
 .debug_macro   0x00029974      0x1fc ./Drivers/STM32G4xx_HAL_Driver/Src/stm32g4xx_ll_gpio.o
 .debug_macro   0x00029b70      0x163 ./Drivers/STM32G4xx_HAL_Driver/Src/stm32g4xx_ll_gpio.o
 .debug_macro   0x00029cd3      0x217 ./Drivers/STM32G4xx_HAL_Driver/Src/stm32g4xx_ll_rcc.o
 .debug_macro   0x00029eea      0x64c ./Drivers/STM32G4xx_HAL_Driver/Src/stm32g4xx_ll_rcc.o
 .debug_macro   0x0002a536      0x273 ./Drivers/STM32G4xx_HAL_Driver/Src/stm32g4xx_ll_tim.o
 .debug_macro   0x0002a7a9      0xfc3 ./Drivers/STM32G4xx_HAL_Driver/Src/stm32g4xx_ll_tim.o
 .debug_macro   0x0002b76c      0x235 ./Drivers/STM32G4xx_HAL_Driver/Src/stm32g4xx_ll_usart.o
 .debug_macro   0x0002b9a1      0x409 ./Drivers/STM32G4xx_HAL_Driver/Src/stm32g4xx_ll_usart.o
 .debug_macro   0x0002bdaa      0x2ae ./Drivers/STM32G4xx_HAL_Driver/Src/stm32g4xx_ll_utils.o
 .debug_macro   0x0002c058       0x9a ./Drivers/STM32G4xx_HAL_Driver/Src/stm32g4xx_ll_utils.o

.debug_line     0x00000000    0x11acd
 .debug_line    0x00000000      0x9df ./Core/CustomDriverSet/SrcDriver/TwoDimSoundLoc.o
 .debug_line    0x000009df     0x174c ./Core/Src/main.o
 .debug_line    0x0000212b      0xa32 ./Core/Src/stm32g4xx_hal_msp.o
 .debug_line    0x00002b5d      0xc16 ./Core/Src/stm32g4xx_it.o
 .debug_line    0x00003773      0x79d ./Core/Src/system_stm32g4xx.o
 .debug_line    0x00003f10       0x7b ./Core/Startup/startup_stm32g474retx.o
 .debug_line    0x00003f8b      0xac5 ./Drivers/BSP/STM32G4xx_Nucleo/stm32g4xx_nucleo.o
 .debug_line    0x00004a50      0xb69 ./Drivers/STM32G4xx_HAL_Driver/Src/stm32g4xx_hal.o
 .debug_line    0x000055b9      0xcce ./Drivers/STM32G4xx_HAL_Driver/Src/stm32g4xx_hal_cortex.o
 .debug_line    0x00006287      0xaa9 ./Drivers/STM32G4xx_HAL_Driver/Src/stm32g4xx_hal_exti.o
 .debug_line    0x00006d30      0xb55 ./Drivers/STM32G4xx_HAL_Driver/Src/stm32g4xx_hal_gpio.o
 .debug_line    0x00007885      0xcc8 ./Drivers/STM32G4xx_HAL_Driver/Src/stm32g4xx_hal_pwr_ex.o
 .debug_line    0x0000854d      0xfec ./Drivers/STM32G4xx_HAL_Driver/Src/stm32g4xx_hal_rcc.o
 .debug_line    0x00009539     0x35cb ./Drivers/STM32G4xx_HAL_Driver/Src/stm32g4xx_hal_uart.o
 .debug_line    0x0000cb04      0xb89 ./Drivers/STM32G4xx_HAL_Driver/Src/stm32g4xx_ll_adc.o
 .debug_line    0x0000d68d      0xacd ./Drivers/STM32G4xx_HAL_Driver/Src/stm32g4xx_ll_gpio.o
 .debug_line    0x0000e15a     0x13f2 ./Drivers/STM32G4xx_HAL_Driver/Src/stm32g4xx_ll_rcc.o
 .debug_line    0x0000f54c      0xf05 ./Drivers/STM32G4xx_HAL_Driver/Src/stm32g4xx_ll_tim.o
 .debug_line    0x00010451      0x9b0 ./Drivers/STM32G4xx_HAL_Driver/Src/stm32g4xx_ll_usart.o
 .debug_line    0x00010e01      0xccc ./Drivers/STM32G4xx_HAL_Driver/Src/stm32g4xx_ll_utils.o

.debug_str      0x00000000   0x114e63
 .debug_str     0x00000000   0x114e63 ./Core/CustomDriverSet/SrcDriver/TwoDimSoundLoc.o
                              0xe5ee4 (size before relaxing)
 .debug_str     0x00114e63   0x10bab6 ./Core/Src/main.o
 .debug_str     0x00114e63   0x1097c3 ./Core/Src/stm32g4xx_hal_msp.o
 .debug_str     0x00114e63   0x10984b ./Core/Src/stm32g4xx_it.o
 .debug_str     0x00114e63    0xe2569 ./Core/Src/system_stm32g4xx.o
 .debug_str     0x00114e63       0x73 ./Core/Startup/startup_stm32g474retx.o
 .debug_str     0x00114e63    0xe3e4b ./Drivers/BSP/STM32G4xx_Nucleo/stm32g4xx_nucleo.o
 .debug_str     0x00114e63    0xe327b ./Drivers/STM32G4xx_HAL_Driver/Src/stm32g4xx_hal.o
 .debug_str     0x00114e63    0xe2f37 ./Drivers/STM32G4xx_HAL_Driver/Src/stm32g4xx_hal_cortex.o
 .debug_str     0x00114e63    0xe2603 ./Drivers/STM32G4xx_HAL_Driver/Src/stm32g4xx_hal_exti.o
 .debug_str     0x00114e63    0xe26f4 ./Drivers/STM32G4xx_HAL_Driver/Src/stm32g4xx_hal_gpio.o
 .debug_str     0x00114e63    0xe2a57 ./Drivers/STM32G4xx_HAL_Driver/Src/stm32g4xx_hal_pwr_ex.o
 .debug_str     0x00114e63    0xe2c88 ./Drivers/STM32G4xx_HAL_Driver/Src/stm32g4xx_hal_rcc.o
 .debug_str     0x00114e63    0xe3524 ./Drivers/STM32G4xx_HAL_Driver/Src/stm32g4xx_hal_uart.o
 .debug_str     0x00114e63    0xf2a6a ./Drivers/STM32G4xx_HAL_Driver/Src/stm32g4xx_ll_adc.o
 .debug_str     0x00114e63    0xe3fe0 ./Drivers/STM32G4xx_HAL_Driver/Src/stm32g4xx_ll_gpio.o
 .debug_str     0x00114e63    0xe6b98 ./Drivers/STM32G4xx_HAL_Driver/Src/stm32g4xx_ll_rcc.o
 .debug_str     0x00114e63    0xed072 ./Drivers/STM32G4xx_HAL_Driver/Src/stm32g4xx_ll_tim.o
 .debug_str     0x00114e63    0xe90e9 ./Drivers/STM32G4xx_HAL_Driver/Src/stm32g4xx_ll_usart.o
 .debug_str     0x00114e63    0xe99aa ./Drivers/STM32G4xx_HAL_Driver/Src/stm32g4xx_ll_utils.o

.comment        0x00000000       0x43
 .comment       0x00000000       0x43 ./Core/CustomDriverSet/SrcDriver/TwoDimSoundLoc.o
                                 0x44 (size before relaxing)
 .comment       0x00000043       0x44 ./Core/Src/main.o
 .comment       0x00000043       0x44 ./Core/Src/stm32g4xx_hal_msp.o
 .comment       0x00000043       0x44 ./Core/Src/stm32g4xx_it.o
 .comment       0x00000043       0x44 ./Core/Src/system_stm32g4xx.o
 .comment       0x00000043       0x44 ./Drivers/BSP/STM32G4xx_Nucleo/stm32g4xx_nucleo.o
 .comment       0x00000043       0x44 ./Drivers/STM32G4xx_HAL_Driver/Src/stm32g4xx_hal.o
 .comment       0x00000043       0x44 ./Drivers/STM32G4xx_HAL_Driver/Src/stm32g4xx_hal_cortex.o
 .comment       0x00000043       0x44 ./Drivers/STM32G4xx_HAL_Driver/Src/stm32g4xx_hal_exti.o
 .comment       0x00000043       0x44 ./Drivers/STM32G4xx_HAL_Driver/Src/stm32g4xx_hal_gpio.o
 .comment       0x00000043       0x44 ./Drivers/STM32G4xx_HAL_Driver/Src/stm32g4xx_hal_pwr_ex.o
 .comment       0x00000043       0x44 ./Drivers/STM32G4xx_HAL_Driver/Src/stm32g4xx_hal_rcc.o
 .comment       0x00000043       0x44 ./Drivers/STM32G4xx_HAL_Driver/Src/stm32g4xx_hal_uart.o
 .comment       0x00000043       0x44 ./Drivers/STM32G4xx_HAL_Driver/Src/stm32g4xx_ll_adc.o
 .comment       0x00000043       0x44 ./Drivers/STM32G4xx_HAL_Driver/Src/stm32g4xx_ll_gpio.o
 .comment       0x00000043       0x44 ./Drivers/STM32G4xx_HAL_Driver/Src/stm32g4xx_ll_rcc.o
 .comment       0x00000043       0x44 ./Drivers/STM32G4xx_HAL_Driver/Src/stm32g4xx_ll_tim.o
 .comment       0x00000043       0x44 ./Drivers/STM32G4xx_HAL_Driver/Src/stm32g4xx_ll_usart.o
 .comment       0x00000043       0x44 ./Drivers/STM32G4xx_HAL_Driver/Src/stm32g4xx_ll_utils.o

.debug_frame    0x00000000     0x4cb4
 .debug_frame   0x00000000       0x34 ./Core/CustomDriverSet/SrcDriver/TwoDimSoundLoc.o
 .debug_frame   0x00000034      0xc00 ./Core/Src/main.o
 .debug_frame   0x00000c34       0x34 ./Core/Src/stm32g4xx_hal_msp.o
 .debug_frame   0x00000c68      0x24c ./Core/Src/stm32g4xx_it.o
 .debug_frame   0x00000eb4       0x58 ./Core/Src/system_stm32g4xx.o
 .debug_frame   0x00000f0c      0x31c ./Drivers/BSP/STM32G4xx_Nucleo/stm32g4xx_nucleo.o
 .debug_frame   0x00001228      0x500 ./Drivers/STM32G4xx_HAL_Driver/Src/stm32g4xx_hal.o
 .debug_frame   0x00001728      0x4e8 ./Drivers/STM32G4xx_HAL_Driver/Src/stm32g4xx_hal_cortex.o
 .debug_frame   0x00001c10      0x174 ./Drivers/STM32G4xx_HAL_Driver/Src/stm32g4xx_hal_exti.o
 .debug_frame   0x00001d84      0x14c ./Drivers/STM32G4xx_HAL_Driver/Src/stm32g4xx_hal_gpio.o
 .debug_frame   0x00001ed0      0x4fc ./Drivers/STM32G4xx_HAL_Driver/Src/stm32g4xx_hal_pwr_ex.o
 .debug_frame   0x000023cc      0x23c ./Drivers/STM32G4xx_HAL_Driver/Src/stm32g4xx_hal_rcc.o
 .debug_frame   0x00002608      0xa94 ./Drivers/STM32G4xx_HAL_Driver/Src/stm32g4xx_hal_uart.o
 .debug_frame   0x0000309c      0x398 ./Drivers/STM32G4xx_HAL_Driver/Src/stm32g4xx_ll_adc.o
 .debug_frame   0x00003434      0x1c0 ./Drivers/STM32G4xx_HAL_Driver/Src/stm32g4xx_ll_gpio.o
 .debug_frame   0x000035f4      0x798 ./Drivers/STM32G4xx_HAL_Driver/Src/stm32g4xx_ll_rcc.o
 .debug_frame   0x00003d8c      0x5d0 ./Drivers/STM32G4xx_HAL_Driver/Src/stm32g4xx_ll_tim.o
 .debug_frame   0x0000435c      0x238 ./Drivers/STM32G4xx_HAL_Driver/Src/stm32g4xx_ll_usart.o
 .debug_frame   0x00004594      0x420 ./Drivers/STM32G4xx_HAL_Driver/Src/stm32g4xx_ll_utils.o
 .debug_frame   0x000049b4      0x144 C:/ST/STM32CubeIDE_1.19.0/STM32CubeIDE/plugins/com.st.stm32cube.ide.mcu.externaltools.gnu-tools-for-stm32.13.3.rel1.win32_1.0.0.202411081344/tools/bin/../lib/gcc/arm-none-eabi/13.3.1/../../../../arm-none-eabi/lib/thumb/v7e-m+fp/hard\libc_nano.a(libc_a-findfp.o)
 .debug_frame   0x00004af8       0x20 C:/ST/STM32CubeIDE_1.19.0/STM32CubeIDE/plugins/com.st.stm32cube.ide.mcu.externaltools.gnu-tools-for-stm32.13.3.rel1.win32_1.0.0.202411081344/tools/bin/../lib/gcc/arm-none-eabi/13.3.1/../../../../arm-none-eabi/lib/thumb/v7e-m+fp/hard\libc_nano.a(libc_a-memset.o)
 .debug_frame   0x00004b18       0x20 C:/ST/STM32CubeIDE_1.19.0/STM32CubeIDE/plugins/com.st.stm32cube.ide.mcu.externaltools.gnu-tools-for-stm32.13.3.rel1.win32_1.0.0.202411081344/tools/bin/../lib/gcc/arm-none-eabi/13.3.1/../../../../arm-none-eabi/lib/thumb/v7e-m+fp/hard\libc_nano.a(libc_a-errno.o)
 .debug_frame   0x00004b38       0x2c C:/ST/STM32CubeIDE_1.19.0/STM32CubeIDE/plugins/com.st.stm32cube.ide.mcu.externaltools.gnu-tools-for-stm32.13.3.rel1.win32_1.0.0.202411081344/tools/bin/../lib/gcc/arm-none-eabi/13.3.1/../../../../arm-none-eabi/lib/thumb/v7e-m+fp/hard\libc_nano.a(libc_a-init.o)
 .debug_frame   0x00004b64       0x48 C:/ST/STM32CubeIDE_1.19.0/STM32CubeIDE/plugins/com.st.stm32cube.ide.mcu.externaltools.gnu-tools-for-stm32.13.3.rel1.win32_1.0.0.202411081344/tools/bin/../lib/gcc/arm-none-eabi/13.3.1/../../../../arm-none-eabi/lib/thumb/v7e-m+fp/hard\libm.a(libm_a-wf_asin.o)
 .debug_frame   0x00004bac       0x20 C:/ST/STM32CubeIDE_1.19.0/STM32CubeIDE/plugins/com.st.stm32cube.ide.mcu.externaltools.gnu-tools-for-stm32.13.3.rel1.win32_1.0.0.202411081344/tools/bin/../lib/gcc/arm-none-eabi/13.3.1/../../../../arm-none-eabi/lib/thumb/v7e-m+fp/hard\libm.a(libm_a-sf_fabs.o)
 .debug_frame   0x00004bcc       0x20 C:/ST/STM32CubeIDE_1.19.0/STM32CubeIDE/plugins/com.st.stm32cube.ide.mcu.externaltools.gnu-tools-for-stm32.13.3.rel1.win32_1.0.0.202411081344/tools/bin/../lib/gcc/arm-none-eabi/13.3.1/../../../../arm-none-eabi/lib/thumb/v7e-m+fp/hard\libm.a(libm_a-sf_nan.o)
 .debug_frame   0x00004bec       0x48 C:/ST/STM32CubeIDE_1.19.0/STM32CubeIDE/plugins/com.st.stm32cube.ide.mcu.externaltools.gnu-tools-for-stm32.13.3.rel1.win32_1.0.0.202411081344/tools/bin/../lib/gcc/arm-none-eabi/13.3.1/../../../../arm-none-eabi/lib/thumb/v7e-m+fp/hard\libm.a(libm_a-ef_asin.o)
 .debug_frame   0x00004c34       0x20 C:/ST/STM32CubeIDE_1.19.0/STM32CubeIDE/plugins/com.st.stm32cube.ide.mcu.externaltools.gnu-tools-for-stm32.13.3.rel1.win32_1.0.0.202411081344/tools/bin/../lib/gcc/arm-none-eabi/13.3.1/../../../../arm-none-eabi/lib/thumb/v7e-m+fp/hard\libm.a(libm_a-ef_sqrt.o)
 .debug_frame   0x00004c54       0x2c C:/ST/STM32CubeIDE_1.19.0/STM32CubeIDE/plugins/com.st.stm32cube.ide.mcu.externaltools.gnu-tools-for-stm32.13.3.rel1.win32_1.0.0.202411081344/tools/bin/../lib/gcc/arm-none-eabi/13.3.1/thumb/v7e-m+fp/hard\libgcc.a(_aeabi_uldivmod.o)
 .debug_frame   0x00004c80       0x34 C:/ST/STM32CubeIDE_1.19.0/STM32CubeIDE/plugins/com.st.stm32cube.ide.mcu.externaltools.gnu-tools-for-stm32.13.3.rel1.win32_1.0.0.202411081344/tools/bin/../lib/gcc/arm-none-eabi/13.3.1/thumb/v7e-m+fp/hard\libgcc.a(_udivmoddi4.o)

.debug_line_str
                0x00000000       0x57
 .debug_line_str
                0x00000000       0x57 ./Core/Startup/startup_stm32g474retx.o
