Archive member included to satisfy reference by file (symbol)

C:/ST/STM32CubeIDE_1.19.0/STM32CubeIDE/plugins/com.st.stm32cube.ide.mcu.externaltools.gnu-tools-for-stm32.13.3.rel1.win32_1.0.0.202411081344/tools/bin/../lib/gcc/arm-none-eabi/13.3.1/../../../../arm-none-eabi/lib/thumb/v7e-m+fp/hard\libc_nano.a(libc_a-exit.o)
                              C:/ST/STM32CubeIDE_1.19.0/STM32CubeIDE/plugins/com.st.stm32cube.ide.mcu.externaltools.gnu-tools-for-stm32.13.3.rel1.win32_1.0.0.202411081344/tools/bin/../lib/gcc/arm-none-eabi/13.3.1/../../../../arm-none-eabi/lib/thumb/v7e-m+fp/hard/crt0.o (exit)
C:/ST/STM32CubeIDE_1.19.0/STM32CubeIDE/plugins/com.st.stm32cube.ide.mcu.externaltools.gnu-tools-for-stm32.13.3.rel1.win32_1.0.0.202411081344/tools/bin/../lib/gcc/arm-none-eabi/13.3.1/../../../../arm-none-eabi/lib/thumb/v7e-m+fp/hard\libc_nano.a(libc_a-findfp.o)
                              C:/ST/STM32CubeIDE_1.19.0/STM32CubeIDE/plugins/com.st.stm32cube.ide.mcu.externaltools.gnu-tools-for-stm32.13.3.rel1.win32_1.0.0.202411081344/tools/bin/../lib/gcc/arm-none-eabi/13.3.1/../../../../arm-none-eabi/lib/thumb/v7e-m+fp/hard\libc_nano.a(libc_a-exit.o) (__stdio_exit_handler)
C:/ST/STM32CubeIDE_1.19.0/STM32CubeIDE/plugins/com.st.stm32cube.ide.mcu.externaltools.gnu-tools-for-stm32.13.3.rel1.win32_1.0.0.202411081344/tools/bin/../lib/gcc/arm-none-eabi/13.3.1/../../../../arm-none-eabi/lib/thumb/v7e-m+fp/hard\libc_nano.a(libc_a-fwalk.o)
                              C:/ST/STM32CubeIDE_1.19.0/STM32CubeIDE/plugins/com.st.stm32cube.ide.mcu.externaltools.gnu-tools-for-stm32.13.3.rel1.win32_1.0.0.202411081344/tools/bin/../lib/gcc/arm-none-eabi/13.3.1/../../../../arm-none-eabi/lib/thumb/v7e-m+fp/hard\libc_nano.a(libc_a-findfp.o) (_fwalk_sglue)
C:/ST/STM32CubeIDE_1.19.0/STM32CubeIDE/plugins/com.st.stm32cube.ide.mcu.externaltools.gnu-tools-for-stm32.13.3.rel1.win32_1.0.0.202411081344/tools/bin/../lib/gcc/arm-none-eabi/13.3.1/../../../../arm-none-eabi/lib/thumb/v7e-m+fp/hard\libc_nano.a(libc_a-stdio.o)
                              C:/ST/STM32CubeIDE_1.19.0/STM32CubeIDE/plugins/com.st.stm32cube.ide.mcu.externaltools.gnu-tools-for-stm32.13.3.rel1.win32_1.0.0.202411081344/tools/bin/../lib/gcc/arm-none-eabi/13.3.1/../../../../arm-none-eabi/lib/thumb/v7e-m+fp/hard\libc_nano.a(libc_a-findfp.o) (__sread)
C:/ST/STM32CubeIDE_1.19.0/STM32CubeIDE/plugins/com.st.stm32cube.ide.mcu.externaltools.gnu-tools-for-stm32.13.3.rel1.win32_1.0.0.202411081344/tools/bin/../lib/gcc/arm-none-eabi/13.3.1/../../../../arm-none-eabi/lib/thumb/v7e-m+fp/hard\libc_nano.a(libc_a-memset.o)
                              C:/ST/STM32CubeIDE_1.19.0/STM32CubeIDE/plugins/com.st.stm32cube.ide.mcu.externaltools.gnu-tools-for-stm32.13.3.rel1.win32_1.0.0.202411081344/tools/bin/../lib/gcc/arm-none-eabi/13.3.1/../../../../arm-none-eabi/lib/thumb/v7e-m+fp/hard/crt0.o (memset)
C:/ST/STM32CubeIDE_1.19.0/STM32CubeIDE/plugins/com.st.stm32cube.ide.mcu.externaltools.gnu-tools-for-stm32.13.3.rel1.win32_1.0.0.202411081344/tools/bin/../lib/gcc/arm-none-eabi/13.3.1/../../../../arm-none-eabi/lib/thumb/v7e-m+fp/hard\libc_nano.a(libc_a-closer.o)
                              C:/ST/STM32CubeIDE_1.19.0/STM32CubeIDE/plugins/com.st.stm32cube.ide.mcu.externaltools.gnu-tools-for-stm32.13.3.rel1.win32_1.0.0.202411081344/tools/bin/../lib/gcc/arm-none-eabi/13.3.1/../../../../arm-none-eabi/lib/thumb/v7e-m+fp/hard\libc_nano.a(libc_a-stdio.o) (_close_r)
C:/ST/STM32CubeIDE_1.19.0/STM32CubeIDE/plugins/com.st.stm32cube.ide.mcu.externaltools.gnu-tools-for-stm32.13.3.rel1.win32_1.0.0.202411081344/tools/bin/../lib/gcc/arm-none-eabi/13.3.1/../../../../arm-none-eabi/lib/thumb/v7e-m+fp/hard\libc_nano.a(libc_a-reent.o)
                              C:/ST/STM32CubeIDE_1.19.0/STM32CubeIDE/plugins/com.st.stm32cube.ide.mcu.externaltools.gnu-tools-for-stm32.13.3.rel1.win32_1.0.0.202411081344/tools/bin/../lib/gcc/arm-none-eabi/13.3.1/../../../../arm-none-eabi/lib/thumb/v7e-m+fp/hard\libc_nano.a(libc_a-closer.o) (errno)
C:/ST/STM32CubeIDE_1.19.0/STM32CubeIDE/plugins/com.st.stm32cube.ide.mcu.externaltools.gnu-tools-for-stm32.13.3.rel1.win32_1.0.0.202411081344/tools/bin/../lib/gcc/arm-none-eabi/13.3.1/../../../../arm-none-eabi/lib/thumb/v7e-m+fp/hard\libc_nano.a(libc_a-impure.o)
                              C:/ST/STM32CubeIDE_1.19.0/STM32CubeIDE/plugins/com.st.stm32cube.ide.mcu.externaltools.gnu-tools-for-stm32.13.3.rel1.win32_1.0.0.202411081344/tools/bin/../lib/gcc/arm-none-eabi/13.3.1/../../../../arm-none-eabi/lib/thumb/v7e-m+fp/hard\libc_nano.a(libc_a-reent.o) (_impure_ptr)
C:/ST/STM32CubeIDE_1.19.0/STM32CubeIDE/plugins/com.st.stm32cube.ide.mcu.externaltools.gnu-tools-for-stm32.13.3.rel1.win32_1.0.0.202411081344/tools/bin/../lib/gcc/arm-none-eabi/13.3.1/../../../../arm-none-eabi/lib/thumb/v7e-m+fp/hard\libc_nano.a(libc_a-lseekr.o)
[...]
Memory Configuration

Name             Origin             Length             Attributes
RAM              0x20000000         0x00020000         xrw
FLASH            0x08000000         0x00080000         xr
*default*        0x00000000         0xffffffff

Linker script and memory map

LOAD C:/ST/STM32CubeIDE_1.19.0/STM32CubeIDE/plugins/com.st.stm32cube.ide.mcu.externaltools.gnu-tools-for-stm32.13.3.rel1.win32_1.0.0.202411081344/tools/bin/../lib/gcc/arm-none-eabi/13.3.1/thumb/v7e-m+fp/hard/crti.o
LOAD C:/ST/STM32CubeIDE_1.19.0/STM32CubeIDE/plugins/com.st.stm32cube.ide.mcu.externaltools.gnu-tools-for-stm32.13.3.rel1.win32_1.0.0.202411081344/tools/bin/../lib/gcc/arm-none-eabi/13.3.1/thumb/v7e-m+fp/hard/crtbegin.o
LOAD C:/ST/STM32CubeIDE_1.19.0/STM32CubeIDE/plugins/com.st.stm32cube.ide.mcu.externaltools.gnu-tools-for-stm32.13.3.rel1.win32_1.0.0.202411081344/tools/bin/../lib/gcc/arm-none-eabi/13.3.1/../../../../arm-none-eabi/lib/thumb/v7e-m+fp/hard/crt0.o
LOAD ./Core/CustomDriverSet/SrcDriver/TwoDimSoundLoc.o
LOAD ./Core/Src/main.o
LOAD ./Core/Src/stm32g4xx_hal_msp.o
LOAD ./Core/Src/stm32g4xx_it.o
LOAD ./Core/Src/syscalls.o
LOAD ./Core/Src/sysmem.o
LOAD ./Core/Src/system_stm32g4xx.o
LOAD ./Core/Startup/startup_stm32g474retx.o
LOAD ./Drivers/BSP/STM32G4xx_Nucleo/stm32g4xx_nucleo.o
LOAD ./Drivers/STM32G4xx_HAL_Driver/Src/stm32g4xx_hal.o
LOAD ./Drivers/STM32G4xx_HAL_Driver/Src/stm32g4xx_hal_cortex.o
LOAD ./Drivers/STM32G4xx_HAL_Driver/Src/stm32g4xx_hal_dma.o
LOAD ./Drivers/STM32G4xx_HAL_Driver/Src/stm32g4xx_hal_dma_ex.o
LOAD ./Drivers/STM32G4xx_HAL_Driver/Src/stm32g4xx_hal_exti.o
LOAD ./Drivers/STM32G4xx_HAL_Driver/Src/stm32g4xx_hal_flash.o
LOAD ./Drivers/STM32G4xx_HAL_Driver/Src/stm32g4xx_hal_flash_ex.o
LOAD ./Drivers/STM32G4xx_HAL_Driver/Src/stm32g4xx_hal_flash_ramfunc.o
LOAD ./Drivers/STM32G4xx_HAL_Driver/Src/stm32g4xx_hal_gpio.o
LOAD ./Drivers/STM32G4xx_HAL_Driver/Src/stm32g4xx_hal_pwr.o
LOAD ./Drivers/STM32G4xx_HAL_Driver/Src/stm32g4xx_hal_pwr_ex.o
LOAD ./Drivers/STM32G4xx_HAL_Driver/Src/stm32g4xx_hal_rcc.o
LOAD ./Drivers/STM32G4xx_HAL_Driver/Src/stm32g4xx_hal_rcc_ex.o
LOAD ./Drivers/STM32G4xx_HAL_Driver/Src/stm32g4xx_hal_uart.o
LOAD ./Drivers/STM32G4xx_HAL_Driver/Src/stm32g4xx_hal_uart_ex.o
LOAD ./Drivers/STM32G4xx_HAL_Driver/Src/stm32g4xx_hal_usart.o
LOAD ./Drivers/STM32G4xx_HAL_Driver/Src/stm32g4xx_hal_usart_ex.o
LOAD ./Drivers/STM32G4xx_HAL_Driver/Src/stm32g4xx_ll_adc.o
LOAD ./Drivers/STM32G4xx_HAL_Driver/Src/stm32g4xx_ll_dma.o
LOAD ./Drivers/STM32G4xx_HAL_Driver/Src/stm32g4xx_ll_exti.o
LOAD ./Drivers/STM32G4xx_HAL_Driver/Src/stm32g4xx_ll_gpio.o
LOAD ./Drivers/STM32G4xx_HAL_Driver/Src/stm32g4xx_ll_pwr.o
LOAD ./Drivers/STM32G4xx_HAL_Driver/Src/stm32g4xx_ll_rcc.o
LOAD ./Drivers/STM32G4xx_HAL_Driver/Src/stm32g4xx_ll_tim.o
LOAD ./Drivers/STM32G4xx_HAL_Driver/Src/stm32g4xx_ll_usart.o
LOAD ./Drivers/STM32G4xx_HAL_Driver/Src/stm32g4xx_ll_utils.o
START GROUP
LOAD C:/ST/STM32CubeIDE_1.19.0/STM32CubeIDE/plugins/com.st.stm32cube.ide.mcu.externaltools.gnu-tools-for-stm32.13.3.rel1.win32_1.0.0.202411081344/tools/bin/../lib/gcc/arm-none-eabi/13.3.1/../../../../arm-none-eabi/lib/thumb/v7e-m+fp/hard\libc_nano.a
LOAD C:/ST/STM32CubeIDE_1.19.0/STM32CubeIDE/plugins/com.st.stm32cube.ide.mcu.externaltools.gnu-tools-for-stm32.13.3.rel1.win32_1.0.0.202411081344/tools/bin/../lib/gcc/arm-none-eabi/13.3.1/../../../../arm-none-eabi/lib/thumb/v7e-m+fp/hard\libm.a
END GROUP
START GROUP
LOAD C:/ST/STM32CubeIDE_1.19.0/STM32CubeIDE/plugins/com.st.stm32cube.ide.mcu.externaltools.gnu-tools-for-stm32.13.3.rel1.win32_1.0.0.202411081344/tools/bin/../lib/gcc/arm-none-eabi/13.3.1/thumb/v7e-m+fp/hard\libgcc.a
LOAD C:/ST/STM32CubeIDE_1.19.0/STM32CubeIDE/plugins/com.st.stm32cube.ide.mcu.externaltools.gnu-tools-for-stm32.13.3.rel1.win32_1.0.0.202411081344/tools/bin/../lib/gcc/arm-none-eabi/13.3.1/../../../../arm-none-eabi/lib/thumb/v7e-m+fp/hard\libc_nano.a
END GROUP
START GROUP
LOAD C:/ST/STM32CubeIDE_1.19.0/STM32CubeIDE/plugins/com.st.stm32cube.ide.mcu.externaltools.gnu-tools-for-stm32.13.3.rel1.win32_1.0.0.202411081344/tools/bin/../lib/gcc/arm-none-eabi/13.3.1/thumb/v7e-m+fp/hard\libgcc.a
LOAD C:/ST/STM32CubeIDE_1.19.0/STM32CubeIDE/plugins/com.st.stm32cube.ide.mcu.externaltools.gnu-tools-for-stm32.13.3.rel1.win32_1.0.0.202411081344/tools/bin/../lib/gcc/arm-none-eabi/13.3.1/../../../../arm-none-eabi/lib/thumb/v7e-m+fp/hard\libc_nano.a
LOAD C:/ST/STM32CubeIDE_1.19.0/STM32CubeIDE/plugins/com.st.stm32cube.ide.mcu.externaltools.gnu-tools-for-stm32.13.3.rel1.win32_1.0.0.202411081344/tools/bin/../lib/gcc/arm-none-eabi/13.3.1/../../../../arm-none-eabi/lib/thumb/v7e-m+fp/hard\libnosys.a
END GROUP
START GROUP
LOAD C:/ST/STM32CubeIDE_1.19.0/STM32CubeIDE/plugins/com.st.stm32cube.ide.mcu.externaltools.gnu-tools-for-stm32.13.3.rel1.win32_1.0.0.202411081344/tools/bin/../lib/gcc/arm-none-eabi/13.3.1/thumb/v7e-m+fp/hard\libgcc.a
LOAD C:/ST/STM32CubeIDE_1.19.0/STM32CubeIDE/plugins/com.st.stm32cube.ide.mcu.externaltools.gnu-tools-for-stm32.13.3.rel1.win32_1.0.0.202411081344/tools/bin/../lib/gcc/arm-none-eabi/13.3.1/../../../../arm-none-eabi/lib/thumb/v7e-m+fp/hard\libc_nano.a
LOAD C:/ST/STM32CubeIDE_1.19.0/STM32CubeIDE/plugins/com.st.stm32cube.ide.mcu.externaltools.gnu-tools-for-stm32.13.3.rel1.win32_1.0.0.202411081344/tools/bin/../lib/gcc/arm-none-eabi/13.3.1/../../../../arm-none-eabi/lib/thumb/v7e-m+fp/hard\libnosys.a
END GROUP
LOAD C:/ST/STM32CubeIDE_1.19.0/STM32CubeIDE/plugins/com.st.stm32cube.ide.mcu.externaltools.gnu-tools-for-stm32.13.3.rel1.win32_1.0.0.202411081344/tools/bin/../lib/gcc/arm-none-eabi/13.3.1/thumb/v7e-m+fp/hard/crtend.o
LOAD C:/ST/STM32CubeIDE_1.19.0/STM32CubeIDE/plugins/com.st.stm32cube.ide.mcu.externaltools.gnu-tools-for-stm32.13.3.rel1.win32_1.0.0.202411081344/tools/bin/../lib/gcc/arm-none-eabi/13.3.1/thumb/v7e-m+fp/hard/crtn.o
                0x20020000                        _estack = (ORIGIN (RAM) + LENGTH (RAM))
                0x00000200                        _Min_Heap_Size = 0x200
                0x00000400                        _Min_Stack_Size = 0x400

.isr_vector     0x08000000      0x1d8
                0x08000000                        . = ALIGN (0x4)
 *(.isr_vector)
 .isr_vector    0x08000000      0x1d8 ./Core/Startup/startup_stm32g474retx.o
                0x08000000                g_pfnVectors
                0x080001d8                        . = ALIGN (0x4)

.text           0x080001d8     0x4564
                0x080001d8                        . = ALIGN (0x4)
 *(.text)
 .text          0x080001d8       0x40 C:/ST/STM32CubeIDE_1.19.0/STM32CubeIDE/plugins/com.st.stm32cube.ide.mcu.externaltools.gnu-tools-for-stm32.13.3.rel1.win32_1.0.0.202411081344/tools/bin/../lib/gcc/arm-none-eabi/13.3.1/thumb/v7e-m+fp/hard/crtbegin.o
 .text          0x08000218       0x30 C:/ST/STM32CubeIDE_1.19.0/STM32CubeIDE/plugins/com.st.stm32cube.ide.mcu.externaltools.gnu-tools-for-stm32.13.3.rel1.win32_1.0.0.202411081344/tools/bin/../lib/gcc/arm-none-eabi/13.3.1/thumb/v7e-m+fp/hard\libgcc.a(_aeabi_uldivmod.o)
                0x08000218                __aeabi_uldivmod
 .text          0x08000248      0x2f8 C:/ST/STM32CubeIDE_1.19.0/STM32CubeIDE/plugins/com.st.stm32cube.ide.mcu.externaltools.gnu-tools-for-stm32.13.3.rel1.win32_1.0.0.202411081344/tools/bin/../lib/gcc/arm-none-eabi/13.3.1/thumb/v7e-m+fp/hard\libgcc.a(_udivmoddi4.o)
                0x08000248                __udivmoddi4
 .text          0x08000540        0x4 C:/ST/STM32CubeIDE_1.19.0/STM32CubeIDE/plugins/com.st.stm32cube.ide.mcu.externaltools.gnu-tools-for-stm32.13.3.rel1.win32_1.0.0.202411081344/tools/bin/../lib/gcc/arm-none-eabi/13.3.1/thumb/v7e-m+fp/hard\libgcc.a(_dvmd_tls.o)
                0x08000540                __aeabi_idiv0
                0x08000540                __aeabi_ldiv0
 *(.text*)
 .text.LOC_Process
                0x08000544      0x1ac ./Core/CustomDriverSet/SrcDriver/TwoDimSoundLoc.o
                0x08000544                LOC_Process
 .text.__NVIC_GetPriorityGrouping
                0x080006f0       0x1c ./Core/Src/main.o
 .text.__NVIC_EnableIRQ
                0x0800070c       0x3c ./Core/Src/main.o
 .text.__NVIC_SetPriority
                0x08000748       0x54 ./Core/Src/main.o
 .text.NVIC_EncodePriority
                0x0800079c       0x66 ./Core/Src/main.o
 *fill*         0x08000802        0x2 
 .text.LL_ADC_DMA_GetRegAddr
                0x08000804       0x4c ./Core/Src/main.o
 .text.LL_ADC_SetGainCompensation
                0x08000850       0x4a ./Core/Src/main.o
 .text.LL_ADC_REG_SetTriggerEdge
                0x0800089a       0x26 ./Core/Src/main.o
 .text.LL_ADC_REG_SetSequencerRanks
                0x080008c0       0x58 ./Core/Src/main.o
 .text.LL_ADC_SetChannelSamplingTime
                0x08000918       0x56 ./Core/Src/main.o
 *fill*         0x0800096e        0x2 
 .text.LL_ADC_SetChannelSingleDiff
                0x08000970       0x48 ./Core/Src/main.o
 .text.LL_ADC_SetOverSamplingScope
                0x080009b8       0x2a ./Core/Src/main.o
 .text.LL_ADC_DisableDeepPowerDown
                0x080009e2       0x24 ./Core/Src/main.o
 .text.LL_ADC_EnableInternalRegulator
                0x08000a06       0x28 ./Core/Src/main.o
 .text.LL_ADC_Enable
                0x08000a2e       0x28 ./Core/Src/main.o
 .text.LL_ADC_StartCalibration
                0x08000a56       0x32 ./Core/Src/main.o
 .text.LL_ADC_IsCalibrationOnGoing
                0x08000a88       0x28 ./Core/Src/main.o
 .text.LL_ADC_REG_StartConversion
                0x08000ab0       0x28 ./Core/Src/main.o
 .text.LL_ADC_IsActiveFlag_ADRDY
                0x08000ad8       0x26 ./Core/Src/main.o
 *fill*         0x08000afe        0x2 
 .text.LL_DMA_EnableChannel
                0x08000b00       0x44 ./Core/Src/main.o
 .text.LL_DMA_SetDataTransferDirection
                0x08000b44       0x50 ./Core/Src/main.o
 .text.LL_DMA_SetMode
                0x08000b94       0x4c ./Core/Src/main.o
 .text.LL_DMA_SetPeriphIncMode
                0x08000be0       0x4c ./Core/Src/main.o
 .text.LL_DMA_SetMemoryIncMode
                0x08000c2c       0x4c ./Core/Src/main.o
 .text.LL_DMA_SetPeriphSize
                0x08000c78       0x4c ./Core/Src/main.o
 .text.LL_DMA_SetMemorySize
                0x08000cc4       0x4c ./Core/Src/main.o
 .text.LL_DMA_SetChannelPriorityLevel
                0x08000d10       0x4c ./Core/Src/main.o
 .text.LL_DMA_SetDataLength
                0x08000d5c       0x4c ./Core/Src/main.o
 .text.LL_DMA_SetMemoryAddress
                0x08000da8       0x34 ./Core/Src/main.o
 .text.LL_DMA_SetPeriphAddress
                0x08000ddc       0x34 ./Core/Src/main.o
 .text.LL_DMA_SetPeriphRequest
                0x08000e10       0x54 ./Core/Src/main.o
 .text.LL_DMA_EnableIT_TC
                0x08000e64       0x44 ./Core/Src/main.o
 .text.LL_DMA_EnableIT_HT
                0x08000ea8       0x44 ./Core/Src/main.o
 .text.LL_RCC_HSI_Enable
                0x08000eec       0x20 ./Core/Src/main.o
 .text.LL_RCC_HSI_IsReady
                0x08000f0c       0x28 ./Core/Src/main.o
 .text.LL_RCC_HSI_SetCalibTrimming
                0x08000f34       0x2c ./Core/Src/main.o
 .text.LL_RCC_SetSysClkSource
                0x08000f60       0x28 ./Core/Src/main.o
 .text.LL_RCC_GetSysClkSource
                0x08000f88       0x1c ./Core/Src/main.o
 .text.LL_RCC_SetAHBPrescaler
                0x08000fa4       0x28 ./Core/Src/main.o
 .text.LL_RCC_SetAPB1Prescaler
                0x08000fcc       0x28 ./Core/Src/main.o
 .text.LL_RCC_SetAPB2Prescaler
                0x08000ff4       0x28 ./Core/Src/main.o
 .text.LL_RCC_SetUARTClockSource
                0x0800101c       0x34 ./Core/Src/main.o
 .text.LL_RCC_SetADCClockSource
                0x08001050       0x48 ./Core/Src/main.o
 .text.LL_RCC_PLL_Enable
                0x08001098       0x20 ./Core/Src/main.o
 .text.LL_RCC_PLL_IsReady
                0x080010b8       0x28 ./Core/Src/main.o
 .text.LL_RCC_PLL_ConfigDomain_SYS
                0x080010e0       0x40 ./Core/Src/main.o
 .text.LL_RCC_PLL_EnableDomain_SYS
                0x08001120       0x20 ./Core/Src/main.o
 .text.LL_AHB1_GRP1_EnableClock
                0x08001140       0x30 ./Core/Src/main.o
 .text.LL_AHB2_GRP1_EnableClock
                0x08001170       0x30 ./Core/Src/main.o
 .text.LL_APB1_GRP1_EnableClock
                0x080011a0       0x30 ./Core/Src/main.o
 .text.LL_APB2_GRP1_EnableClock
                0x080011d0       0x30 ./Core/Src/main.o
 .text.LL_FLASH_SetLatency
                0x08001200       0x28 ./Core/Src/main.o
 .text.LL_FLASH_GetLatency
                0x08001228       0x1c ./Core/Src/main.o
 .text.LL_PWR_EnableRange1BoostMode
                0x08001244       0x24 ./Core/Src/main.o
 .text.LL_TIM_EnableCounter
                0x08001268       0x20 ./Core/Src/main.o
 .text.LL_TIM_DisableARRPreload
                0x08001288       0x20 ./Core/Src/main.o
 .text.LL_TIM_SetClockSource
                0x080012a8       0x2a ./Core/Src/main.o
 .text.LL_TIM_SetTriggerOutput
                0x080012d2       0x2a ./Core/Src/main.o
 .text.LL_TIM_SetTriggerOutput2
                0x080012fc       0x26 ./Core/Src/main.o
 .text.LL_TIM_DisableMasterSlaveMode
                0x08001322       0x20 ./Core/Src/main.o
 .text.LL_USART_Enable
                0x08001342       0x20 ./Core/Src/main.o
 .text.LL_USART_DisableFIFO
                0x08001362       0x20 ./Core/Src/main.o
 .text.LL_USART_SetTXFIFOThreshold
                0x08001382       0x4e ./Core/Src/main.o
 .text.LL_USART_SetRXFIFOThreshold
                0x080013d0       0x4e ./Core/Src/main.o
 .text.LL_USART_ConfigAsyncMode
                0x0800141e       0x2c ./Core/Src/main.o
 .text.LL_USART_IsActiveFlag_TC
                0x0800144a       0x26 ./Core/Src/main.o
 .text.LL_USART_IsActiveFlag_TXE_TXFNF
                0x08001470       0x26 ./Core/Src/main.o
 .text.LL_USART_IsActiveFlag_TEACK
                0x08001496       0x28 ./Core/Src/main.o
 .text.LL_USART_IsActiveFlag_REACK
                0x080014be       0x28 ./Core/Src/main.o
 .text.LL_USART_TransmitData8
                0x080014e6       0x1e ./Core/Src/main.o
 .text.UART_SendByte
                0x08001504       0x30 ./Core/Src/main.o
 .text.UART_SendFrame
                0x08001534       0xa4 ./Core/Src/main.o
 .text.UART_SendAnglePacket
                0x080015d8       0x6c ./Core/Src/main.o
 .text.main     0x08001644      0x1c0 ./Core/Src/main.o
                0x08001644                main
 .text.SystemClock_Config
                0x08001804       0xb0 ./Core/Src/main.o
                0x08001804                SystemClock_Config
 .text.MX_ADC1_Init
                0x080018b4      0x2b4 ./Core/Src/main.o
 .text.MX_TIM8_Init
                0x08001b68       0x6c ./Core/Src/main.o
 .text.MX_UART4_Init
                0x08001bd4      0x100 ./Core/Src/main.o
 .text.MX_DMA_Init
                0x08001cd4       0x34 ./Core/Src/main.o
 .text.MX_GPIO_Init
                0x08001d08       0x20 ./Core/Src/main.o
 .text.Error_Handler
                0x08001d28        0xc ./Core/Src/main.o
                0x08001d28                Error_Handler
 .text.HAL_MspInit
                0x08001d34       0x48 ./Core/Src/stm32g4xx_hal_msp.o
                0x08001d34                HAL_MspInit
 .text.LL_DMA_IsActiveFlag_TC1
                0x08001d7c       0x26 ./Core/Src/stm32g4xx_it.o
 .text.LL_DMA_IsActiveFlag_HT1
                0x08001da2       0x26 ./Core/Src/stm32g4xx_it.o
 .text.LL_DMA_ClearFlag_TC1
                0x08001dc8       0x1a ./Core/Src/stm32g4xx_it.o
 .text.LL_DMA_ClearFlag_HT1
                0x08001de2       0x1a ./Core/Src/stm32g4xx_it.o
 .text.LL_EXTI_IsActiveFlag_0_31
                0x08001dfc       0x2c ./Core/Src/stm32g4xx_it.o
 .text.LL_EXTI_ClearFlag_0_31
                0x08001e28       0x20 ./Core/Src/stm32g4xx_it.o
 .text.NMI_Handler
                0x08001e48        0x8 ./Core/Src/stm32g4xx_it.o
                0x08001e48                NMI_Handler
 .text.HardFault_Handler
                0x08001e50        0x8 ./Core/Src/stm32g4xx_it.o
                0x08001e50                HardFault_Handler
 .text.MemManage_Handler
                0x08001e58        0x8 ./Core/Src/stm32g4xx_it.o
                0x08001e58                MemManage_Handler
 .text.BusFault_Handler
                0x08001e60        0x8 ./Core/Src/stm32g4xx_it.o
                0x08001e60                BusFault_Handler
 .text.UsageFault_Handler
                0x08001e68        0x8 ./Core/Src/stm32g4xx_it.o
                0x08001e68                UsageFault_Handler
 .text.SVC_Handler
                0x08001e70        0xe ./Core/Src/stm32g4xx_it.o
                0x08001e70                SVC_Handler
 .text.DebugMon_Handler
                0x08001e7e        0xe ./Core/Src/stm32g4xx_it.o
                0x08001e7e                DebugMon_Handler
 .text.PendSV_Handler
                0x08001e8c        0xe ./Core/Src/stm32g4xx_it.o
                0x08001e8c                PendSV_Handler
 .text.SysTick_Handler
                0x08001e9a        0xc ./Core/Src/stm32g4xx_it.o
                0x08001e9a                SysTick_Handler
 *fill*         0x08001ea6        0x2 
 .text.DMA1_Channel1_IRQHandler
                0x08001ea8       0x44 ./Core/Src/stm32g4xx_it.o
                0x08001ea8                DMA1_Channel1_IRQHandler
 .text.ADC1_2_IRQHandler
                0x08001eec        0xe ./Core/Src/stm32g4xx_it.o
                0x08001eec                ADC1_2_IRQHandler
 .text.EXTI15_10_IRQHandler
                0x08001efa       0x1e ./Core/Src/stm32g4xx_it.o
                0x08001efa                EXTI15_10_IRQHandler
 .text.SystemInit
                0x08001f18       0x24 ./Core/Src/system_stm32g4xx.o
                0x08001f18                SystemInit
 .text.Reset_Handler
                0x08001f3c       0x50 ./Core/Startup/startup_stm32g474retx.o
                0x08001f3c                Reset_Handler
 .text.Default_Handler
                0x08001f8c        0x2 ./Core/Startup/startup_stm32g474retx.o
                0x08001f8c                RTC_Alarm_IRQHandler
                0x08001f8c                EXTI2_IRQHandler
                0x08001f8c                TIM8_TRG_COM_IRQHandler
                0x08001f8c                TIM8_CC_IRQHandler
                0x08001f8c                HRTIM1_Master_IRQHandler
                0x08001f8c                SPI4_IRQHandler
                0x08001f8c                FDCAN3_IT0_IRQHandler
                0x08001f8c                TIM1_CC_IRQHandler
                0x08001f8c                HRTIM1_FLT_IRQHandler
                0x08001f8c                HRTIM1_TIMF_IRQHandler
                0x08001f8c                USB_HP_IRQHandler
                0x08001f8c                CORDIC_IRQHandler
                0x08001f8c                HRTIM1_TIMD_IRQHandler
                0x08001f8c                DMA2_Channel8_IRQHandler
                0x08001f8c                EXTI3_IRQHandler
                0x08001f8c                I2C3_ER_IRQHandler
                0x08001f8c                EXTI0_IRQHandler
                0x08001f8c                I2C2_EV_IRQHandler
                0x08001f8c                FPU_IRQHandler
                0x08001f8c                FDCAN1_IT1_IRQHandler
                0x08001f8c                TIM1_UP_TIM16_IRQHandler
                0x08001f8c                HRTIM1_TIME_IRQHandler
                0x08001f8c                SPI1_IRQHandler
                0x08001f8c                TIM6_DAC_IRQHandler
                0x08001f8c                HRTIM1_TIMC_IRQHandler
                0x08001f8c                TIM8_UP_IRQHandler
                0x08001f8c                DMA2_Channel2_IRQHandler
                0x08001f8c                DMA1_Channel4_IRQHandler
                0x08001f8c                TIM20_TRG_COM_IRQHandler
                0x08001f8c                USART3_IRQHandler
                0x08001f8c                DMA1_Channel7_IRQHandler
                0x08001f8c                UART5_IRQHandler
                0x08001f8c                ADC3_IRQHandler
                0x08001f8c                TIM4_IRQHandler
                0x08001f8c                DMA2_Channel1_IRQHandler
                0x08001f8c                QUADSPI_IRQHandler
                0x08001f8c                I2C1_EV_IRQHandler
                0x08001f8c                DMA1_Channel6_IRQHandler
                0x08001f8c                UART4_IRQHandler
                0x08001f8c                DMA2_Channel4_IRQHandler
                0x08001f8c                TIM3_IRQHandler
                0x08001f8c                RCC_IRQHandler
                0x08001f8c                TIM20_UP_IRQHandler
                0x08001f8c                Default_Handler
                0x08001f8c                DMA2_Channel7_IRQHandler
                0x08001f8c                RTC_TAMP_LSECSS_IRQHandler
                0x08001f8c                FMAC_IRQHandler
                0x08001f8c                DMA1_Channel8_IRQHandler
                0x08001f8c                HRTIM1_TIMA_IRQHandler
                0x08001f8c                TIM7_DAC_IRQHandler
                0x08001f8c                FDCAN3_IT1_IRQHandler
                0x08001f8c                TIM5_IRQHandler
                0x08001f8c                UCPD1_IRQHandler
                0x08001f8c                I2C3_EV_IRQHandler
                0x08001f8c                EXTI9_5_IRQHandler
                0x08001f8c                RTC_WKUP_IRQHandler
                0x08001f8c                PVD_PVM_IRQHandler
                0x08001f8c                SPI2_IRQHandler
                0x08001f8c                ADC5_IRQHandler
                0x08001f8c                DMA2_Channel5_IRQHandler
                0x08001f8c                CRS_IRQHandler
                0x08001f8c                DMA1_Channel5_IRQHandler
                0x08001f8c                USB_LP_IRQHandler
                0x08001f8c                EXTI4_IRQHandler
                0x08001f8c                RNG_IRQHandler
                0x08001f8c                HRTIM1_TIMB_IRQHandler
                0x08001f8c                TIM1_TRG_COM_TIM17_IRQHandler
                0x08001f8c                FDCAN2_IT1_IRQHandler
                0x08001f8c                DMA1_Channel3_IRQHandler
                0x08001f8c                ADC4_IRQHandler
                0x08001f8c                WWDG_IRQHandler
                0x08001f8c                I2C4_EV_IRQHandler
                0x08001f8c                FDCAN2_IT0_IRQHandler
                0x08001f8c                LPUART1_IRQHandler
                0x08001f8c                DMA2_Channel6_IRQHandler
                0x08001f8c                FDCAN1_IT0_IRQHandler
                0x08001f8c                TIM2_IRQHandler
                0x08001f8c                COMP7_IRQHandler
                0x08001f8c                COMP1_2_3_IRQHandler
                0x08001f8c                EXTI1_IRQHandler
                0x08001f8c                USART2_IRQHandler
                0x08001f8c                COMP4_5_6_IRQHandler
                0x08001f8c                TIM20_BRK_IRQHandler
                0x08001f8c                I2C2_ER_IRQHandler
                0x08001f8c                DMA1_Channel2_IRQHandler
                0x08001f8c                TIM8_BRK_IRQHandler
                0x08001f8c                FLASH_IRQHandler
                0x08001f8c                TIM20_CC_IRQHandler
                0x08001f8c                USART1_IRQHandler
                0x08001f8c                SPI3_IRQHandler
                0x08001f8c                I2C1_ER_IRQHandler
                0x08001f8c                FMC_IRQHandler
                0x08001f8c                LPTIM1_IRQHandler
                0x08001f8c                DMAMUX_OVR_IRQHandler
                0x08001f8c                I2C4_ER_IRQHandler
                0x08001f8c                USBWakeUp_IRQHandler
                0x08001f8c                SAI1_IRQHandler
                0x08001f8c                DMA2_Channel3_IRQHandler
                0x08001f8c                TIM1_BRK_TIM15_IRQHandler
 *fill*         0x08001f8e        0x2 
 .text.BSP_LED_Init
                0x08001f90       0x6c ./Drivers/BSP/STM32G4xx_Nucleo/stm32g4xx_nucleo.o
                0x08001f90                BSP_LED_Init
 .text.BSP_LED_Toggle
                0x08001ffc       0x2c ./Drivers/BSP/STM32G4xx_Nucleo/stm32g4xx_nucleo.o
                0x08001ffc                BSP_LED_Toggle
 .text.BSP_PB_Init
                0x08002028       0xdc ./Drivers/BSP/STM32G4xx_Nucleo/stm32g4xx_nucleo.o
                0x08002028                BSP_PB_Init
 .text.BSP_PB_Callback
                0x08002104       0x16 ./Drivers/BSP/STM32G4xx_Nucleo/stm32g4xx_nucleo.o
                0x08002104                BSP_PB_Callback
 *fill*         0x0800211a        0x2 
 .text.BSP_COM_Init
                0x0800211c       0x60 ./Drivers/BSP/STM32G4xx_Nucleo/stm32g4xx_nucleo.o
                0x0800211c                BSP_COM_Init
 .text.MX_LPUART1_Init
                0x0800217c       0x64 ./Drivers/BSP/STM32G4xx_Nucleo/stm32g4xx_nucleo.o
                0x0800217c                MX_LPUART1_Init
 .text.BUTTON_USER_EXTI_Callback
                0x080021e0        0xe ./Drivers/BSP/STM32G4xx_Nucleo/stm32g4xx_nucleo.o
 *fill*         0x080021ee        0x2 
 .text.COM1_MspInit
                0x080021f0       0x98 ./Drivers/BSP/STM32G4xx_Nucleo/stm32g4xx_nucleo.o
 .text.HAL_Init
                0x08002288       0x30 ./Drivers/STM32G4xx_HAL_Driver/Src/stm32g4xx_hal.o
                0x08002288                HAL_Init
 .text.HAL_InitTick
                0x080022b8       0x74 ./Drivers/STM32G4xx_HAL_Driver/Src/stm32g4xx_hal.o
                0x080022b8                HAL_InitTick
 .text.HAL_IncTick
                0x0800232c       0x24 ./Drivers/STM32G4xx_HAL_Driver/Src/stm32g4xx_hal.o
                0x0800232c                HAL_IncTick
 .text.HAL_GetTick
                0x08002350       0x18 ./Drivers/STM32G4xx_HAL_Driver/Src/stm32g4xx_hal.o
                0x08002350                HAL_GetTick
 .text.__NVIC_SetPriorityGrouping
                0x08002368       0x48 ./Drivers/STM32G4xx_HAL_Driver/Src/stm32g4xx_hal_cortex.o
 .text.__NVIC_GetPriorityGrouping
                0x080023b0       0x1c ./Drivers/STM32G4xx_HAL_Driver/Src/stm32g4xx_hal_cortex.o
 .text.__NVIC_EnableIRQ
                0x080023cc       0x3c ./Drivers/STM32G4xx_HAL_Driver/Src/stm32g4xx_hal_cortex.o
 .text.__NVIC_SetPriority
                0x08002408       0x54 ./Drivers/STM32G4xx_HAL_Driver/Src/stm32g4xx_hal_cortex.o
 .text.NVIC_EncodePriority
                0x0800245c       0x66 ./Drivers/STM32G4xx_HAL_Driver/Src/stm32g4xx_hal_cortex.o
 *fill*         0x080024c2        0x2 
 .text.SysTick_Config
                0x080024c4       0x44 ./Drivers/STM32G4xx_HAL_Driver/Src/stm32g4xx_hal_cortex.o
 .text.HAL_NVIC_SetPriorityGrouping
                0x08002508       0x16 ./Drivers/STM32G4xx_HAL_Driver/Src/stm32g4xx_hal_cortex.o
                0x08002508                HAL_NVIC_SetPriorityGrouping
 .text.HAL_NVIC_SetPriority
                0x0800251e       0x34 ./Drivers/STM32G4xx_HAL_Driver/Src/stm32g4xx_hal_cortex.o
                0x0800251e                HAL_NVIC_SetPriority
 .text.HAL_NVIC_EnableIRQ
                0x08002552       0x1c ./Drivers/STM32G4xx_HAL_Driver/Src/stm32g4xx_hal_cortex.o
                0x08002552                HAL_NVIC_EnableIRQ
 .text.HAL_SYSTICK_Config
                0x0800256e       0x18 ./Drivers/STM32G4xx_HAL_Driver/Src/stm32g4xx_hal_cortex.o
                0x0800256e                HAL_SYSTICK_Config
 .text.HAL_EXTI_RegisterCallback
                0x08002586       0x3a ./Drivers/STM32G4xx_HAL_Driver/Src/stm32g4xx_hal_exti.o
                0x08002586                HAL_EXTI_RegisterCallback
 .text.HAL_EXTI_GetHandle
                0x080025c0       0x28 ./Drivers/STM32G4xx_HAL_Driver/Src/stm32g4xx_hal_exti.o
                0x080025c0                HAL_EXTI_GetHandle
 .text.HAL_GPIO_Init
                0x080025e8      0x318 ./Drivers/STM32G4xx_HAL_Driver/Src/stm32g4xx_hal_gpio.o
                0x080025e8                HAL_GPIO_Init
 .text.HAL_GPIO_WritePin
                0x08002900       0x30 ./Drivers/STM32G4xx_HAL_Driver/Src/stm32g4xx_hal_gpio.o
                0x08002900                HAL_GPIO_WritePin
 .text.HAL_GPIO_TogglePin
                0x08002930       0x34 ./Drivers/STM32G4xx_HAL_Driver/Src/stm32g4xx_hal_gpio.o
                0x08002930                HAL_GPIO_TogglePin
 .text.HAL_PWREx_DisableUCPDDeadBattery
                0x08002964       0x20 ./Drivers/STM32G4xx_HAL_Driver/Src/stm32g4xx_hal_pwr_ex.o
                0x08002964                HAL_PWREx_DisableUCPDDeadBattery
 .text.HAL_RCC_GetSysClockFreq
                0x08002984       0xc4 ./Drivers/STM32G4xx_HAL_Driver/Src/stm32g4xx_hal_rcc.o
                0x08002984                HAL_RCC_GetSysClockFreq
 .text.HAL_RCC_GetHCLKFreq
                0x08002a48       0x18 ./Drivers/STM32G4xx_HAL_Driver/Src/stm32g4xx_hal_rcc.o
                0x08002a48                HAL_RCC_GetHCLKFreq
 .text.HAL_RCC_GetPCLK1Freq
                0x08002a60       0x2c ./Drivers/STM32G4xx_HAL_Driver/Src/stm32g4xx_hal_rcc.o
                0x08002a60                HAL_RCC_GetPCLK1Freq
 .text.HAL_RCC_GetPCLK2Freq
                0x08002a8c       0x2c ./Drivers/STM32G4xx_HAL_Driver/Src/stm32g4xx_hal_rcc.o
                0x08002a8c                HAL_RCC_GetPCLK2Freq
 .text.HAL_UART_Init
                0x08002ab8       0xa0 ./Drivers/STM32G4xx_HAL_Driver/Src/stm32g4xx_hal_uart.o
                0x08002ab8                HAL_UART_Init
 .text.HAL_UART_MspInit
                0x08002b58       0x14 ./Drivers/STM32G4xx_HAL_Driver/Src/stm32g4xx_hal_uart.o
                0x08002b58                HAL_UART_MspInit
 .text.UART_SetConfig
                0x08002b6c      0x5f8 ./Drivers/STM32G4xx_HAL_Driver/Src/stm32g4xx_hal_uart.o
                0x08002b6c                UART_SetConfig
 .text.UART_AdvFeatureConfig
                0x08003164      0x144 ./Drivers/STM32G4xx_HAL_Driver/Src/stm32g4xx_hal_uart.o
                0x08003164                UART_AdvFeatureConfig
 .text.UART_CheckIdleState
                0x080032a8      0x154 ./Drivers/STM32G4xx_HAL_Driver/Src/stm32g4xx_hal_uart.o
                0x080032a8                UART_CheckIdleState
 .text.UART_WaitOnFlagUntilTimeout
                0x080033fc       0xda ./Drivers/STM32G4xx_HAL_Driver/Src/stm32g4xx_hal_uart.o
                0x080033fc                UART_WaitOnFlagUntilTimeout
 .text.UART_EndRxTransfer
                0x080034d6       0xcc ./Drivers/STM32G4xx_HAL_Driver/Src/stm32g4xx_hal_uart.o
 .text.LL_ADC_REG_SetSequencerLength
                0x080035a2       0x26 ./Drivers/STM32G4xx_HAL_Driver/Src/stm32g4xx_ll_adc.o
 .text.LL_ADC_IsEnabled
                0x080035c8       0x26 ./Drivers/STM32G4xx_HAL_Driver/Src/stm32g4xx_ll_adc.o
 *fill*         0x080035ee        0x2 
 .text.LL_ADC_CommonInit
                0x080035f0       0xc8 ./Drivers/STM32G4xx_HAL_Driver/Src/stm32g4xx_ll_adc.o
                0x080035f0                LL_ADC_CommonInit
 .text.LL_ADC_Init
                0x080036b8       0x4c ./Drivers/STM32G4xx_HAL_Driver/Src/stm32g4xx_ll_adc.o
                0x080036b8                LL_ADC_Init
 .text.LL_ADC_REG_Init
                0x08003704       0x94 ./Drivers/STM32G4xx_HAL_Driver/Src/stm32g4xx_ll_adc.o
                0x08003704                LL_ADC_REG_Init
 .text.LL_GPIO_SetPinMode
                0x08003798       0x7a ./Drivers/STM32G4xx_HAL_Driver/Src/stm32g4xx_ll_gpio.o
 .text.LL_GPIO_SetPinOutputType
                0x08003812       0x30 ./Drivers/STM32G4xx_HAL_Driver/Src/stm32g4xx_ll_gpio.o
 .text.LL_GPIO_SetPinSpeed
                0x08003842       0x7a ./Drivers/STM32G4xx_HAL_Driver/Src/stm32g4xx_ll_gpio.o
 .text.LL_GPIO_SetPinPull
                0x080038bc       0x7a ./Drivers/STM32G4xx_HAL_Driver/Src/stm32g4xx_ll_gpio.o
 .text.LL_GPIO_SetAFPin_0_7
                0x08003936       0x7a ./Drivers/STM32G4xx_HAL_Driver/Src/stm32g4xx_ll_gpio.o
 .text.LL_GPIO_SetAFPin_8_15
                0x080039b0       0x7e ./Drivers/STM32G4xx_HAL_Driver/Src/stm32g4xx_ll_gpio.o
 .text.LL_GPIO_Init
                0x08003a2e       0xdc ./Drivers/STM32G4xx_HAL_Driver/Src/stm32g4xx_ll_gpio.o
                0x08003a2e                LL_GPIO_Init
 *fill*         0x08003b0a        0x2 
 .text.LL_RCC_HSI_IsReady
                0x08003b0c       0x28 ./Drivers/STM32G4xx_HAL_Driver/Src/stm32g4xx_ll_rcc.o
 .text.LL_RCC_LSE_IsReady
                0x08003b34       0x28 ./Drivers/STM32G4xx_HAL_Driver/Src/stm32g4xx_ll_rcc.o
 .text.LL_RCC_GetSysClkSource
                0x08003b5c       0x1c ./Drivers/STM32G4xx_HAL_Driver/Src/stm32g4xx_ll_rcc.o
 .text.LL_RCC_GetAHBPrescaler
                0x08003b78       0x1c ./Drivers/STM32G4xx_HAL_Driver/Src/stm32g4xx_ll_rcc.o
 .text.LL_RCC_GetAPB1Prescaler
                0x08003b94       0x1c ./Drivers/STM32G4xx_HAL_Driver/Src/stm32g4xx_ll_rcc.o
 .text.LL_RCC_GetAPB2Prescaler
                0x08003bb0       0x1c ./Drivers/STM32G4xx_HAL_Driver/Src/stm32g4xx_ll_rcc.o
 .text.LL_RCC_GetUSARTClockSource
                0x08003bcc       0x28 ./Drivers/STM32G4xx_HAL_Driver/Src/stm32g4xx_ll_rcc.o
 .text.LL_RCC_GetUARTClockSource
                0x08003bf4       0x28 ./Drivers/STM32G4xx_HAL_Driver/Src/stm32g4xx_ll_rcc.o
 .text.LL_RCC_PLL_GetMainSource
                0x08003c1c       0x1c ./Drivers/STM32G4xx_HAL_Driver/Src/stm32g4xx_ll_rcc.o
 .text.LL_RCC_PLL_GetN
                0x08003c38       0x1c ./Drivers/STM32G4xx_HAL_Driver/Src/stm32g4xx_ll_rcc.o
 .text.LL_RCC_PLL_GetR
                0x08003c54       0x1c ./Drivers/STM32G4xx_HAL_Driver/Src/stm32g4xx_ll_rcc.o
 .text.LL_RCC_PLL_GetDivider
                0x08003c70       0x1c ./Drivers/STM32G4xx_HAL_Driver/Src/stm32g4xx_ll_rcc.o
 .text.LL_RCC_GetUSARTClockFreq
                0x08003c8c      0x188 ./Drivers/STM32G4xx_HAL_Driver/Src/stm32g4xx_ll_rcc.o
                0x08003c8c                LL_RCC_GetUSARTClockFreq
 .text.LL_RCC_GetUARTClockFreq
                0x08003e14      0x10c ./Drivers/STM32G4xx_HAL_Driver/Src/stm32g4xx_ll_rcc.o
                0x08003e14                LL_RCC_GetUARTClockFreq
 .text.RCC_GetSystemClockFreq
                0x08003f20       0x4c ./Drivers/STM32G4xx_HAL_Driver/Src/stm32g4xx_ll_rcc.o
 .text.RCC_GetHCLKClockFreq
                0x08003f6c       0x30 ./Drivers/STM32G4xx_HAL_Driver/Src/stm32g4xx_ll_rcc.o
 .text.RCC_GetPCLK1ClockFreq
                0x08003f9c       0x2c ./Drivers/STM32G4xx_HAL_Driver/Src/stm32g4xx_ll_rcc.o
 .text.RCC_GetPCLK2ClockFreq
                0x08003fc8       0x2c ./Drivers/STM32G4xx_HAL_Driver/Src/stm32g4xx_ll_rcc.o
 .text.RCC_PLL_GetFreqDomain_SYS
                0x08003ff4       0x68 ./Drivers/STM32G4xx_HAL_Driver/Src/stm32g4xx_ll_rcc.o
 .text.LL_TIM_SetPrescaler
                0x0800405c       0x1c ./Drivers/STM32G4xx_HAL_Driver/Src/stm32g4xx_ll_tim.o
 .text.LL_TIM_SetAutoReload
                0x08004078       0x1c ./Drivers/STM32G4xx_HAL_Driver/Src/stm32g4xx_ll_tim.o
 .text.LL_TIM_SetRepetitionCounter
                0x08004094       0x1c ./Drivers/STM32G4xx_HAL_Driver/Src/stm32g4xx_ll_tim.o
 .text.LL_TIM_GenerateEvent_UPDATE
                0x080040b0       0x20 ./Drivers/STM32G4xx_HAL_Driver/Src/stm32g4xx_ll_tim.o
 .text.LL_TIM_Init
                0x080040d0      0x144 ./Drivers/STM32G4xx_HAL_Driver/Src/stm32g4xx_ll_tim.o
                0x080040d0                LL_TIM_Init
 .text.LL_USART_IsEnabled
                0x08004214       0x26 ./Drivers/STM32G4xx_HAL_Driver/Src/stm32g4xx_ll_usart.o
 .text.LL_USART_SetPrescaler
                0x0800423a       0x28 ./Drivers/STM32G4xx_HAL_Driver/Src/stm32g4xx_ll_usart.o
 .text.LL_USART_SetStopBitsLength
                0x08004262       0x26 ./Drivers/STM32G4xx_HAL_Driver/Src/stm32g4xx_ll_usart.o
 .text.LL_USART_SetHWFlowCtrl
                0x08004288       0x26 ./Drivers/STM32G4xx_HAL_Driver/Src/stm32g4xx_ll_usart.o
 *fill*         0x080042ae        0x2 
 .text.LL_USART_SetBaudRate
                0x080042b0       0xa0 ./Drivers/STM32G4xx_HAL_Driver/Src/stm32g4xx_ll_usart.o
 .text.LL_USART_Init
                0x08004350      0x10c ./Drivers/STM32G4xx_HAL_Driver/Src/stm32g4xx_ll_usart.o
                0x08004350                LL_USART_Init
 .text.LL_SetSystemCoreClock
                0x0800445c       0x20 ./Drivers/STM32G4xx_HAL_Driver/Src/stm32g4xx_ll_utils.o
                0x0800445c                LL_SetSystemCoreClock
 .text.memset   0x0800447c       0x10 C:/ST/STM32CubeIDE_1.19.0/STM32CubeIDE/plugins/com.st.stm32cube.ide.mcu.externaltools.gnu-tools-for-stm32.13.3.rel1.win32_1.0.0.202411081344/tools/bin/../lib/gcc/arm-none-eabi/13.3.1/../../../../arm-none-eabi/lib/thumb/v7e-m+fp/hard\libc_nano.a(libc_a-memset.o)
                0x0800447c                memset
 .text.__errno  0x0800448c        0xc C:/ST/STM32CubeIDE_1.19.0/STM32CubeIDE/plugins/com.st.stm32cube.ide.mcu.externaltools.gnu-tools-for-stm32.13.3.rel1.win32_1.0.0.202411081344/tools/bin/../lib/gcc/arm-none-eabi/13.3.1/../../../../arm-none-eabi/lib/thumb/v7e-m+fp/hard\libc_nano.a(libc_a-errno.o)
                0x0800448c                __errno
 .text.__libc_init_array
                0x08004498       0x48 C:/ST/STM32CubeIDE_1.19.0/STM32CubeIDE/plugins/com.st.stm32cube.ide.mcu.externaltools.gnu-tools-for-stm32.13.3.rel1.win32_1.0.0.202411081344/tools/bin/../lib/gcc/arm-none-eabi/13.3.1/../../../../arm-none-eabi/lib/thumb/v7e-m+fp/hard\libc_nano.a(libc_a-init.o)
                0x08004498                __libc_init_array
 .text.asinf    0x080044e0       0x58 C:/ST/STM32CubeIDE_1.19.0/STM32CubeIDE/plugins/com.st.stm32cube.ide.mcu.externaltools.gnu-tools-for-stm32.13.3.rel1.win32_1.0.0.202411081344/tools/bin/../lib/gcc/arm-none-eabi/13.3.1/../../../../arm-none-eabi/lib/thumb/v7e-m+fp/hard\libm.a(libm_a-wf_asin.o)
                0x080044e0                asinf
 .text.fabsf    0x08004538        0xe C:/ST/STM32CubeIDE_1.19.0/STM32CubeIDE/plugins/com.st.stm32cube.ide.mcu.externaltools.gnu-tools-for-stm32.13.3.rel1.win32_1.0.0.202411081344/tools/bin/../lib/gcc/arm-none-eabi/13.3.1/../../../../arm-none-eabi/lib/thumb/v7e-m+fp/hard\libm.a(libm_a-sf_fabs.o)
                0x08004538                fabsf
 *fill*         0x08004546        0x2 
 .text.nanf     0x08004548        0xc C:/ST/STM32CubeIDE_1.19.0/STM32CubeIDE/plugins/com.st.stm32cube.ide.mcu.externaltools.gnu-tools-for-stm32.13.3.rel1.win32_1.0.0.202411081344/tools/bin/../lib/gcc/arm-none-eabi/13.3.1/../../../../arm-none-eabi/lib/thumb/v7e-m+fp/hard\libm.a(libm_a-sf_nan.o)
                0x08004548                nanf
 .text.__ieee754_asinf
                0x08004554      0x1c8 C:/ST/STM32CubeIDE_1.19.0/STM32CubeIDE/plugins/com.st.stm32cube.ide.mcu.externaltools.gnu-tools-for-stm32.13.3.rel1.win32_1.0.0.202411081344/tools/bin/../lib/gcc/arm-none-eabi/13.3.1/../../../../arm-none-eabi/lib/thumb/v7e-m+fp/hard\libm.a(libm_a-ef_asin.o)
                0x08004554                __ieee754_asinf
 .text.__ieee754_sqrtf
                0x0800471c        0x6 C:/ST/STM32CubeIDE_1.19.0/STM32CubeIDE/plugins/com.st.stm32cube.ide.mcu.externaltools.gnu-tools-for-stm32.13.3.rel1.win32_1.0.0.202411081344/tools/bin/../lib/gcc/arm-none-eabi/13.3.1/../../../../arm-none-eabi/lib/thumb/v7e-m+fp/hard\libm.a(libm_a-ef_sqrt.o)
                0x0800471c                __ieee754_sqrtf
 *(.glue_7)
 .glue_7        0x08004722        0x0 linker stubs
 *(.glue_7t)
 .glue_7t       0x08004722        0x0 linker stubs
 *(.eh_frame)
 *fill*         0x08004722        0x2 
 .eh_frame      0x08004724        0x0 C:/ST/STM32CubeIDE_1.19.0/STM32CubeIDE/plugins/com.st.stm32cube.ide.mcu.externaltools.gnu-tools-for-stm32.13.3.rel1.win32_1.0.0.202411081344/tools/bin/../lib/gcc/arm-none-eabi/13.3.1/thumb/v7e-m+fp/hard/crtbegin.o
 *(.init)
 .init          0x08004724        0x4 C:/ST/STM32CubeIDE_1.19.0/STM32CubeIDE/plugins/com.st.stm32cube.ide.mcu.externaltools.gnu-tools-for-stm32.13.3.rel1.win32_1.0.0.202411081344/tools/bin/../lib/gcc/arm-none-eabi/13.3.1/thumb/v7e-m+fp/hard/crti.o
                0x08004724                _init
 .init          0x08004728        0x8 C:/ST/STM32CubeIDE_1.19.0/STM32CubeIDE/plugins/com.st.stm32cube.ide.mcu.externaltools.gnu-tools-for-stm32.13.3.rel1.win32_1.0.0.202411081344/tools/bin/../lib/gcc/arm-none-eabi/13.3.1/thumb/v7e-m+fp/hard/crtn.o
 *(.fini)
 .fini          0x08004730        0x4 C:/ST/STM32CubeIDE_1.19.0/STM32CubeIDE/plugins/com.st.stm32cube.ide.mcu.externaltools.gnu-tools-for-stm32.13.3.rel1.win32_1.0.0.202411081344/tools/bin/../lib/gcc/arm-none-eabi/13.3.1/thumb/v7e-m+fp/hard/crti.o
                0x08004730                _fini
 .fini          0x08004734        0x8 C:/ST/STM32CubeIDE_1.19.0/STM32CubeIDE/plugins/com.st.stm32cube.ide.mcu.externaltools.gnu-tools-for-stm32.13.3.rel1.win32_1.0.0.202411081344/tools/bin/../lib/gcc/arm-none-eabi/13.3.1/thumb/v7e-m+fp/hard/crtn.o
                0x0800473c                        . = ALIGN (0x4)
                0x0800473c                        _etext = .

.vfp11_veneer   0x0800473c        0x0
 .vfp11_veneer  0x0800473c        0x0 linker stubs

.v4_bx          0x0800473c        0x0
 .v4_bx         0x0800473c        0x0 linker stubs

.iplt           0x0800473c        0x0
 .iplt          0x0800473c        0x0 C:/ST/STM32CubeIDE_1.19.0/STM32CubeIDE/plugins/com.st.stm32cube.ide.mcu.externaltools.gnu-tools-for-stm32.13.3.rel1.win32_1.0.0.202411081344/tools/bin/../lib/gcc/arm-none-eabi/13.3.1/thumb/v7e-m+fp/hard/crtbegin.o

.rodata         0x0800473c       0x80
                0x0800473c                        . = ALIGN (0x4)
 *(.rodata)
 *(.rodata*)
 .rodata.CHANNEL_OFFSET_TAB
                0x0800473c        0x8 ./Core/Src/main.o
 .rodata.AHBPrescTable
                0x08004744       0x10 ./Core/Src/system_stm32g4xx.o
                0x08004744                AHBPrescTable
 .rodata.APBPrescTable
                0x08004754        0x8 ./Core/Src/system_stm32g4xx.o
                0x08004754                APBPrescTable
 .rodata.BUTTON_EXTI_LINE.2
                0x0800475c        0x4 ./Drivers/BSP/STM32G4xx_Nucleo/stm32g4xx_nucleo.o
 .rodata.UARTPrescTable
                0x08004760       0x18 ./Drivers/STM32G4xx_HAL_Driver/Src/stm32g4xx_hal_uart.o
                0x08004760                UARTPrescTable
 .rodata.USART_PRESCALER_TAB
                0x08004778       0x40 ./Drivers/STM32G4xx_HAL_Driver/Src/stm32g4xx_ll_usart.o
 .rodata.asinf.str1.1
                0x080047b8        0x1 C:/ST/STM32CubeIDE_1.19.0/STM32CubeIDE/plugins/com.st.stm32cube.ide.mcu.externaltools.gnu-tools-for-stm32.13.3.rel1.win32_1.0.0.202411081344/tools/bin/../lib/gcc/arm-none-eabi/13.3.1/../../../../arm-none-eabi/lib/thumb/v7e-m+fp/hard\libm.a(libm_a-wf_asin.o)
                0x080047bc                        . = ALIGN (0x4)
 *fill*         0x080047b9        0x3 

.ARM.extab      0x080047bc        0x0
                0x080047bc                        . = ALIGN (0x4)
 *(.ARM.extab* .gnu.linkonce.armextab.*)
                0x080047bc                        . = ALIGN (0x4)

.ARM            0x080047bc        0x8
                0x080047bc                        . = ALIGN (0x4)
                0x080047bc                        __exidx_start = .
 *(.ARM.exidx*)
 .ARM.exidx     0x080047bc        0x8 C:/ST/STM32CubeIDE_1.19.0/STM32CubeIDE/plugins/com.st.stm32cube.ide.mcu.externaltools.gnu-tools-for-stm32.13.3.rel1.win32_1.0.0.202411081344/tools/bin/../lib/gcc/arm-none-eabi/13.3.1/thumb/v7e-m+fp/hard\libgcc.a(_udivmoddi4.o)
                0x080047c4                        __exidx_end = .
                0x080047c4                        . = ALIGN (0x4)

.preinit_array  0x080047c4        0x0
                0x080047c4                        . = ALIGN (0x4)
                0x080047c4                        PROVIDE (__preinit_array_start = .)
 *(.preinit_array*)
                0x080047c4                        PROVIDE (__preinit_array_end = .)
                0x080047c4                        . = ALIGN (0x4)

.init_array     0x080047c4        0x4
                0x080047c4                        . = ALIGN (0x4)
                0x080047c4                        PROVIDE (__init_array_start = .)
 *(SORT_BY_NAME(.init_array.*))
 *(.init_array*)
 .init_array    0x080047c4        0x4 C:/ST/STM32CubeIDE_1.19.0/STM32CubeIDE/plugins/com.st.stm32cube.ide.mcu.externaltools.gnu-tools-for-stm32.13.3.rel1.win32_1.0.0.202411081344/tools/bin/../lib/gcc/arm-none-eabi/13.3.1/thumb/v7e-m+fp/hard/crtbegin.o
                0x080047c8                        PROVIDE (__init_array_end = .)
                0x080047c8                        . = ALIGN (0x4)

.fini_array     0x080047c8        0x4
                0x080047c8                        . = ALIGN (0x4)
                [!provide]                        PROVIDE (__fini_array_start = .)
 *(SORT_BY_NAME(.fini_array.*))
 *(.fini_array*)
 .fini_array    0x080047c8        0x4 C:/ST/STM32CubeIDE_1.19.0/STM32CubeIDE/plugins/com.st.stm32cube.ide.mcu.externaltools.gnu-tools-for-stm32.13.3.rel1.win32_1.0.0.202411081344/tools/bin/../lib/gcc/arm-none-eabi/13.3.1/thumb/v7e-m+fp/hard/crtbegin.o
                [!provide]                        PROVIDE (__fini_array_end = .)
                0x080047cc                        . = ALIGN (0x4)
                0x080047cc                        _sidata = LOADADDR (.data)

.rel.dyn        0x080047cc        0x0
 .rel.iplt      0x080047cc        0x0 C:/ST/STM32CubeIDE_1.19.0/STM32CubeIDE/plugins/com.st.stm32cube.ide.mcu.externaltools.gnu-tools-for-stm32.13.3.rel1.win32_1.0.0.202411081344/tools/bin/../lib/gcc/arm-none-eabi/13.3.1/thumb/v7e-m+fp/hard/crtbegin.o

.data           0x20000000       0x70 load address 0x080047cc
                0x20000000                        . = ALIGN (0x4)
                0x20000000                        _sdata = .
 *(.data)
 *(.data*)
 .data.SystemCoreClock
                0x20000000        0x4 ./Core/Src/system_stm32g4xx.o
                0x20000000                SystemCoreClock
 .data.LED_PORT
                0x20000004        0x4 ./Drivers/BSP/STM32G4xx_Nucleo/stm32g4xx_nucleo.o
 .data.BUTTON_PORT
                0x20000008        0x4 ./Drivers/BSP/STM32G4xx_Nucleo/stm32g4xx_nucleo.o
 .data.COM_USART
                0x2000000c        0x4 ./Drivers/BSP/STM32G4xx_Nucleo/stm32g4xx_nucleo.o
 .data.ButtonCallback.1
                0x20000010        0x4 ./Drivers/BSP/STM32G4xx_Nucleo/stm32g4xx_nucleo.o
 .data.BSP_BUTTON_PRIO.0
                0x20000014        0x4 ./Drivers/BSP/STM32G4xx_Nucleo/stm32g4xx_nucleo.o
 .data.uwTickPrio
                0x20000018        0x4 ./Drivers/STM32G4xx_HAL_Driver/Src/stm32g4xx_hal.o
                0x20000018                uwTickPrio
 .data.uwTickFreq
                0x2000001c        0x4 ./Drivers/STM32G4xx_HAL_Driver/Src/stm32g4xx_hal.o
                0x2000001c                uwTickFreq
 .data._impure_ptr
                0x20000020        0x4 C:/ST/STM32CubeIDE_1.19.0/STM32CubeIDE/plugins/com.st.stm32cube.ide.mcu.externaltools.gnu-tools-for-stm32.13.3.rel1.win32_1.0.0.202411081344/tools/bin/../lib/gcc/arm-none-eabi/13.3.1/../../../../arm-none-eabi/lib/thumb/v7e-m+fp/hard\libc_nano.a(libc_a-impure.o)
                0x20000020                _impure_ptr
 .data._impure_data
                0x20000024       0x4c C:/ST/STM32CubeIDE_1.19.0/STM32CubeIDE/plugins/com.st.stm32cube.ide.mcu.externaltools.gnu-tools-for-stm32.13.3.rel1.win32_1.0.0.202411081344/tools/bin/../lib/gcc/arm-none-eabi/13.3.1/../../../../arm-none-eabi/lib/thumb/v7e-m+fp/hard\libc_nano.a(libc_a-impure.o)
                0x20000024                _impure_data
 *(.RamFunc)
 *(.RamFunc*)
                0x20000070                        . = ALIGN (0x4)
                0x20000070                        _edata = .

.igot.plt       0x20000070        0x0 load address 0x0800483c
 .igot.plt      0x20000070        0x0 C:/ST/STM32CubeIDE_1.19.0/STM32CubeIDE/plugins/com.st.stm32cube.ide.mcu.externaltools.gnu-tools-for-stm32.13.3.rel1.win32_1.0.0.202411081344/tools/bin/../lib/gcc/arm-none-eabi/13.3.1/thumb/v7e-m+fp/hard/crtbegin.o
                0x20000070                        . = ALIGN (0x4)

.bss            0x20000070     0x220c load address 0x0800483c
                0x20000070                        _sbss = .
                0x20000070                        __bss_start__ = _sbss
 *(.bss)
 .bss           0x20000070       0x1c C:/ST/STM32CubeIDE_1.19.0/STM32CubeIDE/plugins/com.st.stm32cube.ide.mcu.externaltools.gnu-tools-for-stm32.13.3.rel1.win32_1.0.0.202411081344/tools/bin/../lib/gcc/arm-none-eabi/13.3.1/thumb/v7e-m+fp/hard/crtbegin.o
 *(.bss*)
 .bss.BspCOMInit
                0x2000008c       0x10 ./Core/Src/main.o
                0x2000008c                BspCOMInit
 .bss.adc_buffer
                0x2000009c     0x2000 ./Core/Src/main.o
                0x2000009c                adc_buffer
 .bss.process_ping
                0x2000209c        0x1 ./Core/Src/main.o
                0x2000209c                process_ping
 .bss.process_pong
                0x2000209d        0x1 ./Core/Src/main.o
                0x2000209d                process_pong
 .bss.frame_id  0x2000209e        0x2 ./Core/Src/main.o
 .bss.frame_skip_cnt
                0x200020a0        0x1 ./Core/Src/main.o
 *fill*         0x200020a1        0x3 
 .bss.hpb_exti  0x200020a4        0x8 ./Drivers/BSP/STM32G4xx_Nucleo/stm32g4xx_nucleo.o
                0x200020a4                hpb_exti
 .bss.hcom_uart
                0x200020ac       0x94 ./Drivers/BSP/STM32G4xx_Nucleo/stm32g4xx_nucleo.o
                0x200020ac                hcom_uart
 .bss.uwTick    0x20002140        0x4 ./Drivers/STM32G4xx_HAL_Driver/Src/stm32g4xx_hal.o
                0x20002140                uwTick
 .bss.__sf      0x20002144      0x138 C:/ST/STM32CubeIDE_1.19.0/STM32CubeIDE/plugins/com.st.stm32cube.ide.mcu.externaltools.gnu-tools-for-stm32.13.3.rel1.win32_1.0.0.202411081344/tools/bin/../lib/gcc/arm-none-eabi/13.3.1/../../../../arm-none-eabi/lib/thumb/v7e-m+fp/hard\libc_nano.a(libc_a-findfp.o)
                0x20002144                __sf
 *(COMMON)
                0x2000227c                        . = ALIGN (0x4)
                0x2000227c                        _ebss = .
                0x2000227c                        __bss_end__ = _ebss

._user_heap_stack
                0x2000227c      0x604 load address 0x0800483c
                0x20002280                        . = ALIGN (0x8)
 *fill*         0x2000227c        0x4 
                [!provide]                        PROVIDE (end = .)
                0x20002280                        PROVIDE (_end = .)
                0x20002480                        . = (. + _Min_Heap_Size)
 *fill*         0x20002280      0x200 
                0x20002880                        . = (. + _Min_Stack_Size)
 *fill*         0x20002480      0x400 
                0x20002880                        . = ALIGN (0x8)

/DISCARD/
 libc.a(*)
 libm.a(*)
 libgcc.a(*)

.ARM.attributes
                0x00000000       0x30
 *(.ARM.attributes)
 .ARM.attributes
                0x00000000       0x22 C:/ST/STM32CubeIDE_1.19.0/STM32CubeIDE/plugins/com.st.stm32cube.ide.mcu.externaltools.gnu-tools-for-stm32.13.3.rel1.win32_1.0.0.202411081344/tools/bin/../lib/gcc/arm-none-eabi/13.3.1/thumb/v7e-m+fp/hard/crti.o
 .ARM.attributes
                0x00000022       0x34 C:/ST/STM32CubeIDE_1.19.0/STM32CubeIDE/plugins/com.st.stm32cube.ide.mcu.externaltools.gnu-tools-for-stm32.13.3.rel1.win32_1.0.0.202411081344/tools/bin/../lib/gcc/arm-none-eabi/13.3.1/thumb/v7e-m+fp/hard/crtbegin.o
 .ARM.attributes
                0x00000056       0x34 ./Core/CustomDriverSet/SrcDriver/TwoDimSoundLoc.o
 .ARM.attributes
                0x0000008a       0x34 ./Core/Src/main.o
 .ARM.attributes
                0x000000be       0x34 ./Core/Src/stm32g4xx_hal_msp.o
 .ARM.attributes
                0x000000f2       0x34 ./Core/Src/stm32g4xx_it.o
 .ARM.attributes
                0x00000126       0x34 ./Core/Src/system_stm32g4xx.o
 .ARM.attributes
                0x0000015a       0x21 ./Core/Startup/startup_stm32g474retx.o
 .ARM.attributes
                0x0000017b       0x34 ./Drivers/BSP/STM32G4xx_Nucleo/stm32g4xx_nucleo.o
 .ARM.attributes
                0x000001af       0x34 ./Drivers/STM32G4xx_HAL_Driver/Src/stm32g4xx_hal.o
 .ARM.attributes
                0x000001e3       0x34 ./Drivers/STM32G4xx_HAL_Driver/Src/stm32g4xx_hal_cortex.o
 .ARM.attributes
                0x00000217       0x34 ./Drivers/STM32G4xx_HAL_Driver/Src/stm32g4xx_hal_exti.o
 .ARM.attributes
                0x0000024b       0x34 ./Drivers/STM32G4xx_HAL_Driver/Src/stm32g4xx_hal_gpio.o
 .ARM.attributes
                0x0000027f       0x34 ./Drivers/STM32G4xx_HAL_Driver/Src/stm32g4xx_hal_pwr_ex.o
 .ARM.attributes
                0x000002b3       0x34 ./Drivers/STM32G4xx_HAL_Driver/Src/stm32g4xx_hal_rcc.o
 .ARM.attributes
                0x000002e7       0x34 ./Drivers/STM32G4xx_HAL_Driver/Src/stm32g4xx_hal_uart.o
 .ARM.attributes
                0x0000031b       0x34 ./Drivers/STM32G4xx_HAL_Driver/Src/stm32g4xx_ll_adc.o
 .ARM.attributes
                0x0000034f       0x34 ./Drivers/STM32G4xx_HAL_Driver/Src/stm32g4xx_ll_gpio.o
 .ARM.attributes
                0x00000383       0x34 ./Drivers/STM32G4xx_HAL_Driver/Src/stm32g4xx_ll_rcc.o
 .ARM.attributes
                0x000003b7       0x34 ./Drivers/STM32G4xx_HAL_Driver/Src/stm32g4xx_ll_tim.o
 .ARM.attributes
                0x000003eb       0x34 ./Drivers/STM32G4xx_HAL_Driver/Src/stm32g4xx_ll_usart.o
 .ARM.attributes
                0x0000041f       0x34 ./Drivers/STM32G4xx_HAL_Driver/Src/stm32g4xx_ll_utils.o
 .ARM.attributes
                0x00000453       0x34 C:/ST/STM32CubeIDE_1.19.0/STM32CubeIDE/plugins/com.st.stm32cube.ide.mcu.externaltools.gnu-tools-for-stm32.13.3.rel1.win32_1.0.0.202411081344/tools/bin/../lib/gcc/arm-none-eabi/13.3.1/../../../../arm-none-eabi/lib/thumb/v7e-m+fp/hard\libc_nano.a(libc_a-findfp.o)
 .ARM.attributes
                0x00000487       0x34 C:/ST/STM32CubeIDE_1.19.0/STM32CubeIDE/plugins/com.st.stm32cube.ide.mcu.externaltools.gnu-tools-for-stm32.13.3.rel1.win32_1.0.0.202411081344/tools/bin/../lib/gcc/arm-none-eabi/13.3.1/../../../../arm-none-eabi/lib/thumb/v7e-m+fp/hard\libc_nano.a(libc_a-memset.o)
 .ARM.attributes
                0x000004bb       0x34 C:/ST/STM32CubeIDE_1.19.0/STM32CubeIDE/plugins/com.st.stm32cube.ide.mcu.externaltools.gnu-tools-for-stm32.13.3.rel1.win32_1.0.0.202411081344/tools/bin/../lib/gcc/arm-none-eabi/13.3.1/../../../../arm-none-eabi/lib/thumb/v7e-m+fp/hard\libc_nano.a(libc_a-impure.o)
 .ARM.attributes
                0x000004ef       0x34 C:/ST/STM32CubeIDE_1.19.0/STM32CubeIDE/plugins/com.st.stm32cube.ide.mcu.externaltools.gnu-tools-for-stm32.13.3.rel1.win32_1.0.0.202411081344/tools/bin/../lib/gcc/arm-none-eabi/13.3.1/../../../../arm-none-eabi/lib/thumb/v7e-m+fp/hard\libc_nano.a(libc_a-errno.o)
 .ARM.attributes
                0x00000523       0x34 C:/ST/STM32CubeIDE_1.19.0/STM32CubeIDE/plugins/com.st.stm32cube.ide.mcu.externaltools.gnu-tools-for-stm32.13.3.rel1.win32_1.0.0.202411081344/tools/bin/../lib/gcc/arm-none-eabi/13.3.1/../../../../arm-none-eabi/lib/thumb/v7e-m+fp/hard\libc_nano.a(libc_a-init.o)
 .ARM.attributes
                0x00000557       0x34 C:/ST/STM32CubeIDE_1.19.0/STM32CubeIDE/plugins/com.st.stm32cube.ide.mcu.externaltools.gnu-tools-for-stm32.13.3.rel1.win32_1.0.0.202411081344/tools/bin/../lib/gcc/arm-none-eabi/13.3.1/../../../../arm-none-eabi/lib/thumb/v7e-m+fp/hard\libm.a(libm_a-wf_asin.o)
 .ARM.attributes
                0x0000058b       0x34 C:/ST/STM32CubeIDE_1.19.0/STM32CubeIDE/plugins/com.st.stm32cube.ide.mcu.externaltools.gnu-tools-for-stm32.13.3.rel1.win32_1.0.0.202411081344/tools/bin/../lib/gcc/arm-none-eabi/13.3.1/../../../../arm-none-eabi/lib/thumb/v7e-m+fp/hard\libm.a(libm_a-sf_fabs.o)
 .ARM.attributes
                0x000005bf       0x34 C:/ST/STM32CubeIDE_1.19.0/STM32CubeIDE/plugins/com.st.stm32cube.ide.mcu.externaltools.gnu-tools-for-stm32.13.3.rel1.win32_1.0.0.202411081344/tools/bin/../lib/gcc/arm-none-eabi/13.3.1/../../../../arm-none-eabi/lib/thumb/v7e-m+fp/hard\libm.a(libm_a-sf_nan.o)
 .ARM.attributes
                0x000005f3       0x34 C:/ST/STM32CubeIDE_1.19.0/STM32CubeIDE/plugins/com.st.stm32cube.ide.mcu.externaltools.gnu-tools-for-stm32.13.3.rel1.win32_1.0.0.202411081344/tools/bin/../lib/gcc/arm-none-eabi/13.3.1/../../../../arm-none-eabi/lib/thumb/v7e-m+fp/hard\libm.a(libm_a-ef_asin.o)
 .ARM.attributes
                0x00000627       0x34 C:/ST/STM32CubeIDE_1.19.0/STM32CubeIDE/plugins/com.st.stm32cube.ide.mcu.externaltools.gnu-tools-for-stm32.13.3.rel1.win32_1.0.0.202411081344/tools/bin/../lib/gcc/arm-none-eabi/13.3.1/../../../../arm-none-eabi/lib/thumb/v7e-m+fp/hard\libm.a(libm_a-ef_sqrt.o)
 .ARM.attributes
                0x0000065b       0x22 C:/ST/STM32CubeIDE_1.19.0/STM32CubeIDE/plugins/com.st.stm32cube.ide.mcu.externaltools.gnu-tools-for-stm32.13.3.rel1.win32_1.0.0.202411081344/tools/bin/../lib/gcc/arm-none-eabi/13.3.1/thumb/v7e-m+fp/hard\libgcc.a(_aeabi_uldivmod.o)
 .ARM.attributes
                0x0000067d       0x34 C:/ST/STM32CubeIDE_1.19.0/STM32CubeIDE/plugins/com.st.stm32cube.ide.mcu.externaltools.gnu-tools-for-stm32.13.3.rel1.win32_1.0.0.202411081344/tools/bin/../lib/gcc/arm-none-eabi/13.3.1/thumb/v7e-m+fp/hard\libgcc.a(_udivmoddi4.o)
 .ARM.attributes
                0x000006b1       0x22 C:/ST/STM32CubeIDE_1.19.0/STM32CubeIDE/plugins/com.st.stm32cube.ide.mcu.externaltools.gnu-tools-for-stm32.13.3.rel1.win32_1.0.0.202411081344/tools/bin/../lib/gcc/arm-none-eabi/13.3.1/thumb/v7e-m+fp/hard\libgcc.a(_dvmd_tls.o)
 .ARM.attributes
                0x000006d3       0x22 C:/ST/STM32CubeIDE_1.19.0/STM32CubeIDE/plugins/com.st.stm32cube.ide.mcu.externaltools.gnu-tools-for-stm32.13.3.rel1.win32_1.0.0.202411081344/tools/bin/../lib/gcc/arm-none-eabi/13.3.1/thumb/v7e-m+fp/hard/crtn.o
OUTPUT(Sound Localization.elf elf32-littlearm)
LOAD linker stubs
LOAD C:/ST/STM32CubeIDE_1.19.0/STM32CubeIDE/plugins/com.st.stm32cube.ide.mcu.externaltools.gnu-tools-for-stm32.13.3.rel1.win32_1.0.0.202411081344/tools/bin/../lib/gcc/arm-none-eabi/13.3.1/../../../../arm-none-eabi/lib/thumb/v7e-m+fp/hard\libc.a
LOAD C:/ST/STM32CubeIDE_1.19.0/STM32CubeIDE/plugins/com.st.stm32cube.ide.mcu.externaltools.gnu-tools-for-stm32.13.3.rel1.win32_1.0.0.202411081344/tools/bin/../lib/gcc/arm-none-eabi/13.3.1/../../../../arm-none-eabi/lib/thumb/v7e-m+fp/hard\libm.a
LOAD C:/ST/STM32CubeIDE_1.19.0/STM32CubeIDE/plugins/com.st.stm32cube.ide.mcu.externaltools.gnu-tools-for-stm32.13.3.rel1.win32_1.0.0.202411081344/tools/bin/../lib/gcc/arm-none-eabi/13.3.1/thumb/v7e-m+fp/hard\libgcc.a

.debug_info     0x00000000    0x11d21
 .debug_info    0x00000000      0x1fc ./Core/CustomDriverSet/SrcDriver/TwoDimSoundLoc.o
 .debug_info    0x000001fc     0x2b4c ./Core/Src/main.o
 .debug_info    0x00002d48      0x3c4 ./Core/Src/stm32g4xx_hal_msp.o
 .debug_info    0x0000310c      0x459 ./Core/Src/stm32g4xx_it.o
 .debug_info    0x00003565      0x58e ./Core/Src/system_stm32g4xx.o
 .debug_info    0x00003af3       0x30 ./Core/Startup/startup_stm32g474retx.o
 .debug_info    0x00003b23     0x1762 ./Drivers/BSP/STM32G4xx_Nucleo/stm32g4xx_nucleo.o
 .debug_info    0x00005285      0xb95 ./Drivers/STM32G4xx_HAL_Driver/Src/stm32g4xx_hal.o
 .debug_info    0x00005e1a      0xdf9 ./Drivers/STM32G4xx_HAL_Driver/Src/stm32g4xx_hal_cortex.o
 .debug_info    0x00006c13      0x65f ./Drivers/STM32G4xx_HAL_Driver/Src/stm32g4xx_hal_exti.o
 .debug_info    0x00007272      0x772 ./Drivers/STM32G4xx_HAL_Driver/Src/stm32g4xx_hal_gpio.o
 .debug_info    0x000079e4      0x944 ./Drivers/STM32G4xx_HAL_Driver/Src/stm32g4xx_hal_pwr_ex.o
 .debug_info    0x00008328      0xbf9 ./Drivers/STM32G4xx_HAL_Driver/Src/stm32g4xx_hal_rcc.o
 .debug_info    0x00008f21     0x4854 ./Drivers/STM32G4xx_HAL_Driver/Src/stm32g4xx_hal_uart.o
 .debug_info    0x0000d775      0xb14 ./Drivers/STM32G4xx_HAL_Driver/Src/stm32g4xx_ll_adc.o
 .debug_info    0x0000e289      0x965 ./Drivers/STM32G4xx_HAL_Driver/Src/stm32g4xx_ll_gpio.o
 .debug_info    0x0000ebee      0xb6e ./Drivers/STM32G4xx_HAL_Driver/Src/stm32g4xx_ll_rcc.o
 .debug_info    0x0000f75c     0x11d8 ./Drivers/STM32G4xx_HAL_Driver/Src/stm32g4xx_ll_tim.o
 .debug_info    0x00010934      0x7c3 ./Drivers/STM32G4xx_HAL_Driver/Src/stm32g4xx_ll_usart.o
 .debug_info    0x000110f7      0xc2a ./Drivers/STM32G4xx_HAL_Driver/Src/stm32g4xx_ll_utils.o

.debug_abbrev   0x00000000     0x2946
 .debug_abbrev  0x00000000       0xd8 ./Core/CustomDriverSet/SrcDriver/TwoDimSoundLoc.o
 .debug_abbrev  0x000000d8      0x409 ./Core/Src/main.o
 .debug_abbrev  0x000004e1       0xf0 ./Core/Src/stm32g4xx_hal_msp.o
 .debug_abbrev  0x000005d1      0x1a0 ./Core/Src/stm32g4xx_it.o
 .debug_abbrev  0x00000771      0x11a ./Core/Src/system_stm32g4xx.o
 .debug_abbrev  0x0000088b       0x24 ./Core/Startup/startup_stm32g474retx.o
 .debug_abbrev  0x000008af      0x2fb ./Drivers/BSP/STM32G4xx_Nucleo/stm32g4xx_nucleo.o
 .debug_abbrev  0x00000baa      0x271 ./Drivers/STM32G4xx_HAL_Driver/Src/stm32g4xx_hal.o
 .debug_abbrev  0x00000e1b      0x31c ./Drivers/STM32G4xx_HAL_Driver/Src/stm32g4xx_hal_cortex.o
 .debug_abbrev  0x00001137      0x1b1 ./Drivers/STM32G4xx_HAL_Driver/Src/stm32g4xx_hal_exti.o
 .debug_abbrev  0x000012e8      0x1d2 ./Drivers/STM32G4xx_HAL_Driver/Src/stm32g4xx_hal_gpio.o
 .debug_abbrev  0x000014ba      0x22c ./Drivers/STM32G4xx_HAL_Driver/Src/stm32g4xx_hal_pwr_ex.o
 .debug_abbrev  0x000016e6      0x2c9 ./Drivers/STM32G4xx_HAL_Driver/Src/stm32g4xx_hal_rcc.o
 .debug_abbrev  0x000019af      0x304 ./Drivers/STM32G4xx_HAL_Driver/Src/stm32g4xx_hal_uart.o
 .debug_abbrev  0x00001cb3      0x1a9 ./Drivers/STM32G4xx_HAL_Driver/Src/stm32g4xx_ll_adc.o
 .debug_abbrev  0x00001e5c      0x23c ./Drivers/STM32G4xx_HAL_Driver/Src/stm32g4xx_ll_gpio.o
 .debug_abbrev  0x00002098      0x234 ./Drivers/STM32G4xx_HAL_Driver/Src/stm32g4xx_ll_rcc.o
 .debug_abbrev  0x000022cc      0x23e ./Drivers/STM32G4xx_HAL_Driver/Src/stm32g4xx_ll_tim.o
 .debug_abbrev  0x0000250a      0x1de ./Drivers/STM32G4xx_HAL_Driver/Src/stm32g4xx_ll_usart.o
 .debug_abbrev  0x000026e8      0x25e ./Drivers/STM32G4xx_HAL_Driver/Src/stm32g4xx_ll_utils.o

.debug_aranges  0x00000000     0x11b8
 .debug_aranges
                0x00000000       0x20 ./Core/CustomDriverSet/SrcDriver/TwoDimSoundLoc.o
 .debug_aranges
                0x00000020      0x298 ./Core/Src/main.o
 .debug_aranges
                0x000002b8       0x20 ./Core/Src/stm32g4xx_hal_msp.o
 .debug_aranges
                0x000002d8       0xa8 ./Core/Src/stm32g4xx_it.o
 .debug_aranges
                0x00000380       0x28 ./Core/Src/system_stm32g4xx.o
 .debug_aranges
                0x000003a8       0x28 ./Core/Startup/startup_stm32g474retx.o
 .debug_aranges
                0x000003d0       0xc8 ./Drivers/BSP/STM32G4xx_Nucleo/stm32g4xx_nucleo.o
 .debug_aranges
                0x00000498      0x148 ./Drivers/STM32G4xx_HAL_Driver/Src/stm32g4xx_hal.o
 .debug_aranges
                0x000005e0      0x128 ./Drivers/STM32G4xx_HAL_Driver/Src/stm32g4xx_hal_cortex.o
 .debug_aranges
                0x00000708       0x60 ./Drivers/STM32G4xx_HAL_Driver/Src/stm32g4xx_hal_exti.o
 .debug_aranges
                0x00000768       0x58 ./Drivers/STM32G4xx_HAL_Driver/Src/stm32g4xx_hal_gpio.o
 .debug_aranges
                0x000007c0      0x140 ./Drivers/STM32G4xx_HAL_Driver/Src/stm32g4xx_hal_pwr_ex.o
 .debug_aranges
                0x00000900       0x98 ./Drivers/STM32G4xx_HAL_Driver/Src/stm32g4xx_hal_rcc.o
 .debug_aranges
                0x00000998      0x248 ./Drivers/STM32G4xx_HAL_Driver/Src/stm32g4xx_hal_uart.o
 .debug_aranges
                0x00000be0       0xd0 ./Drivers/STM32G4xx_HAL_Driver/Src/stm32g4xx_ll_adc.o
 .debug_aranges
                0x00000cb0       0x70 ./Drivers/STM32G4xx_HAL_Driver/Src/stm32g4xx_ll_gpio.o
 .debug_aranges
                0x00000d20      0x1c8 ./Drivers/STM32G4xx_HAL_Driver/Src/stm32g4xx_ll_rcc.o
 .debug_aranges
                0x00000ee8      0x148 ./Drivers/STM32G4xx_HAL_Driver/Src/stm32g4xx_ll_tim.o
 .debug_aranges
                0x00001030       0x88 ./Drivers/STM32G4xx_HAL_Driver/Src/stm32g4xx_ll_usart.o
 .debug_aranges
                0x000010b8      0x100 ./Drivers/STM32G4xx_HAL_Driver/Src/stm32g4xx_ll_utils.o

.debug_rnglists
                0x00000000      0xd6a
 .debug_rnglists
                0x00000000       0x14 ./Core/CustomDriverSet/SrcDriver/TwoDimSoundLoc.o
 .debug_rnglists
                0x00000014      0x1f2 ./Core/Src/main.o
 .debug_rnglists
                0x00000206       0x13 ./Core/Src/stm32g4xx_hal_msp.o
 .debug_rnglists
                0x00000219       0x79 ./Core/Src/stm32g4xx_it.o
 .debug_rnglists
                0x00000292       0x1a ./Core/Src/system_stm32g4xx.o
 .debug_rnglists
                0x000002ac       0x19 ./Core/Startup/startup_stm32g474retx.o
 .debug_rnglists
                0x000002c5       0x93 ./Drivers/BSP/STM32G4xx_Nucleo/stm32g4xx_nucleo.o
 .debug_rnglists
                0x00000358       0xf1 ./Drivers/STM32G4xx_HAL_Driver/Src/stm32g4xx_hal.o
 .debug_rnglists
                0x00000449       0xda ./Drivers/STM32G4xx_HAL_Driver/Src/stm32g4xx_hal_cortex.o
 .debug_rnglists
                0x00000523       0x46 ./Drivers/STM32G4xx_HAL_Driver/Src/stm32g4xx_hal_exti.o
 .debug_rnglists
                0x00000569       0x3f ./Drivers/STM32G4xx_HAL_Driver/Src/stm32g4xx_hal_gpio.o
 .debug_rnglists
                0x000005a8       0xf1 ./Drivers/STM32G4xx_HAL_Driver/Src/stm32g4xx_hal_pwr_ex.o
 .debug_rnglists
                0x00000699       0x74 ./Drivers/STM32G4xx_HAL_Driver/Src/stm32g4xx_hal_rcc.o
 .debug_rnglists
                0x0000070d      0x1f7 ./Drivers/STM32G4xx_HAL_Driver/Src/stm32g4xx_hal_uart.o
 .debug_rnglists
                0x00000904       0x9a ./Drivers/STM32G4xx_HAL_Driver/Src/stm32g4xx_ll_adc.o
 .debug_rnglists
                0x0000099e       0x51 ./Drivers/STM32G4xx_HAL_Driver/Src/stm32g4xx_ll_gpio.o
 .debug_rnglists
                0x000009ef      0x15a ./Drivers/STM32G4xx_HAL_Driver/Src/stm32g4xx_ll_rcc.o
 .debug_rnglists
                0x00000b49       0xfe ./Drivers/STM32G4xx_HAL_Driver/Src/stm32g4xx_ll_tim.o
 .debug_rnglists
                0x00000c47       0x64 ./Drivers/STM32G4xx_HAL_Driver/Src/stm32g4xx_ll_usart.o
 .debug_rnglists
                0x00000cab       0xbf ./Drivers/STM32G4xx_HAL_Driver/Src/stm32g4xx_ll_utils.o

.debug_macro    0x00000000    0x2d017
 .debug_macro   0x00000000      0x274 ./Core/CustomDriverSet/SrcDriver/TwoDimSoundLoc.o
 .debug_macro   0x00000274      0xae4 ./Core/CustomDriverSet/SrcDriver/TwoDimSoundLoc.o
 .debug_macro   0x00000d58      0x155 ./Core/CustomDriverSet/SrcDriver/TwoDimSoundLoc.o
 .debug_macro   0x00000ead       0x2e ./Core/CustomDriverSet/SrcDriver/TwoDimSoundLoc.o
 .debug_macro   0x00000edb       0x28 ./Core/CustomDriverSet/SrcDriver/TwoDimSoundLoc.o
 .debug_macro   0x00000f03       0x22 ./Core/CustomDriverSet/SrcDriver/TwoDimSoundLoc.o
 .debug_macro   0x00000f25       0x8e ./Core/CustomDriverSet/SrcDriver/TwoDimSoundLoc.o
 .debug_macro   0x00000fb3       0x51 ./Core/CustomDriverSet/SrcDriver/TwoDimSoundLoc.o
 .debug_macro   0x00001004      0x103 ./Core/CustomDriverSet/SrcDriver/TwoDimSoundLoc.o
 .debug_macro   0x00001107       0x6a ./Core/CustomDriverSet/SrcDriver/TwoDimSoundLoc.o
 .debug_macro   0x00001171      0x1df ./Core/CustomDriverSet/SrcDriver/TwoDimSoundLoc.o
 .debug_macro   0x00001350       0x1c ./Core/CustomDriverSet/SrcDriver/TwoDimSoundLoc.o
 .debug_macro   0x0000136c       0x22 ./Core/CustomDriverSet/SrcDriver/TwoDimSoundLoc.o
 .debug_macro   0x0000138e       0xfb ./Core/CustomDriverSet/SrcDriver/TwoDimSoundLoc.o
 .debug_macro   0x00001489     0x1011 ./Core/CustomDriverSet/SrcDriver/TwoDimSoundLoc.o
 .debug_macro   0x0000249a      0x11f ./Core/CustomDriverSet/SrcDriver/TwoDimSoundLoc.o
 .debug_macro   0x000025b9    0x18b8c ./Core/CustomDriverSet/SrcDriver/TwoDimSoundLoc.o
 .debug_macro   0x0001b145       0x6d ./Core/CustomDriverSet/SrcDriver/TwoDimSoundLoc.o
 .debug_macro   0x0001b1b2     0x3558 ./Core/CustomDriverSet/SrcDriver/TwoDimSoundLoc.o
 .debug_macro   0x0001e70a      0x190 ./Core/CustomDriverSet/SrcDriver/TwoDimSoundLoc.o
 .debug_macro   0x0001e89a       0x5c ./Core/CustomDriverSet/SrcDriver/TwoDimSoundLoc.o
 .debug_macro   0x0001e8f6     0x171f ./Core/CustomDriverSet/SrcDriver/TwoDimSoundLoc.o
 .debug_macro   0x00020015      0x600 ./Core/CustomDriverSet/SrcDriver/TwoDimSoundLoc.o
 .debug_macro   0x00020615      0x1b6 ./Core/CustomDriverSet/SrcDriver/TwoDimSoundLoc.o
 .debug_macro   0x000207cb      0x34a ./Core/CustomDriverSet/SrcDriver/TwoDimSoundLoc.o
 .debug_macro   0x00020b15      0x53c ./Core/CustomDriverSet/SrcDriver/TwoDimSoundLoc.o
 .debug_macro   0x00021051      0x18b ./Core/CustomDriverSet/SrcDriver/TwoDimSoundLoc.o
 .debug_macro   0x000211dc       0x43 ./Core/CustomDriverSet/SrcDriver/TwoDimSoundLoc.o
 .debug_macro   0x0002121f      0x23d ./Core/CustomDriverSet/SrcDriver/TwoDimSoundLoc.o
 .debug_macro   0x0002145c      0x211 ./Core/CustomDriverSet/SrcDriver/TwoDimSoundLoc.o
 .debug_macro   0x0002166d      0x45c ./Core/CustomDriverSet/SrcDriver/TwoDimSoundLoc.o
 .debug_macro   0x00021ac9      0x11c ./Core/CustomDriverSet/SrcDriver/TwoDimSoundLoc.o
 .debug_macro   0x00021be5      0x122 ./Core/CustomDriverSet/SrcDriver/TwoDimSoundLoc.o
 .debug_macro   0x00021d07      0x3d1 ./Core/CustomDriverSet/SrcDriver/TwoDimSoundLoc.o
 .debug_macro   0x000220d8      0x693 ./Core/CustomDriverSet/SrcDriver/TwoDimSoundLoc.o
 .debug_macro   0x0002276b       0xa6 ./Core/CustomDriverSet/SrcDriver/TwoDimSoundLoc.o
 .debug_macro   0x00022811      0x358 ./Core/CustomDriverSet/SrcDriver/TwoDimSoundLoc.o
 .debug_macro   0x00022b69       0x61 ./Core/CustomDriverSet/SrcDriver/TwoDimSoundLoc.o
 .debug_macro   0x00022bca       0x2a ./Core/CustomDriverSet/SrcDriver/TwoDimSoundLoc.o
 .debug_macro   0x00022bf4       0x43 ./Core/CustomDriverSet/SrcDriver/TwoDimSoundLoc.o
 .debug_macro   0x00022c37       0x34 ./Core/CustomDriverSet/SrcDriver/TwoDimSoundLoc.o
 .debug_macro   0x00022c6b      0x370 ./Core/CustomDriverSet/SrcDriver/TwoDimSoundLoc.o
 .debug_macro   0x00022fdb       0x16 ./Core/CustomDriverSet/SrcDriver/TwoDimSoundLoc.o
 .debug_macro   0x00022ff1       0x4a ./Core/CustomDriverSet/SrcDriver/TwoDimSoundLoc.o
 .debug_macro   0x0002303b       0x34 ./Core/CustomDriverSet/SrcDriver/TwoDimSoundLoc.o
 .debug_macro   0x0002306f       0x10 ./Core/CustomDriverSet/SrcDriver/TwoDimSoundLoc.o
 .debug_macro   0x0002307f       0x58 ./Core/CustomDriverSet/SrcDriver/TwoDimSoundLoc.o
 .debug_macro   0x000230d7       0x8e ./Core/CustomDriverSet/SrcDriver/TwoDimSoundLoc.o
 .debug_macro   0x00023165       0x1c ./Core/CustomDriverSet/SrcDriver/TwoDimSoundLoc.o
 .debug_macro   0x00023181      0x185 ./Core/CustomDriverSet/SrcDriver/TwoDimSoundLoc.o
 .debug_macro   0x00023306      0x19b ./Core/CustomDriverSet/SrcDriver/TwoDimSoundLoc.o
 .debug_macro   0x000234a1       0x58 ./Core/CustomDriverSet/SrcDriver/TwoDimSoundLoc.o
 .debug_macro   0x000234f9      0x39e ./Core/Src/main.o
 .debug_macro   0x00023897       0x52 ./Core/Src/main.o
 .debug_macro   0x000238e9       0x22 ./Core/Src/main.o
 .debug_macro   0x0002390b      0x100 ./Core/Src/main.o
 .debug_macro   0x00023a0b       0x16 ./Core/Src/main.o
 .debug_macro   0x00023a21       0x3c ./Core/Src/main.o
 .debug_macro   0x00023a5d       0x10 ./Core/Src/main.o
 .debug_macro   0x00023a6d       0x16 ./Core/Src/main.o
 .debug_macro   0x00023a83       0x16 ./Core/Src/main.o
 .debug_macro   0x00023a99      0x146 ./Core/Src/main.o
 .debug_macro   0x00023bdf     0x1111 ./Core/Src/main.o
 .debug_macro   0x00024cf0      0x63e ./Core/Src/main.o
 .debug_macro   0x0002532e      0x2cc ./Core/Src/main.o
 .debug_macro   0x000255fa      0x652 ./Core/Src/main.o
 .debug_macro   0x00025c4c      0x1d0 ./Core/Src/main.o
 .debug_macro   0x00025e1c       0xd0 ./Core/Src/main.o
 .debug_macro   0x00025eec      0x34f ./Core/Src/main.o
 .debug_macro   0x0002623b      0x178 ./Core/Src/main.o
 .debug_macro   0x000263b3      0x1a6 ./Core/Src/main.o
 .debug_macro   0x00026559       0xa0 ./Core/Src/main.o
 .debug_macro   0x000265f9      0x231 ./Core/Src/main.o
 .debug_macro   0x0002682a      0xfc9 ./Core/Src/main.o
 .debug_macro   0x000277f3      0x40f ./Core/Src/main.o
 .debug_macro   0x00027c02      0x169 ./Core/Src/main.o
 .debug_macro   0x00027d6b       0x58 ./Core/Src/main.o
 .debug_macro   0x00027dc3      0x346 ./Core/Src/stm32g4xx_hal_msp.o
 .debug_macro   0x00028109      0x350 ./Core/Src/stm32g4xx_it.o
 .debug_macro   0x00028459      0x1ba ./Core/Src/system_stm32g4xx.o
 .debug_macro   0x00028613      0x1e7 ./Drivers/BSP/STM32G4xx_Nucleo/stm32g4xx_nucleo.o
 .debug_macro   0x000287fa       0x1c ./Drivers/BSP/STM32G4xx_Nucleo/stm32g4xx_nucleo.o
 .debug_macro   0x00028816      0x208 ./Drivers/STM32G4xx_HAL_Driver/Src/stm32g4xx_hal.o
 .debug_macro   0x00028a1e      0x1ba ./Drivers/STM32G4xx_HAL_Driver/Src/stm32g4xx_hal_cortex.o
 .debug_macro   0x00028bd8      0x1c6 ./Drivers/STM32G4xx_HAL_Driver/Src/stm32g4xx_hal_exti.o
 .debug_macro   0x00028d9e      0x1c1 ./Drivers/STM32G4xx_HAL_Driver/Src/stm32g4xx_hal_gpio.o
 .debug_macro   0x00028f5f      0x1e4 ./Drivers/STM32G4xx_HAL_Driver/Src/stm32g4xx_hal_pwr_ex.o
 .debug_macro   0x00029143      0x1fc ./Drivers/STM32G4xx_HAL_Driver/Src/stm32g4xx_hal_rcc.o
 .debug_macro   0x0002933f      0x1e5 ./Drivers/STM32G4xx_HAL_Driver/Src/stm32g4xx_hal_uart.o
 .debug_macro   0x00029524      0x26a ./Drivers/STM32G4xx_HAL_Driver/Src/stm32g4xx_ll_adc.o
 .debug_macro   0x0002978e     0x110b ./Drivers/STM32G4xx_HAL_Driver/Src/stm32g4xx_ll_adc.o
 .debug_macro   0x0002a899      0x1fc ./Drivers/STM32G4xx_HAL_Driver/Src/stm32g4xx_ll_gpio.o
 .debug_macro   0x0002aa95      0x163 ./Drivers/STM32G4xx_HAL_Driver/Src/stm32g4xx_ll_gpio.o
 .debug_macro   0x0002abf8      0x217 ./Drivers/STM32G4xx_HAL_Driver/Src/stm32g4xx_ll_rcc.o
 .debug_macro   0x0002ae0f      0x64c ./Drivers/STM32G4xx_HAL_Driver/Src/stm32g4xx_ll_rcc.o
 .debug_macro   0x0002b45b      0x273 ./Drivers/STM32G4xx_HAL_Driver/Src/stm32g4xx_ll_tim.o
 .debug_macro   0x0002b6ce      0xfc3 ./Drivers/STM32G4xx_HAL_Driver/Src/stm32g4xx_ll_tim.o
 .debug_macro   0x0002c691      0x235 ./Drivers/STM32G4xx_HAL_Driver/Src/stm32g4xx_ll_usart.o
 .debug_macro   0x0002c8c6      0x409 ./Drivers/STM32G4xx_HAL_Driver/Src/stm32g4xx_ll_usart.o
 .debug_macro   0x0002cccf      0x2ae ./Drivers/STM32G4xx_HAL_Driver/Src/stm32g4xx_ll_utils.o
 .debug_macro   0x0002cf7d       0x9a ./Drivers/STM32G4xx_HAL_Driver/Src/stm32g4xx_ll_utils.o

.debug_line     0x00000000    0x11aa4
 .debug_line    0x00000000      0x9b6 ./Core/CustomDriverSet/SrcDriver/TwoDimSoundLoc.o
 .debug_line    0x000009b6     0x174c ./Core/Src/main.o
 .debug_line    0x00002102      0xa32 ./Core/Src/stm32g4xx_hal_msp.o
 .debug_line    0x00002b34      0xc16 ./Core/Src/stm32g4xx_it.o
 .debug_line    0x0000374a      0x79d ./Core/Src/system_stm32g4xx.o
 .debug_line    0x00003ee7       0x7b ./Core/Startup/startup_stm32g474retx.o
 .debug_line    0x00003f62      0xac5 ./Drivers/BSP/STM32G4xx_Nucleo/stm32g4xx_nucleo.o
 .debug_line    0x00004a27      0xb69 ./Drivers/STM32G4xx_HAL_Driver/Src/stm32g4xx_hal.o
 .debug_line    0x00005590      0xcce ./Drivers/STM32G4xx_HAL_Driver/Src/stm32g4xx_hal_cortex.o
 .debug_line    0x0000625e      0xaa9 ./Drivers/STM32G4xx_HAL_Driver/Src/stm32g4xx_hal_exti.o
 .debug_line    0x00006d07      0xb55 ./Drivers/STM32G4xx_HAL_Driver/Src/stm32g4xx_hal_gpio.o
 .debug_line    0x0000785c      0xcc8 ./Drivers/STM32G4xx_HAL_Driver/Src/stm32g4xx_hal_pwr_ex.o
 .debug_line    0x00008524      0xfec ./Drivers/STM32G4xx_HAL_Driver/Src/stm32g4xx_hal_rcc.o
 .debug_line    0x00009510     0x35cb ./Drivers/STM32G4xx_HAL_Driver/Src/stm32g4xx_hal_uart.o
 .debug_line    0x0000cadb      0xb89 ./Drivers/STM32G4xx_HAL_Driver/Src/stm32g4xx_ll_adc.o
 .debug_line    0x0000d664      0xacd ./Drivers/STM32G4xx_HAL_Driver/Src/stm32g4xx_ll_gpio.o
 .debug_line    0x0000e131     0x13f2 ./Drivers/STM32G4xx_HAL_Driver/Src/stm32g4xx_ll_rcc.o
 .debug_line    0x0000f523      0xf05 ./Drivers/STM32G4xx_HAL_Driver/Src/stm32g4xx_ll_tim.o
 .debug_line    0x00010428      0x9b0 ./Drivers/STM32G4xx_HAL_Driver/Src/stm32g4xx_ll_usart.o
 .debug_line    0x00010dd8      0xccc ./Drivers/STM32G4xx_HAL_Driver/Src/stm32g4xx_ll_utils.o

.debug_str      0x00000000   0x114e2b
 .debug_str     0x00000000   0x114e2b ./Core/CustomDriverSet/SrcDriver/TwoDimSoundLoc.o
                              0xe5ea6 (size before relaxing)
 .debug_str     0x00114e2b   0x10ba8d ./Core/Src/main.o
 .debug_str     0x00114e2b   0x1097c3 ./Core/Src/stm32g4xx_hal_msp.o
 .debug_str     0x00114e2b   0x10984b ./Core/Src/stm32g4xx_it.o
 .debug_str     0x00114e2b    0xe2569 ./Core/Src/system_stm32g4xx.o
 .debug_str     0x00114e2b       0x73 ./Core/Startup/startup_stm32g474retx.o
 .debug_str     0x00114e2b    0xe3e4b ./Drivers/BSP/STM32G4xx_Nucleo/stm32g4xx_nucleo.o
 .debug_str     0x00114e2b    0xe327b ./Drivers/STM32G4xx_HAL_Driver/Src/stm32g4xx_hal.o
 .debug_str     0x00114e2b    0xe2f37 ./Drivers/STM32G4xx_HAL_Driver/Src/stm32g4xx_hal_cortex.o
 .debug_str     0x00114e2b    0xe2603 ./Drivers/STM32G4xx_HAL_Driver/Src/stm32g4xx_hal_exti.o
 .debug_str     0x00114e2b    0xe26f4 ./Drivers/STM32G4xx_HAL_Driver/Src/stm32g4xx_hal_gpio.o
 .debug_str     0x00114e2b    0xe2a57 ./Drivers/STM32G4xx_HAL_Driver/Src/stm32g4xx_hal_pwr_ex.o
 .debug_str     0x00114e2b    0xe2c88 ./Drivers/STM32G4xx_HAL_Driver/Src/stm32g4xx_hal_rcc.o
 .debug_str     0x00114e2b    0xe3524 ./Drivers/STM32G4xx_HAL_Driver/Src/stm32g4xx_hal_uart.o
 .debug_str     0x00114e2b    0xf2a6a ./Drivers/STM32G4xx_HAL_Driver/Src/stm32g4xx_ll_adc.o
 .debug_str     0x00114e2b    0xe3fe0 ./Drivers/STM32G4xx_HAL_Driver/Src/stm32g4xx_ll_gpio.o
 .debug_str     0x00114e2b    0xe6b98 ./Drivers/STM32G4xx_HAL_Driver/Src/stm32g4xx_ll_rcc.o
 .debug_str     0x00114e2b    0xed072 ./Drivers/STM32G4xx_HAL_Driver/Src/stm32g4xx_ll_tim.o
 .debug_str     0x00114e2b    0xe90e9 ./Drivers/STM32G4xx_HAL_Driver/Src/stm32g4xx_ll_usart.o
 .debug_str     0x00114e2b    0xe99aa ./Drivers/STM32G4xx_HAL_Driver/Src/stm32g4xx_ll_utils.o

.comment        0x00000000       0x43
 .comment       0x00000000       0x43 ./Core/CustomDriverSet/SrcDriver/TwoDimSoundLoc.o
                                 0x44 (size before relaxing)
 .comment       0x00000043       0x44 ./Core/Src/main.o
 .comment       0x00000043       0x44 ./Core/Src/stm32g4xx_hal_msp.o
 .comment       0x00000043       0x44 ./Core/Src/stm32g4xx_it.o
 .comment       0x00000043       0x44 ./Core/Src/system_stm32g4xx.o
 .comment       0x00000043       0x44 ./Drivers/BSP/STM32G4xx_Nucleo/stm32g4xx_nucleo.o
 .comment       0x00000043       0x44 ./Drivers/STM32G4xx_HAL_Driver/Src/stm32g4xx_hal.o
 .comment       0x00000043       0x44 ./Drivers/STM32G4xx_HAL_Driver/Src/stm32g4xx_hal_cortex.o
 .comment       0x00000043       0x44 ./Drivers/STM32G4xx_HAL_Driver/Src/stm32g4xx_hal_exti.o
 .comment       0x00000043       0x44 ./Drivers/STM32G4xx_HAL_Driver/Src/stm32g4xx_hal_gpio.o
 .comment       0x00000043       0x44 ./Drivers/STM32G4xx_HAL_Driver/Src/stm32g4xx_hal_pwr_ex.o
 .comment       0x00000043       0x44 ./Drivers/STM32G4xx_HAL_Driver/Src/stm32g4xx_hal_rcc.o
 .comment       0x00000043       0x44 ./Drivers/STM32G4xx_HAL_Driver/Src/stm32g4xx_hal_uart.o
 .comment       0x00000043       0x44 ./Drivers/STM32G4xx_HAL_Driver/Src/stm32g4xx_ll_adc.o
 .comment       0x00000043       0x44 ./Drivers/STM32G4xx_HAL_Driver/Src/stm32g4xx_ll_gpio.o
 .comment       0x00000043       0x44 ./Drivers/STM32G4xx_HAL_Driver/Src/stm32g4xx_ll_rcc.o
 .comment       0x00000043       0x44 ./Drivers/STM32G4xx_HAL_Driver/Src/stm32g4xx_ll_tim.o
 .comment       0x00000043       0x44 ./Drivers/STM32G4xx_HAL_Driver/Src/stm32g4xx_ll_usart.o
 .comment       0x00000043       0x44 ./Drivers/STM32G4xx_HAL_Driver/Src/stm32g4xx_ll_utils.o

.debug_frame    0x00000000     0x4cb4
 .debug_frame   0x00000000       0x34 ./Core/CustomDriverSet/SrcDriver/TwoDimSoundLoc.o
 .debug_frame   0x00000034      0xc00 ./Core/Src/main.o
 .debug_frame   0x00000c34       0x34 ./Core/Src/stm32g4xx_hal_msp.o
 .debug_frame   0x00000c68      0x24c ./Core/Src/stm32g4xx_it.o
 .debug_frame   0x00000eb4       0x58 ./Core/Src/system_stm32g4xx.o
 .debug_frame   0x00000f0c      0x31c ./Drivers/BSP/STM32G4xx_Nucleo/stm32g4xx_nucleo.o
 .debug_frame   0x00001228      0x500 ./Drivers/STM32G4xx_HAL_Driver/Src/stm32g4xx_hal.o
 .debug_frame   0x00001728      0x4e8 ./Drivers/STM32G4xx_HAL_Driver/Src/stm32g4xx_hal_cortex.o
 .debug_frame   0x00001c10      0x174 ./Drivers/STM32G4xx_HAL_Driver/Src/stm32g4xx_hal_exti.o
 .debug_frame   0x00001d84      0x14c ./Drivers/STM32G4xx_HAL_Driver/Src/stm32g4xx_hal_gpio.o
 .debug_frame   0x00001ed0      0x4fc ./Drivers/STM32G4xx_HAL_Driver/Src/stm32g4xx_hal_pwr_ex.o
 .debug_frame   0x000023cc      0x23c ./Drivers/STM32G4xx_HAL_Driver/Src/stm32g4xx_hal_rcc.o
 .debug_frame   0x00002608      0xa94 ./Drivers/STM32G4xx_HAL_Driver/Src/stm32g4xx_hal_uart.o
 .debug_frame   0x0000309c      0x398 ./Drivers/STM32G4xx_HAL_Driver/Src/stm32g4xx_ll_adc.o
 .debug_frame   0x00003434      0x1c0 ./Drivers/STM32G4xx_HAL_Driver/Src/stm32g4xx_ll_gpio.o
 .debug_frame   0x000035f4      0x798 ./Drivers/STM32G4xx_HAL_Driver/Src/stm32g4xx_ll_rcc.o
 .debug_frame   0x00003d8c      0x5d0 ./Drivers/STM32G4xx_HAL_Driver/Src/stm32g4xx_ll_tim.o
 .debug_frame   0x0000435c      0x238 ./Drivers/STM32G4xx_HAL_Driver/Src/stm32g4xx_ll_usart.o
 .debug_frame   0x00004594      0x420 ./Drivers/STM32G4xx_HAL_Driver/Src/stm32g4xx_ll_utils.o
 .debug_frame   0x000049b4      0x144 C:/ST/STM32CubeIDE_1.19.0/STM32CubeIDE/plugins/com.st.stm32cube.ide.mcu.externaltools.gnu-tools-for-stm32.13.3.rel1.win32_1.0.0.202411081344/tools/bin/../lib/gcc/arm-none-eabi/13.3.1/../../../../arm-none-eabi/lib/thumb/v7e-m+fp/hard\libc_nano.a(libc_a-findfp.o)
 .debug_frame   0x00004af8       0x20 C:/ST/STM32CubeIDE_1.19.0/STM32CubeIDE/plugins/com.st.stm32cube.ide.mcu.externaltools.gnu-tools-for-stm32.13.3.rel1.win32_1.0.0.202411081344/tools/bin/../lib/gcc/arm-none-eabi/13.3.1/../../../../arm-none-eabi/lib/thumb/v7e-m+fp/hard\libc_nano.a(libc_a-memset.o)
 .debug_frame   0x00004b18       0x20 C:/ST/STM32CubeIDE_1.19.0/STM32CubeIDE/plugins/com.st.stm32cube.ide.mcu.externaltools.gnu-tools-for-stm32.13.3.rel1.win32_1.0.0.202411081344/tools/bin/../lib/gcc/arm-none-eabi/13.3.1/../../../../arm-none-eabi/lib/thumb/v7e-m+fp/hard\libc_nano.a(libc_a-errno.o)
 .debug_frame   0x00004b38       0x2c C:/ST/STM32CubeIDE_1.19.0/STM32CubeIDE/plugins/com.st.stm32cube.ide.mcu.externaltools.gnu-tools-for-stm32.13.3.rel1.win32_1.0.0.202411081344/tools/bin/../lib/gcc/arm-none-eabi/13.3.1/../../../../arm-none-eabi/lib/thumb/v7e-m+fp/hard\libc_nano.a(libc_a-init.o)
 .debug_frame   0x00004b64       0x48 C:/ST/STM32CubeIDE_1.19.0/STM32CubeIDE/plugins/com.st.stm32cube.ide.mcu.externaltools.gnu-tools-for-stm32.13.3.rel1.win32_1.0.0.202411081344/tools/bin/../lib/gcc/arm-none-eabi/13.3.1/../../../../arm-none-eabi/lib/thumb/v7e-m+fp/hard\libm.a(libm_a-wf_asin.o)
 .debug_frame   0x00004bac       0x20 C:/ST/STM32CubeIDE_1.19.0/STM32CubeIDE/plugins/com.st.stm32cube.ide.mcu.externaltools.gnu-tools-for-stm32.13.3.rel1.win32_1.0.0.202411081344/tools/bin/../lib/gcc/arm-none-eabi/13.3.1/../../../../arm-none-eabi/lib/thumb/v7e-m+fp/hard\libm.a(libm_a-sf_fabs.o)
 .debug_frame   0x00004bcc       0x20 C:/ST/STM32CubeIDE_1.19.0/STM32CubeIDE/plugins/com.st.stm32cube.ide.mcu.externaltools.gnu-tools-for-stm32.13.3.rel1.win32_1.0.0.202411081344/tools/bin/../lib/gcc/arm-none-eabi/13.3.1/../../../../arm-none-eabi/lib/thumb/v7e-m+fp/hard\libm.a(libm_a-sf_nan.o)
 .debug_frame   0x00004bec       0x48 C:/ST/STM32CubeIDE_1.19.0/STM32CubeIDE/plugins/com.st.stm32cube.ide.mcu.externaltools.gnu-tools-for-stm32.13.3.rel1.win32_1.0.0.202411081344/tools/bin/../lib/gcc/arm-none-eabi/13.3.1/../../../../arm-none-eabi/lib/thumb/v7e-m+fp/hard\libm.a(libm_a-ef_asin.o)
 .debug_frame   0x00004c34       0x20 C:/ST/STM32CubeIDE_1.19.0/STM32CubeIDE/plugins/com.st.stm32cube.ide.mcu.externaltools.gnu-tools-for-stm32.13.3.rel1.win32_1.0.0.202411081344/tools/bin/../lib/gcc/arm-none-eabi/13.3.1/../../../../arm-none-eabi/lib/thumb/v7e-m+fp/hard\libm.a(libm_a-ef_sqrt.o)
 .debug_frame   0x00004c54       0x2c C:/ST/STM32CubeIDE_1.19.0/STM32CubeIDE/plugins/com.st.stm32cube.ide.mcu.externaltools.gnu-tools-for-stm32.13.3.rel1.win32_1.0.0.202411081344/tools/bin/../lib/gcc/arm-none-eabi/13.3.1/thumb/v7e-m+fp/hard\libgcc.a(_aeabi_uldivmod.o)
 .debug_frame   0x00004c80       0x34 C:/ST/STM32CubeIDE_1.19.0/STM32CubeIDE/plugins/com.st.stm32cube.ide.mcu.externaltools.gnu-tools-for-stm32.13.3.rel1.win32_1.0.0.202411081344/tools/bin/../lib/gcc/arm-none-eabi/13.3.1/thumb/v7e-m+fp/hard\libgcc.a(_udivmoddi4.o)

.debug_line_str
                0x00000000       0x57
 .debug_line_str
                0x00000000       0x57 ./Core/Startup/startup_stm32g474retx.o
